E:\MCUXpressoIDE_24.9.25\88MW32X\rdmw320_r0_mw_lwip_httpssrv_ota\sdmmc\host/fsl_sdmmc_host.h:149:20:SDMMCHOST_SendCardActive	8	static
../sdmmc/src/fsl_sdio.c:95:24:SDIO_SelectCard	16	static
../sdmmc/src/fsl_sdio.c:102:24:SDIO_GoIdle	16	static
../sdmmc/src/fsl_sdio.c:193:17:SDIO_SendRca	64	static
../sdmmc/src/fsl_sdio.c:230:10:SDIO_CardInActive	16	static
../sdmmc/src/fsl_sdio.c:237:17:SDIO_SendOperationCondition	72	static
../sdmmc/src/fsl_sdio.c:298:10:SDIO_IO_Write_Direct	72	static
../sdmmc/src/fsl_sdio.c:330:10:SDIO_IO_Read_Direct	72	static
../sdmmc/src/fsl_sdio.c:360:10:SDIO_IO_RW_Direct	72	static
../sdmmc/src/fsl_sdio.c:409:10:SDIO_IO_Write_Extended	96	static
../sdmmc/src/fsl_sdio.c:496:10:SDIO_IO_Read_Extended	96	static
../sdmmc/src/fsl_sdio.c:586:10:SDIO_IO_Transfer	104	static
../sdmmc/src/fsl_sdio.c:696:10:SDIO_GetCardCapability	32	static
../sdmmc/src/fsl_sdio.c:799:10:SDIO_SetBlockSize	40	static
../sdmmc/src/fsl_sdio.c:856:10:SDIO_CardReset	24	static
../sdmmc/src/fsl_sdio.c:861:10:SDIO_SetDataBusWidth	32	static
../sdmmc/src/fsl_sdio.c:923:17:SDIO_SetMaxDataBusWidth	24	static
../sdmmc/src/fsl_sdio.c:945:10:SDIO_SwitchToHighSpeed	40	static
../sdmmc/src/fsl_sdio.c:998:17:SDIO_SelectBusTiming	48	static
../sdmmc/src/fsl_sdio.c:1153:10:SDIO_SetDriverStrength	32	static
../sdmmc/src/fsl_sdio.c:1185:10:SDIO_EnableAsyncInterrupt	32	static
../sdmmc/src/fsl_sdio.c:1228:17:SDIO_DecodeCIS	24	static
../sdmmc/src/fsl_sdio.c:1317:10:SDIO_ReadCIS	312	static
../sdmmc/src/fsl_sdio.c:1413:17:SDIO_ProbeBusVoltage	32	static
../sdmmc/src/fsl_sdio.c:1511:10:SDIO_CardInit	24	static
../sdmmc/src/fsl_sdio.c:1576:6:SDIO_CardDeinit	16	static
../sdmmc/src/fsl_sdio.c:1584:10:SDIO_HostInit	16	static
../sdmmc/src/fsl_sdio.c:1609:6:SDIO_HostDeinit	16	static
../sdmmc/src/fsl_sdio.c:1619:6:SDIO_HostDoReset	16	static
../sdmmc/src/fsl_sdio.c:1624:10:SDIO_PollingCardInsert	16	static
../sdmmc/src/fsl_sdio.c:1669:6:SDIO_IsCardPresent	16	static
../sdmmc/src/fsl_sdio.c:1698:6:SDIO_SetCardPower	16	static
../sdmmc/src/fsl_sdio.c:1714:10:SDIO_Init	16	static
../sdmmc/src/fsl_sdio.c:1745:6:SDIO_Deinit	16	static
../sdmmc/src/fsl_sdio.c:1753:10:SDIO_EnableIOInterrupt	32	static
../sdmmc/src/fsl_sdio.c:1804:10:SDIO_GetPendingInterrupt	24	static
../sdmmc/src/fsl_sdio.c:1819:10:SDIO_EnableIO	40	static
../sdmmc/src/fsl_sdio.c:1890:10:SDIO_SelectIO	32	static
../sdmmc/src/fsl_sdio.c:1907:10:SDIO_AbortIO	32	static
../sdmmc/src/fsl_sdio.c:1924:6:SDIO_SetIOIRQHandler	24	static
../sdmmc/src/fsl_sdio.c:1933:10:SDIO_HandlePendingIOInterrupt	24	static
