../wifi/wlcmgr/wlan_tests.c:102:20:print_role	0	static
../wifi/wlcmgr/wlan_tests.c:287:13:dump_wlan_add_usage	8	static
E:\MCUXpressoIDE_24.9.25\88MW32X\rdmw320_r0_mw_lwip_httpsclient_ota\wifi\incl\wlcmgr/wlan.h:2605:20:print_mac	24	static
../wifi/wlcmgr/wlan_tests.c:666:13:dump_wlan_scan_opt_usage	8	static
../wifi/wlcmgr/wlan_tests.c:675:6:test_wlan_scan_opt	168	static
../wifi/wlcmgr/wlan_tests.c:1304:13:test_wlan_8801_enable_ext_coex	32	static
../wifi/wlcmgr/wlan_tests.c:1276:13:test_wlan_send_hostcmd	32	static
../wifi/wlcmgr/wlan_tests.c:1206:13:test_wlan_host_sleep	16	static
../wifi/wlcmgr/wlan_tests.c:1162:13:test_wlan_deep_sleep_ps	8	static
../wifi/wlcmgr/wlan_tests.c:1118:13:test_wlan_ieee_ps	8	static
../wifi/wlcmgr/wlan_tests.c:1087:13:test_wlan_get_uap_sta_list	48	static
../wifi/wlcmgr/wlan_tests.c:1073:13:test_wlan_get_uap_channel	16	static
../wifi/wlcmgr/wlan_tests.c:42:13:print_address	40	static
../wifi/wlcmgr/wlan_tests.c:118:13:print_network	8	static
../wifi/wlcmgr/wlan_tests.c:1004:13:test_wlan_info	960	static
../wifi/wlcmgr/wlan_tests.c:893:13:test_wlan_stat	32	static
../wifi/wlcmgr/wlan_tests.c:982:13:test_wlan_list	488	static
../wifi/wlcmgr/wlan_tests.c:803:13:test_wlan_remove	8	static
../wifi/wlcmgr/wlan_tests.c:562:5:__scan_cb	136	static
../wifi/wlcmgr/wlan_tests.c:654:6:test_wlan_scan	8	static
../wifi/wlcmgr/wlan_tests.c:871:6:test_wlan_stop_network	480	static
../wifi/wlcmgr/wlan_tests.c:885:6:test_wlan_disconnect	8	static
../wifi/wlcmgr/wlan_tests.c:1061:13:test_wlan_address	480	static
../wifi/wlcmgr/wlan_tests.c:853:13:test_wlan_start_network	8	static
../wifi/wlcmgr/wlan_tests.c:832:13:test_wlan_connect	8	static
../wifi/wlcmgr/wlan_tests.c:1325:13:test_wlan_set_uap_bandwidth	8	static
../wifi/wlcmgr/wlan_tests.c:223:5:get_security	16	static
../wifi/wlcmgr/wlan_tests.c:321:6:test_wlan_add	528	static
../wifi/wlcmgr/wlan_tests.c:1411:5:wlan_cli_init	8	static
