E:\MCUXpressoIDE_24.9.25\88MW32X\rdmw320_r0_mw_lwip_httpssrv_ota\wifi\incl\port\os/wm_os.h:296:20:os_thread_sleep	16	static
E:\MCUXpressoIDE_24.9.25\88MW32X\rdmw320_r0_mw_lwip_httpssrv_ota\wifi\incl\port\os/wm_os.h:317:24:os_msec_to_ticks	8	static
E:\MCUXpressoIDE_24.9.25\88MW32X\rdmw320_r0_mw_lwip_httpssrv_ota\wifi\incl\port\os/wm_os.h:346:20:os_thread_self_complete	16	static
E:\MCUXpressoIDE_24.9.25\88MW32X\rdmw320_r0_mw_lwip_httpssrv_ota\wifi\incl\port\os/wm_os.h:728:19:os_mutex_create	24	static
E:\MCUXpressoIDE_24.9.25\88MW32X\rdmw320_r0_mw_lwip_httpssrv_ota\wifi\incl\port\os/wm_os.h:768:19:os_mutex_get	24	static
E:\MCUXpressoIDE_24.9.25\88MW32X\rdmw320_r0_mw_lwip_httpssrv_ota\wifi\incl\port\os/wm_os.h:794:19:os_mutex_put	24	static
E:\MCUXpressoIDE_24.9.25\88MW32X\rdmw320_r0_mw_lwip_httpssrv_ota\wifi\incl\port\os/wm_os.h:902:19:os_mutex_delete	16	static
E:\MCUXpressoIDE_24.9.25\88MW32X\rdmw320_r0_mw_lwip_httpssrv_ota\wifi\incl\port\lwip/wm_net.h:127:19:net_socket_blocking	16	static
E:\MCUXpressoIDE_24.9.25\88MW32X\rdmw320_r0_mw_lwip_httpssrv_ota\wifi\incl\port\lwip/wm_net.h:138:19:net_get_sock_error	8	static
E:\MCUXpressoIDE_24.9.25\88MW32X\rdmw320_r0_mw_lwip_httpssrv_ota\wifi\incl\port\lwip/wm_net.h:160:24:net_inet_aton	24	static
../wifi/dhcpd/dhcp-server.c:59:12:ac_add	16	static
../wifi/dhcpd/dhcp-server.c:77:17:ac_lookup_mac	16	static
../wifi/dhcpd/dhcp-server.c:96:17:ac_lookup_ip	16	static
../wifi/dhcpd/dhcp-server.c:110:13:ac_not_full	0	static
../wifi/dhcpd/dhcp-server.c:116:13:ac_valid_ip	16	static
../wifi/dhcpd/dhcp-server.c:133:13:write_u32	8	static
../wifi/dhcpd/dhcp-server.c:142:5:dhcp_server_lease_timeout	8	static
../wifi/dhcpd/dhcp-server.c:159:21:next_yiaddr	24	static
../wifi/dhcpd/dhcp-server.c:188:21:make_response	32	static
../wifi/dhcpd/dhcp-server.c:252:5:dhcp_get_ip_from_mac	16	static
../wifi/dhcpd/dhcp-server.c:262:5:dhcp_send_response	40	static
../wifi/dhcpd/dhcp-server.c:281:12:process_dhcp_message	40	static
../wifi/dhcpd/dhcp-server.c:436:13:dhcp_clean_sockets	16	static
../wifi/dhcpd/dhcp-server.c:460:6:dhcp_server	80	static
../wifi/dhcpd/dhcp-server.c:563:5:dhcp_create_and_bind_udp_socket	48	static
../wifi/dhcpd/dhcp-server.c:614:5:dhcp_server_init	24	static
../wifi/dhcpd/dhcp-server.c:666:12:send_ctrl_msg	48	static
../wifi/dhcpd/dhcp-server.c:705:5:dhcp_send_halt	16	static
../wifi/dhcpd/dhcp-server.c:720:5:dhcp_free_allocations	16	static
../wifi/dhcpd/dhcp-server.c:739:12:send_gratuitous_arp	104	static
../wifi/dhcpd/dhcp-server.c:779:13:get_broadcast_addr	8	static
../wifi/dhcpd/dhcp-server.c:787:12:get_ip_addr_from_interface	16	static
../wifi/dhcpd/dhcp-server.c:792:12:get_netmask_from_interface	16	static
../wifi/dhcpd/dhcp-server.c:797:6:dhcp_stat	48	static
