E:\MCUXpressoIDE_24.9.25\88MW32X\rdmw320_r0_mw_lwip_httpssrv_ota\wifi\incl\port\lwip/wm_net.h:138:19:net_get_sock_error	8	static
../wifi/dhcpd/dns-server.c:49:13:format_qname	32	static
../wifi/dhcpd/dns-server.c:77:21:make_answer_rr	40	static
../wifi/dhcpd/dns-server.c:107:14:parse_questions	32	static
../wifi/dhcpd/dns-server.c:145:5:process_dns_message	48	static
../wifi/dhcpd/dns-server.c:225:6:dhcp_enable_dns_server	24	static
../wifi/dhcpd/dns-server.c:251:5:dns_server_init	16	static
../wifi/dhcpd/dns-server.c:270:6:dns_process_packet	40	static
../wifi/dhcpd/dns-server.c:288:10:dns_get_nameserver	0	static
../wifi/dhcpd/dns-server.c:297:5:dns_get_maxsock	16	static
../wifi/dhcpd/dns-server.c:310:6:dns_free_allocations	8	static
