../boot2_psm/psm-v2.c:431:17:psm_calc_metadata_crc32	16	static
E:\MCUXpressoIDE_24.9.25\88MW32X\rdmw320_r0_mw_wifi_webconfig\wifi\incl\port\os/wm_os.h:1565:21:os_mem_calloc	16	static
../boot2_psm/psm-v2.c:1965:13:psm_init_new_object	24	static
../boot2_psm/psm-v2.c:447:12:psm_erase_flash	16	static
../boot2_psm/psm-v2.c:1861:13:psm_remove_index_entry	16	static
../boot2_psm/psm-v2.c:734:13:psm_reset_index	24	static
../boot2_psm/psm-v2.c:268:20:is_object_secure.isra	0	static
../boot2_psm/psm-v2.c:359:5:psm_rwlock_part	8	static
../boot2_psm/psm-v2.c:373:6:psm_rwunlock_part	0	static
../boot2_psm/psm-v2.c:394:6:psm_is_free_space	0	static
../boot2_psm/psm-v2.c:477:5:psm_read_flash	16	static
../boot2_psm/psm-v2.c:571:12:psm_write_flash	96	static
../boot2_psm/psm-v2.c:603:12:write_flag_bit.constprop	24	static
../boot2_psm/psm-v2.c:1684:12:read_and_match_name	96	static
../boot2_psm/psm-v2.c:1885:12:search_active_object.constprop	40	static
../boot2_psm/psm-v2.c:718:5:resetkey	0	static
../boot2_psm/psm-v2.c:723:5:encrypt_buf	0	static
../boot2_psm/psm-v2.c:2268:12:_psm_object_write	56	static
../boot2_psm/psm-v2.c:728:5:decrypt_buf	0	static
../boot2_psm/psm-v2.c:2339:12:_psm_object_read.part.0	32	static
../boot2_psm/psm-v2.c:1393:12:psm_copy_all_objects	168	static
../boot2_psm/psm-v2.c:1513:12:handle_recovery	48	static
../boot2_psm/psm-v2.c:795:13:psm_add_to_index	128	static
../boot2_psm/psm-v2.c:966:12:psm_part_scan	64	static
../boot2_psm/psm-v2.c:2413:12:_psm_object_close	32	static
../boot2_psm/psm-v2.c:2069:12:_psm_object_open	88	static
../boot2_psm/psm-v2.c:2469:5:psm_object_read	4	static
../boot2_psm/psm-v2.c:2483:5:psm_object_write	4	static
../boot2_psm/psm-v2.c:2503:5:psm_object_open	40	static
../boot2_psm/psm-v2.c:2622:5:psm_object_delete	64	static
../boot2_psm/psm-v2.c:2646:5:psm_object_close	24	static
../boot2_psm/psm-v2.c:2860:5:psm_module_init	48	static
../boot2_psm/psm-v2.c:2995:5:psm_module_deinit	8	static
../boot2_psm/psm-v2.c:3029:5:psm_module_init_ex	32	static
../boot2_psm/psm-v2.c:3061:5:psm_format	16	static
../boot2_psm/psm-v2.c:3097:5:psm_set_variable	88	static
../boot2_psm/psm-v2.c:3145:5:psm_get_variable	88	static
../boot2_psm/psm-v2.c:3207:5:psm_get_variable_size	80	static
../boot2_psm/psm-v2.c:3243:5:psm_register_event_callback	0	static
../boot2_psm/psm-v2.c:3250:6:psm_secure_state	0	static
../boot2_psm/psm-v2.c:3257:6:is_psm_encrypted	0	static
../boot2_psm/psm-v2.c:3372:6:psm_objects_list	112	static
