E:\MCUXpressoIDE_24.9.25\88MW32X\rdmw320_r0_mw_lwip_httpssrv_ota\CMSIS/core_cm4.h:1933:34:__NVIC_SystemReset	0	static
../source/lwip_httpssrv_ota.c:144:12:ssi_ota_status	24	static
../source/lwip_httpssrv_ota.c:152:12:ssi_disabled_input	24	static
../source/lwip_httpssrv_ota.c:205:12:multipart_read_init	24	static
../source/lwip_httpssrv_ota.c:286:12:multipart_proc_header	32	static
../source/lwip_httpssrv_ota.c:314:13:multipart_clear_headers	16	static
../source/lwip_httpssrv_ota.c:319:12:multipart_read_headers	32	static
../source/lwip_httpssrv_ota.c:394:16:multipart_read_data	40	static
../source/lwip_httpssrv_ota.c:487:17:calculate_image_crc	160	static
../source/lwip_httpssrv_ota.c:515:9:validate_update_image	64	static
../source/lwip_httpssrv_ota.c:558:9:store_update_image	544	static
../source/lwip_httpssrv_ota.c:589:12:cgi_ota_upload	56	static
../source/lwip_httpssrv_ota.c:680:6:reboot_timer_callback	16	static
../source/lwip_httpssrv_ota.c:686:12:cgi_ota_reboot	56	static
../source/lwip_httpssrv_ota.c:733:12:cgi_ota_accept	48	static
../source/lwip_httpssrv_ota.c:776:13:http_server_socket_init	64	static
../source/lwip_httpssrv_ota.c:815:13:main_thread	16	static
../source/lwip_httpssrv_ota.c:828:5:main	64	static
