../wifi/wps/wmcrypto.c:61:7:mrvl_dh_setup_key	56	static
../wifi/wps/wmcrypto.c:148:5:mrvl_dh_compute_key	64	static
../wifi/wps/wmcrypto.c:231:6:mrvl_dh_free	24	static
../wifi/wps/wmcrypto.c:238:13:sha1_vector	120	static
../wifi/wps/wmcrypto.c:252:10:mrvl_sha1_vector	24	static
../wifi/wps/wmcrypto.c:263:13:md5_vector	120	static
../wifi/wps/wmcrypto.c:277:17:mrvl_md5_vector	24	static
../wifi/wps/wmcrypto.c:283:10:mrvl_sha256_vector	80	static
../wifi/wps/wmcrypto.c:305:6:mrvl_sha256	136	static
../wifi/wps/wmcrypto.c:325:10:mrvl_hmac_sha256	152	static
../wifi/wps/wmcrypto.c:402:5:mrvl_kdf	200	static
../wifi/wps/wmcrypto.c:457:5:mrvl_aes_wrap	296	static
../wifi/wps/wmcrypto.c:525:5:mrvl_aes_unwrap	296	static
../wifi/wps/wmcrypto.c:553:5:mrvl_aes_wrap_ext	40	static
../wifi/wps/wmcrypto.c:581:5:mrvl_aes_unwrap_ext	48	static
../wifi/wps/wmcrypto.c:608:6:mrvl_crypto_hmac_md5	40	static
../wifi/wps/wmcrypto.c:637:6:mrvl_crypto_md5	112	static
../wifi/wps/wmcrypto.c:653:6:pbkdf2_sha1	56	static
../wifi/wps/wmcrypto.c:685:6:mrvl_crypto_pass_to_key	32	static
../wifi/wps/wmcrypto.c:706:12:mrvl_passwordhash	32	static
../wifi/wps/wmcrypto.c:716:16:mrvl_get_hex_nibble	8	static
../wifi/wps/wmcrypto.c:731:5:mrvl_generate_psk	32	static
../wifi/wps/wmcrypto.c:773:6:hmac_md5_vector	168	static
../wifi/wps/wmcrypto.c:855:5:hmac_sha1_vector	168	static
../wifi/wps/wmcrypto.c:938:6:hmac_md5	40	static
../wifi/wps/wmcrypto.c:956:5:hmac_sha1	40	static
../wifi/wps/wmcrypto.c:967:6:mrvl_hmac_md5	32	static
../wifi/wps/wmcrypto.c:993:5:mrvl_tls_prf	192	static
../wifi/wps/wmcrypto.c:1085:5:mrvl_sha1_prf	104	static
