E:\MCUXpressoIDE_24.9.25\88MW32X\rdmw320_r0_mw_lwip_httpssrv_ota\wifi\incl\port\os/wm_os.h:296:20:os_thread_sleep	16	static
E:\MCUXpressoIDE_24.9.25\88MW32X\rdmw320_r0_mw_lwip_httpssrv_ota\wifi\incl\port\os/wm_os.h:317:24:os_msec_to_ticks	8	static
../wifi/wps/wps.h:125:20:wps_hexdump	16	static
../wifi/wps/wps_start.c:76:12:is_mac_all_zero	16	static
../wifi/wps/wps_start.c:94:6:wps_generate_PIN	48	static
../wifi/wps/wps_start.c:144:5:wps_validate_pin	32	static
../wifi/wps/wps_start.c:183:5:wps_enrollee_start	32	static
../wifi/wps/wps_start.c:461:5:wps_registrar_start	8	static
