E:\MCUXpressoIDE_24.9.25\88MW32X\rdmw320_r0_mw_lwip_httpssrv_ota\wifi\incl\port\os/wm_os.h:114:24:os_ticks_get	8	static
../wifi/wps/wps.h:125:20:wps_hexdump	16	static
../wifi/wps/wps_msg.c:166:14:N8_Digits	16	static
../wifi/wps/wps_msg.c:188:12:wps_eap_message_header_prepare	24	static
../wifi/wps/wps_msg.c:215:12:wps_attribute_version_prepare	32	static
../wifi/wps/wps_msg.c:247:12:wps_subele_version2_prepare	24	static
../wifi/wps/wps_msg.c:331:12:wps_attribute_vendor_ext_prepare	24	static
../wifi/wps/wps_msg.c:353:12:wps_attribute_message_type_prepare	24	static
../wifi/wps/wps_msg.c:381:12:wps_attribute_uuid_prepare	24	static
../wifi/wps/wps_msg.c:419:12:wps_attribute_mac_address_prepare	24	static
../wifi/wps/wps_msg.c:447:12:wps_attribute_nonce_prepare	40	static
../wifi/wps/wps_msg.c:486:12:wps_attribute_public_key_prepare	56	static
../wifi/wps/wps_msg.c:545:12:wps_attribute_primary_device_type_prepare	24	static
../wifi/wps/wps_msg.c:576:12:wps_message_common_attribute_prepare	32	static
../wifi/wps/wps_msg.c:627:12:wps_attribute_authenticator_prepare	72	static
../wifi/wps/wps_msg.c:663:12:wps_authenticator_generate	40	static
../wifi/wps/wps_msg.c:716:5:output_supp_config	344	static
../wifi/wps/wps_msg.c:1041:5:wps_write_credentials	32	static
../wifi/wps/wps_msg.c:1108:12:ComputeChecksum	16	static
../wifi/wps/wps_msg.c:1135:5:wps_generate_pin	24	static
../wifi/wps/wps_msg.c:1163:19:wps_process_encryption_type_flags	16	static
../wifi/wps/wps_msg.c:1176:19:wps_process_authentication_type_flags	16	static
../wifi/wps/wps_msg.c:1193:5:wps_eap_response_identity_prepare	40	static
../wifi/wps/wps_msg.c:1414:5:wps_eap_response_identity_process	16	static
../wifi/wps/wps_msg.c:1458:5:wps_eap_request_identity_prepare	8	static
../wifi/wps/wps_msg.c:1470:5:wps_eap_request_identity_process	24	static
../wifi/wps/wps_msg.c:1494:5:wps_eap_M1_frame_prepare	64	static
../wifi/wps/wps_msg.c:1765:12:wps_process_wfa_vendor_ext	56	static
../wifi/wps/wps_msg.c:1842:12:wps_process_attrib_vendor_ext	32	static
../wifi/wps/wps_msg.c:2043:5:wps_eap_M1_frame_process	16	static
../wifi/wps/wps_msg.c:2057:12:wps_authenticator_validate	72	static
../wifi/wps/wps_msg.c:2092:12:wps_derive_kdk	72	static
../wifi/wps/wps_msg.c:2442:5:wps_eap_M2_frame_prepare	8	static
../wifi/wps/wps_msg.c:2456:5:wps_eap_M2_frame_process	96	static
../wifi/wps/wps_msg.c:2889:5:wps_eap_M2D_frame_prepare	8	static
../wifi/wps/wps_msg.c:2902:5:wps_eap_M2D_frame_process	56	static
../wifi/wps/wps_msg.c:3048:5:wps_eap_M3_frame_prepare	128	static
../wifi/wps/wps_msg.c:3313:5:wps_eap_M3_frame_process	16	static
../wifi/wps/wps_msg.c:3526:5:wps_eap_M4_frame_prepare	8	static
../wifi/wps/wps_msg.c:3540:5:wps_eap_M4_frame_process	112	static
../wifi/wps/wps_msg.c:3708:5:wps_eap_M5_frame_prepare	80	static
../wifi/wps/wps_msg.c:3996:5:wps_eap_M5_frame_process	16	static
../wifi/wps/wps_msg.c:4137:5:wps_eap_M6_frame_prepare	8	static
../wifi/wps/wps_msg.c:4151:5:wps_eap_M6_frame_process	112	static
../wifi/wps/wps_msg.c:4386:5:wps_eap_M7_frame_prepare	80	static
../wifi/wps/wps_msg.c:4721:5:wps_eap_M7_frame_process	16	static
../wifi/wps/wps_msg.c:5012:5:wps_eap_M8_frame_prepare	8	static
../wifi/wps/wps_msg.c:5150:5:wps_eap_M8_frame_process	112	static
../wifi/wps/wps_msg.c:5434:5:wps_done_message_prepare	56	static
../wifi/wps/wps_msg.c:5563:5:wps_done_message_process	16	static
../wifi/wps/wps_msg.c:5601:5:wps_eap_request_start_prepare	8	static
../wifi/wps/wps_msg.c:5615:5:wps_eap_request_start_process	32	static
../wifi/wps/wps_msg.c:5650:5:wps_nack_message_prepare	64	static
../wifi/wps/wps_msg.c:5726:5:wps_ack_message_prepare	56	static
../wifi/wps/wps_msg.c:5812:5:wps_eap_fail_frame_prepare	8	static
../wifi/wps/wps_msg.c:5824:5:wps_eapol_start_prepare	16	static
../wifi/wps/wps_msg.c:5844:5:wps_nack_message_remap	16	static
../wifi/wps/wps_msg.c:5862:5:wps_ack_message_process	40	static
../wifi/wps/wps_msg.c:5934:5:wps_nack_message_process	40	static
../wifi/wps/wps_msg.c:6009:5:wps_dummy	16	static
../wifi/wps/wps_msg.c:6022:7:wps_selected_registrar_config_method_prepare	32	static
../wifi/wps/wps_msg.c:6403:5:wps_sta_assoc_request_prepare	48	static
