E:\MCUXpressoIDE_24.9.25\88MW32X\rdmw320_r0_mw_lwip_httpssrv_ota\wifi\incl\port\os/wm_os.h:296:20:os_thread_sleep	16	static
E:\MCUXpressoIDE_24.9.25\88MW32X\rdmw320_r0_mw_lwip_httpssrv_ota\wifi\incl\port\os/wm_os.h:317:24:os_msec_to_ticks	8	static
../wifi/wps/wps.h:125:20:wps_hexdump	16	static
../wifi/wps/wps_state.c:287:6:wps_debug_print_msgtype	8	static
../wifi/wps/wps_state.c:291:13:wps_debug_print_state	8	static
../wifi/wps/wps_state.c:303:12:wps_get_message_type	40	static
../wifi/wps/wps_state.c:367:12:wps_enrollee_state_check	24	static
../wifi/wps/wps_state.c:445:12:wps_enrollee_state_transition	24	static
../wifi/wps/wps_state.c:1588:12:wps_eap_request_message_handler	32	static
../wifi/wps/wps_state.c:2345:5:wps_registrar_state_check	8	static
../wifi/wps/wps_state.c:2350:5:wps_registrar_state_transition	8	static
../wifi/wps/wps_state.c:2363:5:wps_maximum_nack_handler	16	static
../wifi/wps/wps_state.c:2664:6:wps_message_handler	40	static
../wifi/wps/wps_state.c:2963:5:wps_msg_transmit	40	static
../wifi/wps/wps_state.c:3121:12:wps_sta_check_link_active	48	static
../wifi/wps/wps_state.c:3203:12:retransmit_last_tx_pkt	32	static
../wifi/wps/wps_state.c:3237:6:wps_txTimer_handler	40	static
../wifi/wps/wps_state.c:3397:6:wps_start_registration_timer	24	static
../wifi/wps/wps_state.c:3416:5:wps_state_machine_start	24	static
../wifi/wps/wps_state.c:3442:6:wps_registration_time_handler	32	static
../wifi/wps/wps_state.c:3573:6:wps_eapol_start_handler	16	static
../wifi/wps/wps_state.c:3597:6:wps_reset_wps_state	16	static
