E:\MCUXpressoIDE_24.9.25\88MW32X\rdmw320_r0_mw_lwip_httpssrv_ota\wifi\incl\port\os/wm_os.h:114:24:os_ticks_get	8	static
E:\MCUXpressoIDE_24.9.25\88MW32X\rdmw320_r0_mw_lwip_httpssrv_ota\wifi\incl\port\os/wm_os.h:226:19:os_thread_create	40	static
E:\MCUXpressoIDE_24.9.25\88MW32X\rdmw320_r0_mw_lwip_httpssrv_ota\wifi\incl\port\os/wm_os.h:260:19:os_thread_delete	16	static
E:\MCUXpressoIDE_24.9.25\88MW32X\rdmw320_r0_mw_lwip_httpssrv_ota\wifi\incl\port\os/wm_os.h:444:19:os_queue_send	32	static
E:\MCUXpressoIDE_24.9.25\88MW32X\rdmw320_r0_mw_lwip_httpssrv_ota\wifi\incl\port\os/wm_os.h:495:19:os_queue_recv	32	static
E:\MCUXpressoIDE_24.9.25\88MW32X\rdmw320_r0_mw_lwip_httpssrv_ota\wifi\incl\port\os/wm_os.h:518:19:os_queue_delete	16	static
../wifi/wps/wps.h:125:20:wps_hexdump	16	static
../wifi/wps/wps_main.c:136:12:wps_private_info_allocate	24	static
../wifi/wps/wps_main.c:197:6:wps_set_device_password_id	24	static
../wifi/wps/wps_main.c:274:6:wps_generate_nonce_16B	32	static
../wifi/wps/wps_main.c:301:6:wps_generate_uuid_using_mac_addr	80	static
../wifi/wps/wps_main.c:337:12:wps_parameter_initialization	40	static
../wifi/wps/wps_main.c:514:11:wps_get_private_info	0	static
../wifi/wps/wps_main.c:519:5:wps_get_local_config_methods	0	static
../wifi/wps/wps_main.c:532:12:wps_session_init	24	static
../wifi/wps/wps_main.c:550:12:wps_session_start	24	static
../wifi/wps/wps_main.c:626:6:wps_session_deinit	8	static
../wifi/wps/wps_main.c:664:6:wps_shutdown	8	static
../wifi/wps/wps_main.c:674:5:wps_connect	32	static
../wifi/wps/wps_main.c:741:13:wps_main	24	static
../wifi/wps/wps_main.c:987:12:wps_cleanup	16	static
../wifi/wps/wps_main.c:1050:5:wps_start	32	static
../wifi/wps/wps_main.c:1242:5:wps_init	16	static
../wifi/wps/wps_main.c:1311:5:wps_stop	16	static
