../wifi/wifidriver/mlan_11d.c:836:13:wlan_cmd_802_11d_domain_info	16	static
../wifi/wifidriver/mlan_11d.c:627:20:wlan_11d_send_domain_info	16	static
../wifi/wifidriver/mlan_11d.c:656:20:wlan_11d_set_domain_info.isra	32	static
../wifi/wifidriver/mlan_11d.c:1444:13:wlan_11d_handle_uap_domain_info	64	static
../wifi/wifidriver/mlan_11d.c:301:20:wlan_11d_generate_domain_info.isra	24	static
../wifi/wifidriver/mlan_11d.c:1164:13:wlan_11d_create_dnld_countryinfo	192	static
../wifi/wifidriver/mlan_11d.c:1386:13:wlan_11d_cfg_domain_info	48	static
../wifi/wifidriver/mlan_11d.c:147:10:wlan_11d_country_index_2_string	0	static
../wifi/wifidriver/mlan_11d.c:690:8:wlan_is_station	0	static
../wifi/wifidriver/mlan_11d.c:704:8:wlan_11d_support_is_enabled	0	static
../wifi/wifidriver/mlan_11d.c:718:8:wlan_11d_is_enabled	0	static
../wifi/wifidriver/mlan_11d.c:740:7:wlan_enable_11d_support	0	static
../wifi/wifidriver/mlan_11d.c:768:7:wlan_11d_support_APIs	0	static
../wifi/wifidriver/mlan_11d.c:785:8:wlan_11d_priv_init	0	static
../wifi/wifidriver/mlan_11d.c:814:8:wlan_11d_init	8	static
../wifi/wifidriver/mlan_11d.c:894:13:wlan_11d_parse_domain_info	48	static
../wifi/wifidriver/mlan_11d.c:1264:13:wlan_11d_parse_dnld_countryinfo	352	static
../wifi/wifidriver/mlan_11d.c:1335:13:wlan_11d_prepare_dnld_domain_info_cmd	216	static
../wifi/wifidriver/mlan_11d.c:980:7:wlan_11d_chan_2_freq	8	static
../wifi/wifidriver/mlan_11d.c:1026:13:wlan_11d_set_universaltable	16	static
../wifi/wifidriver/mlan_11d.c:1102:16:wlan_11d_get_scan_type	16	static
../wifi/wifidriver/mlan_11d.c:1135:13:wlan_11d_clear_parsedtable	8	static
