E:\MCUXpressoIDE_24.9.25\88MW32X\rdmw320_r0_mw_lwip_httpssrv_ota\drivers/fsl_common.h:830:28:DisableGlobalIRQ	8	static
E:\MCUXpressoIDE_24.9.25\88MW32X\rdmw320_r0_mw_lwip_httpssrv_ota\drivers/fsl_common.h:861:24:EnableGlobalIRQ	16	static
../component/serial_manager/fsl_component_serial_manager.c:384:32:SerialManager_StartWriting	32	static
../component/serial_manager/fsl_component_serial_manager.c:432:32:SerialManager_StartReading	32	static
../component/serial_manager/fsl_component_serial_manager.c:1031:32:SerialManager_Write	32	static
../component/serial_manager/fsl_component_serial_manager.c:1048:32:SerialManager_Read	32	static
../component/serial_manager/fsl_component_serial_manager.c:1066:25:SerialManager_Init	24	static
../component/serial_manager/fsl_component_serial_manager.c:1217:25:SerialManager_Deinit	32	static
../component/serial_manager/fsl_component_serial_manager.c:1284:25:SerialManager_OpenWriteHandle	32	static
../component/serial_manager/fsl_component_serial_manager.c:1321:25:SerialManager_CloseWriteHandle	32	static
../component/serial_manager/fsl_component_serial_manager.c:1352:25:SerialManager_OpenReadHandle	32	static
../component/serial_manager/fsl_component_serial_manager.c:1392:25:SerialManager_CloseReadHandle	32	static
../component/serial_manager/fsl_component_serial_manager.c:1421:25:SerialManager_WriteBlocking	24	static
../component/serial_manager/fsl_component_serial_manager.c:1430:25:SerialManager_ReadBlocking	24	static
../component/serial_manager/fsl_component_serial_manager.c:1646:25:SerialManager_EnterLowpower	24	static
../component/serial_manager/fsl_component_serial_manager.c:1685:25:SerialManager_ExitLowpower	24	static
