../component/uart/fsl_adapter_mwuart.c:116:26:HAL_UartGetStatus	8	static
../component/uart/fsl_adapter_mwuart.c:212:19:HAL_UartInit	56	static
../component/uart/fsl_adapter_mwuart.c:283:19:HAL_UartDeinit	24	static
../component/uart/fsl_adapter_mwuart.c:304:19:HAL_UartReceiveBlocking	32	static
../component/uart/fsl_adapter_mwuart.c:326:19:HAL_UartSendBlocking	32	static
../component/uart/fsl_adapter_mwuart.c:347:19:HAL_UartEnterLowpower	16	static
../component/uart/fsl_adapter_mwuart.c:354:19:HAL_UartExitLowpower	16	static
