../drivers/fsl_aes.h:164:20:AES_SetMode	8	static
../drivers/fsl_aes.h:191:20:AES_SetMsgLen	8	static
../drivers/fsl_aes.h:202:20:AES_SetAadLen	8	static
../drivers/fsl_aes.h:227:20:AES_EnableOutMsg	8	static
../drivers/fsl_aes.h:266:20:AES_AppendMIC	8	static
../drivers/fsl_aes.h:284:20:AES_SetMICLength	8	static
../drivers/fsl_aes.h:315:20:AES_Start	8	static
../drivers/fsl_aes.h:327:20:AES_Stop	8	static
../drivers/fsl_aes.h:338:20:AES_WriteData	8	static
../drivers/fsl_aes.h:348:24:AES_ReadData	8	static
../drivers/fsl_aes.h:366:24:AES_GetStatus	8	static
../drivers/fsl_aes.c:157:17:AES_ReadWordFromArray	32	static
../drivers/fsl_aes.c:202:13:AES_WriteWordToArray	32	static
../drivers/fsl_aes.c:257:13:AES_Operation	32	static
../drivers/fsl_aes.c:313:17:AES_PrepareTagCcm	48	static
../drivers/fsl_aes.c:374:6:AES_Init	16	static
../drivers/fsl_aes.c:407:6:AES_Deinit	16	static
../drivers/fsl_aes.c:419:6:AES_Reset	16	static
../drivers/fsl_aes.c:439:6:AES_SetInputVector	8	static
../drivers/fsl_aes.c:453:6:AES_GetOutputVector	8	static
../drivers/fsl_aes.c:470:10:AES_ReadMIC	24	static
../drivers/fsl_aes.c:495:6:AES_ClearFIFO	16	static
../drivers/fsl_aes.c:519:10:AES_SetKey	32	static
../drivers/fsl_aes.c:572:10:AES_EncryptEcb	48	static
../drivers/fsl_aes.c:602:10:AES_DecryptEcb	48	static
../drivers/fsl_aes.c:632:10:AES_EncryptCbc	48	static
../drivers/fsl_aes.c:667:10:AES_DecryptCbc	48	static
../drivers/fsl_aes.c:718:10:AES_CryptCtr	88	static
../drivers/fsl_aes.c:827:10:AES_EncryptTagCcm	104	static
../drivers/fsl_aes.c:929:10:AES_DecryptTagCcm	104	static
../drivers/fsl_aes.c:1029:10:AES_CalculateMMOHash	32	static
../drivers/fsl_aes.c:1102:6:AES_SetLockFunc	8	static
../drivers/fsl_aes.c:1121:10:AES_EncryptEcbWithLock	32	static
../drivers/fsl_aes.c:1162:10:AES_DecryptEcbWithLock	32	static
../drivers/fsl_aes.c:1203:10:AES_EncryptCbcWithLock	40	static
../drivers/fsl_aes.c:1250:10:AES_DecryptCbcWithLock	40	static
../drivers/fsl_aes.c:1313:10:AES_CryptCtrWithLock	48	static
../drivers/fsl_aes.c:1367:10:AES_EncryptTagCcmWithLock	56	static
../drivers/fsl_aes.c:1424:10:AES_DecryptTagCcmWithLock	56	static
../drivers/fsl_aes.c:1471:10:AES_CalculateMMOHashWithLock	32	static
