E:\MCUXpressoIDE_24.9.25\88MW32X\rdmw320_r0_mw_lwip_httpssrv_ota\CMSIS/core_cm4.h:1679:22:__NVIC_EnableIRQ	8	static
../drivers/fsl_common.h:750:28:EnableIRQ	24	static
../drivers/fsl_uart.h:442:20:UART_Enable	8	static
../drivers/fsl_uart.h:460:20:UART_EnableHighSpeed	8	static
../drivers/fsl_uart.h:500:20:UART_SetFifoConfig	8	static
../drivers/fsl_uart.h:513:20:UART_IsFifoEnabled	8	static
../drivers/fsl_uart.h:527:20:UART_EnablCts	8	static
../drivers/fsl_uart.h:545:20:UART_EnableRts	8	static
../drivers/fsl_uart.h:574:20:UART_EnableLoop	8	static
../drivers/fsl_uart.h:592:20:UART_SetParity	8	static
../drivers/fsl_uart.h:618:20:UART_EnableStickyParity	8	static
../drivers/fsl_uart.h:636:20:UART_SetDataBits	8	static
../drivers/fsl_uart.h:647:20:UART_SetStopBits	8	static
../drivers/fsl_uart.h:658:23:UART_GetRxFifoLevel	8	static
../drivers/fsl_uart.h:696:24:UART_GetAutoBaudCount	8	static
../drivers/fsl_uart.h:772:23:UART_ReadByte	8	static
../drivers/fsl_uart.c:98:13:UART_TransferIsRxRingBufferFull	24	static
../drivers/fsl_uart.c:115:13:UART_WriteNonBlocking	32	static
../drivers/fsl_uart.c:129:13:UART_ReadNonBlocking	32	static
../drivers/fsl_uart.c:150:10:UART_GetInstance	24	static
../drivers/fsl_uart.c:183:10:UART_Init	24	static
../drivers/fsl_uart.c:233:6:UART_Deinit	16	static
../drivers/fsl_uart.c:260:6:UART_GetDefaultConfig	16	static
../drivers/fsl_uart.c:297:10:UART_GetStatusFlags	16	static
../drivers/fsl_uart.c:314:6:UART_EnableInterrupts	8	static
../drivers/fsl_uart.c:334:6:UART_DisableInterrupts	8	static
../drivers/fsl_uart.c:353:9:UART_GetEnabledInterrupts	16	static
../drivers/fsl_uart.c:378:10:UART_SetBaudRate	40	static
../drivers/fsl_uart.c:408:6:UART_SetAutoBaudConfig	16	static
../drivers/fsl_uart.c:422:6:UART_SetAutoBaud	24	static
../drivers/fsl_uart.c:440:6:UART_SetInfraredConfig	16	static
../drivers/fsl_uart.c:457:10:UART_Read9bits	24	static
../drivers/fsl_uart.c:494:10:UART_WriteBlocking	32	static
../drivers/fsl_uart.c:558:10:UART_ReadBlocking	32	static
../drivers/fsl_uart.c:645:6:UART_TransferCreateHandle	32	static
../drivers/fsl_uart.c:696:6:UART_TransferStartRingBuffer	24	static
../drivers/fsl_uart.c:719:6:UART_TransferStopRingBuffer	16	static
../drivers/fsl_uart.c:742:8:UART_TransferGetRxRingBufferLength	32	static
../drivers/fsl_uart.c:782:10:UART_TransferSendNonBlocking	32	static
../drivers/fsl_uart.c:824:10:UART_TransferGetSendCount	32	static
../drivers/fsl_uart.c:852:6:UART_TransferAbortSend	16	static
../drivers/fsl_uart.c:888:10:UART_TransferReceiveNonBlocking	48	static
../drivers/fsl_uart.c:1017:10:UART_TransferGetReceiveCount	32	static
../drivers/fsl_uart.c:1046:6:UART_TransferAbortReceive	16	static
../drivers/fsl_uart.c:1070:6:UART_TransferHandleIRQ	32	static
../drivers/fsl_uart.c:1276:6:UART_TransferHandleErrorIRQ	8	static
../drivers/fsl_uart.c:1283:6:UART0_DriverIRQHandler	8	static
../drivers/fsl_uart.c:1292:6:UART1_DriverIRQHandler	8	static
../drivers/fsl_uart.c:1301:6:UART2_DriverIRQHandler	8	static
