E:\MCUXpressoIDE_24.9.25\88MW32X\rdmw320_r0_mw_lwip_httpssrv_ota\CMSIS/core_cm4.h:1679:22:__NVIC_EnableIRQ	8	static
../drivers/fsl_common.h:750:28:EnableIRQ	24	static
../drivers/fsl_sdioc.h:333:20:SDIOC_SetBusVoltage	8	static
../drivers/fsl_sdioc.h:384:20:SDIOC_EnableInternalClock	8	static
../drivers/fsl_sdioc.h:402:20:SDIOC_EnableCardClock	8	static
../drivers/fsl_sdioc.h:429:20:SDIOC_ResetCommandLine	8	static
../drivers/fsl_sdioc.h:439:20:SDIOC_ResetDataLine	8	static
../drivers/fsl_sdioc.h:450:20:SDIOC_SetDataTimeout	8	static
../drivers/fsl_sdioc.h:540:24:SDIOC_ReadCommandResponse	8	static
../drivers/fsl_sdioc.h:619:20:SDIOC_EnableInterruptStatus	16	static
../drivers/fsl_sdioc.h:638:20:SDIOC_EnableInterruptSignal	16	static
../drivers/fsl_sdioc.h:667:24:SDIOC_GetEnabledInterruptStatus	16	static
../drivers/fsl_sdioc.h:680:20:SDIOC_ClearInterruptStatus	8	static
../drivers/fsl_sdioc.h:691:24:SDIOC_GetPresentStatus	8	static
../drivers/fsl_sdioc.c:37:17:SDIOC_GetInstance	24	static
../drivers/fsl_sdioc.c:63:10:SDIOC_SetTransferConfig	32	static
../drivers/fsl_sdioc.c:138:6:SDIOC_Init	16	static
../drivers/fsl_sdioc.c:166:6:SDIOC_Deinit	16	static
../drivers/fsl_sdioc.c:175:17:SDIOC_ReceiveCommandResponse	32	static
../drivers/fsl_sdioc.c:221:6:SDIOC_TransferCreateHandle	24	static
../drivers/fsl_sdioc.c:265:10:SDIOC_TransferDMANonBlocking	32	static
../drivers/fsl_sdioc.c:315:13:SDIOC_TransferHandleCardDetect	16	static
../drivers/fsl_sdioc.c:325:13:SDIOC_TransferHandleCommand	24	static
../drivers/fsl_sdioc.c:353:13:SDIOC_TransferHandleData	16	static
../drivers/fsl_sdioc.c:373:13:SDIOC_TransferHandleCardInterrupt	16	static
../drivers/fsl_sdioc.c:388:6:SDIOC_TransferHandleIRQ	24	static
../drivers/fsl_sdioc.c:414:6:SDIO_DriverIRQHandler	8	static
