../drivers/fsl_qspi.h:321:20:QSPI_MaskInterrupts	8	static
../drivers/fsl_qspi.h:332:24:QSPI_GetStatusFlags	8	static
../drivers/fsl_qspi.c:38:13:QSPI_MemSet	32	static
../drivers/fsl_qspi.c:55:10:QSPI_GetInstance	24	static
../drivers/fsl_qspi.c:78:6:QSPI_Init	24	static
../drivers/fsl_qspi.c:119:6:QSPI_GetDefaultConfig	16	static
../drivers/fsl_qspi.c:144:6:QSPI_Deinit	8	static
../drivers/fsl_qspi.c:153:6:QSPI_SoftwareReset	16	static
../drivers/fsl_qspi.c:172:10:QSPI_FlushFIFO	16	static
../drivers/fsl_qspi.c:199:6:QSPI_SetHeaderCount	24	static
../drivers/fsl_qspi.c:217:6:QSPI_SetSSEnable	16	static
../drivers/fsl_qspi.c:239:6:QSPI_StartTransfer	16	static
../drivers/fsl_qspi.c:263:6:QSPI_StopTransfer	8	static
../drivers/fsl_qspi.c:297:6:QSPI_WriteByte	8	static
../drivers/fsl_qspi.c:313:9:QSPI_ReadByte	16	static
../drivers/fsl_qspi.c:333:6:QSPI_WriteWord	8	static
../drivers/fsl_qspi.c:349:10:QSPI_ReadWord	8	static
../drivers/fsl_qspi.c:366:6:QSPI_SetDmaTransferConfig	8	static
../drivers/fsl_qspi.c:387:6:QSPI_WriteBlocking	32	static
../drivers/fsl_qspi.c:411:6:QSPI_ReadBlocking	32	static
