../drivers/fsl_clock.c:40:6:CLOCK_EnableClock	24	static
../drivers/fsl_clock.c:54:6:CLOCK_DisableClock	24	static
../drivers/fsl_clock.c:67:6:CLOCK_AttachClk	24	static
../drivers/fsl_clock.c:81:6:CLOCK_SetClkDiv	32	static
../drivers/fsl_clock.c:131:6:CLOCK_SetUartClkDiv	24	static
../drivers/fsl_clock.c:144:10:CLOCK_GetSysClkFreq	16	static
../drivers/fsl_clock.c:179:6:CLOCK_SetSysClkSource	24	static
../drivers/fsl_clock.c:237:6:CLOCK_EnableXtal32K	8	static
../drivers/fsl_clock.c:250:6:CLOCK_DisableXtal32K	0	static
../drivers/fsl_clock.c:260:6:CLOCK_EnableRC32M	8	static
../drivers/fsl_clock.c:273:6:CLOCK_DisableRC32M	0	static
../drivers/fsl_clock.c:290:9:CLOCK_CalibrateRC32M	16	static
../drivers/fsl_clock.c:363:6:CLOCK_EnableRC32K	0	static
../drivers/fsl_clock.c:374:6:CLOCK_DisableRC32K	0	static
../drivers/fsl_clock.c:390:9:CLOCK_CalibrateRC32K	16	static
../drivers/fsl_clock.c:479:6:CLOCK_EnableRefClk	16	static
../drivers/fsl_clock.c:498:6:CLOCK_DisableRefClk	16	static
../drivers/fsl_clock.c:509:6:CLOCK_InitSFll	16	static
../drivers/fsl_clock.c:543:6:CLOCK_DeinitSFll	0	static
../drivers/fsl_clock.c:552:6:CLOCK_InitAuPll	16	static
../drivers/fsl_clock.c:592:6:CLOCK_DeinitAuPll	0	static
../drivers/fsl_clock.c:600:6:CLOCK_UpdateAupllPostDiv	16	static
../drivers/fsl_clock.c:616:10:CLOCK_GetMainXtalFreq	8	static
../drivers/fsl_clock.c:635:10:CLOCK_GetRefClkAudFreq	8	static
../drivers/fsl_clock.c:654:10:CLOCK_GetRC32MFreq	8	static
../drivers/fsl_clock.c:673:10:CLOCK_GetXtal32KFreq	16	static
../drivers/fsl_clock.c:693:10:CLOCK_GetRC32KFreq	8	static
../drivers/fsl_clock.c:712:10:CLOCK_GetSFllFreq	80	static
../drivers/fsl_clock.c:735:17:CLOCK_GetAuPllPostDiv	24	static
../drivers/fsl_clock.c:795:10:CLOCK_GetAuPllFreq	64	static
../drivers/fsl_clock.c:822:10:CLOCK_GetCoreBusFreq	16	static
../drivers/fsl_clock.c:837:10:CLOCK_GetApbFreq	24	static
../drivers/fsl_clock.c:855:10:CLOCK_GetUartClkFreq	64	static
../drivers/fsl_clock.c:888:10:CLOCK_GetGptClkFreq	32	static
../drivers/fsl_clock.c:955:10:CLOCK_GetGptSampleClkFreq	16	static
../drivers/fsl_clock.c:971:10:CLOCK_GetSspClkFreq	32	static
../drivers/fsl_clock.c:998:10:CLOCK_GetGauClkFreq	16	static
../drivers/fsl_clock.c:1014:10:CLOCK_GetRtcClkFreq	16	static
../drivers/fsl_clock.c:1033:10:CLOCK_GetI2cClkFreq	16	static
../drivers/fsl_clock.c:1046:10:CLOCK_GetQspiClkFreq	16	static
../drivers/fsl_clock.c:1059:10:CLOCK_GetFlashCClkFreq	16	static
../drivers/fsl_clock.c:1072:10:CLOCK_GetWdtClkFreq	32	static
../drivers/fsl_clock.c:1091:10:CLOCK_GetSdioClkFreq	16	static
