E:\MCUXpressoIDE_24.9.25\88MW32X\rdmw320_r0_mw_lwip_httpssrv_ota\CMSIS/core_cm4.h:1648:22:__NVIC_SetPriorityGrouping	16	static
E:\MCUXpressoIDE_24.9.25\88MW32X\rdmw320_r0_mw_lwip_httpssrv_ota\CMSIS/core_cm4.h:1667:26:__NVIC_GetPriorityGrouping	0	static
../drivers/fsl_power.c:94:13:POWER_SaveNvicState	24	static
../drivers/fsl_power.c:139:13:POWER_RestoreNvicState	24	static
../drivers/fsl_power.c:185:6:POWER_PowerOnVddioPad	16	static
../drivers/fsl_power.c:204:6:POWER_PowerOffVddioPad	16	static
../drivers/fsl_power.c:222:6:POWER_SetVddioPadVolt	24	static
../drivers/fsl_power.c:252:6:POWER_AttachGpioIrq	24	static
../drivers/fsl_power.c:269:6:POWER_EnableAonComp	16	static
../drivers/fsl_power.c:288:6:POWER_DisableAonComp	0	static
../drivers/fsl_power.c:297:10:POWER_GetAonCompValue	0	static
../drivers/fsl_power.c:306:6:POWER_SetSleepMode	16	static
../drivers/fsl_power.c:329:13:FLASHC_Disable	8	static
../drivers/fsl_power.c:353:13:FLASHC_Enable	0	static
../drivers/fsl_power.c:359:13:FLASH_PowerDown	8	static
../drivers/fsl_power.c:400:13:POWER_SwitchOffIo	8	static
../drivers/fsl_power.c:421:13:POWER_RestoreIo	0	static
../drivers/fsl_power.c:426:13:POWER_SaveDeviceState	8	static
../drivers/fsl_power.c:465:13:POWER_RestoreDeviceState	16	static
../drivers/fsl_power.c:535:13:POWER_PrePowerMode	16	static
../drivers/fsl_power.c:587:13:POWER_PostPowerMode	16	static
../drivers/fsl_power.c:618:6:asm_mcu_pm3	0	static
../drivers/fsl_power.c:906:13:ps_wait	8	static
../drivers/fsl_power.c:916:6:POWER_EnterPowerMode	16	static
../drivers/fsl_power.c:939:6:POWER_TrimBandgapRefVoltage	16	static
