E:\MCUXpressoIDE_24.9.25\88MW32X\rdmw320_r0_mw_lwip_httpssrv_ota\wifi\incl/wm_utils.h:97:28:hex2bin	48	static
E:\MCUXpressoIDE_24.9.25\88MW32X\rdmw320_r0_mw_lwip_httpssrv_ota\wifi\incl\port\os/wm_os.h:226:19:os_thread_create	40	static
E:\MCUXpressoIDE_24.9.25\88MW32X\rdmw320_r0_mw_lwip_httpssrv_ota\wifi\incl\port\os/wm_os.h:260:19:os_thread_delete	16	static
E:\MCUXpressoIDE_24.9.25\88MW32X\rdmw320_r0_mw_lwip_httpssrv_ota\wifi\incl\port\os/wm_os.h:296:20:os_thread_sleep	16	static
E:\MCUXpressoIDE_24.9.25\88MW32X\rdmw320_r0_mw_lwip_httpssrv_ota\wifi\incl\port\os/wm_os.h:317:24:os_msec_to_ticks	8	static
E:\MCUXpressoIDE_24.9.25\88MW32X\rdmw320_r0_mw_lwip_httpssrv_ota\wifi\incl\port\os/wm_os.h:346:20:os_thread_self_complete	16	static
E:\MCUXpressoIDE_24.9.25\88MW32X\rdmw320_r0_mw_lwip_httpssrv_ota\wifi\incl\port\os/wm_os.h:444:19:os_queue_send	32	static
E:\MCUXpressoIDE_24.9.25\88MW32X\rdmw320_r0_mw_lwip_httpssrv_ota\wifi\incl\port\os/wm_os.h:495:19:os_queue_recv	32	static
E:\MCUXpressoIDE_24.9.25\88MW32X\rdmw320_r0_mw_lwip_httpssrv_ota\wifi\incl\port\os/wm_os.h:518:19:os_queue_delete	16	static
E:\MCUXpressoIDE_24.9.25\88MW32X\rdmw320_r0_mw_lwip_httpssrv_ota\wifi\incl\port\os/wm_os.h:549:29:os_enter_critical_section	8	static
E:\MCUXpressoIDE_24.9.25\88MW32X\rdmw320_r0_mw_lwip_httpssrv_ota\wifi\incl\port\os/wm_os.h:555:20:os_exit_critical_section	16	static
E:\MCUXpressoIDE_24.9.25\88MW32X\rdmw320_r0_mw_lwip_httpssrv_ota\wifi\incl\port\os/wm_os.h:984:19:os_semaphore_create	16	static
E:\MCUXpressoIDE_24.9.25\88MW32X\rdmw320_r0_mw_lwip_httpssrv_ota\wifi\incl\port\os/wm_os.h:1051:19:os_semaphore_get	24	static
E:\MCUXpressoIDE_24.9.25\88MW32X\rdmw320_r0_mw_lwip_httpssrv_ota\wifi\incl\port\os/wm_os.h:1088:19:os_semaphore_put	24	static
E:\MCUXpressoIDE_24.9.25\88MW32X\rdmw320_r0_mw_lwip_httpssrv_ota\wifi\incl\port\os/wm_os.h:1138:19:os_semaphore_delete	16	static
E:\MCUXpressoIDE_24.9.25\88MW32X\rdmw320_r0_mw_lwip_httpssrv_ota\wifi\incl\port\os/wm_os.h:1518:19:os_timer_delete	32	static
E:\MCUXpressoIDE_24.9.25\88MW32X\rdmw320_r0_mw_lwip_httpssrv_ota\wifi\incl\port\os/wm_os.h:1565:21:os_mem_calloc	24	static
E:\MCUXpressoIDE_24.9.25\88MW32X\rdmw320_r0_mw_lwip_httpssrv_ota\wifi\incl\wlcmgr/wlan.h:2605:20:print_mac	40	static
../wifi/wlcmgr/wlan.c:376:5:verify_scan_duration_value	8	static
../wifi/wlcmgr/wlan.c:385:5:verify_scan_channel_value	8	static
../wifi/wlcmgr/wlan.c:394:5:verify_split_scan_delay	8	static
../wifi/wlcmgr/wlan.c:403:5:set_scan_params	16	static
../wifi/wlcmgr/wlan.c:420:5:get_scan_params	8	static
../wifi/wlcmgr/wlan.c:428:17:wlan_map_to_wifi_wakeup_condtions	16	static
../wifi/wlcmgr/wlan.c:464:5:wlan_get_ipv4_addr	496	static
../wifi/wlcmgr/wlan.c:486:12:is_user_scanning	0	static
../wifi/wlcmgr/wlan.c:491:13:is_state	16	static
../wifi/wlcmgr/wlan.c:501:5:wlan_send_host_sleep	32	static
../wifi/wlcmgr/wlan.c:545:13:wlan_host_sleep_and_sleep_confirm	16	static
../wifi/wlcmgr/wlan.c:584:13:wlan_send_sleep_confirm	16	static
../wifi/wlcmgr/wlan.c:597:13:wlan_ieeeps_sm	24	static
../wifi/wlcmgr/wlan.c:763:13:wlan_deepsleepps_sm	24	static
../wifi/wlcmgr/wlan.c:866:12:is_bssid_any	8	static
../wifi/wlcmgr/wlan.c:873:12:security_profile_matches	24	static
../wifi/wlcmgr/wlan.c:957:12:network_matches_scan_result	56	static
../wifi/wlcmgr/wlan.c:1028:12:configure_security	32	static
../wifi/wlcmgr/wlan.c:1138:12:is_running	0	static
../wifi/wlcmgr/wlan.c:1143:12:is_uap_state	8	static
../wifi/wlcmgr/wlan.c:1148:12:is_sta_connecting	0	static
../wifi/wlcmgr/wlan.c:1154:13:is_scanning_allowed	8	static
../wifi/wlcmgr/wlan.c:1166:13:do_scan	64	static
../wifi/wlcmgr/wlan.c:1227:13:do_hidden_scan	64	static
../wifi/wlcmgr/wlan.c:1271:12:do_connect	16	static
../wifi/wlcmgr/wlan.c:1287:12:do_start	136	static
../wifi/wlcmgr/wlan.c:1337:12:do_stop	24	static
../wifi/wlcmgr/wlan.c:1363:13:do_connect_failed	16	static
../wifi/wlcmgr/wlan.c:1387:13:report_scan_results	16	static
../wifi/wlcmgr/wlan.c:1401:13:update_network_params	24	static
../wifi/wlcmgr/wlan.c:1483:12:start_association	24	static
../wifi/wlcmgr/wlan.c:1507:13:handle_scan_results	200	static
../wifi/wlcmgr/wlan.c:1626:13:wlan_disable_power_save	16	static
../wifi/wlcmgr/wlan.c:1641:13:wlan_enable_power_save	16	static
../wifi/wlcmgr/wlan.c:1667:13:wlcm_process_awake_event	8	static
../wifi/wlcmgr/wlan.c:1675:13:wlcm_process_ieeeps_event	24	static
../wifi/wlcmgr/wlan.c:1714:13:wlcm_process_deepsleep_event	24	static
../wifi/wlcmgr/wlan.c:1769:13:wlcm_process_scan_result_event	16	static
../wifi/wlcmgr/wlan.c:1797:13:wlcm_process_sta_addr_config_event	32	static
../wifi/wlcmgr/wlan.c:1864:13:wlcm_process_channel_switch_ann	16	static
../wifi/wlcmgr/wlan.c:1888:13:wlcm_process_channel_switch	16	static
../wifi/wlcmgr/wlan.c:1902:13:wlcm_process_hs_config_event	24	static
../wifi/wlcmgr/wlan.c:1928:13:wlcm_process_addba_request	16	static
../wifi/wlcmgr/wlan.c:1942:13:wlcm_process_delba_request	16	static
../wifi/wlcmgr/wlan.c:1956:13:wlcm_process_ba_stream_timeout_request	16	static
../wifi/wlcmgr/wlan.c:1972:13:wlcm_process_association_event	16	static
../wifi/wlcmgr/wlan.c:2013:13:wlcm_process_pmk_event	32	static
../wifi/wlcmgr/wlan.c:2027:13:wlcm_process_authentication_event	40	static
../wifi/wlcmgr/wlan.c:2117:13:wlcm_process_link_loss_event	32	static
../wifi/wlcmgr/wlan.c:2212:13:wlcm_process_disassoc_event	24	static
../wifi/wlcmgr/wlan.c:2235:13:wlcm_process_deauthentication_event	24	static
../wifi/wlcmgr/wlan.c:2246:13:wlcm_process_net_dhcp_config	48	static
../wifi/wlcmgr/wlan.c:2422:13:wlcm_process_net_if_config_event	40	static
../wifi/wlcmgr/wlan.c:2531:26:uap_state_machine	32	static
../wifi/wlcmgr/wlan.c:2646:13:wlcm_request_scan	56	static
../wifi/wlcmgr/wlan.c:2697:13:wlcm_deinit	16	static
../wifi/wlcmgr/wlan.c:2710:13:wlcm_request_disconnect	24	static
../wifi/wlcmgr/wlan.c:2811:13:wlcm_request_connect	32	static
../wifi/wlcmgr/wlan.c:2867:13:wlcm_request_reconnect	24	static
../wifi/wlcmgr/wlan.c:2908:13:wlcm_process_get_hw_spec_event	8	static
../wifi/wlcmgr/wlan.c:2919:26:handle_message	24	static
../wifi/wlcmgr/wlan.c:3104:12:is_uap_msg	8	static
../wifi/wlcmgr/wlan.c:3115:13:cm_main	32	static
../wifi/wlcmgr/wlan.c:3263:12:send_user_request	24	static
../wifi/wlcmgr/wlan.c:3279:13:copy_network	16	static
../wifi/wlcmgr/wlan.c:3309:12:ps_wakeup_card_cb	24	static
../wifi/wlcmgr/wlan.c:3321:5:wlan_init	32	static
../wifi/wlcmgr/wlan.c:3373:6:wlan_deinit	16	static
../wifi/wlcmgr/wlan.c:3434:13:assoc_timer_cb	16	static
../wifi/wlcmgr/wlan.c:3443:5:wlan_start	40	static
../wifi/wlcmgr/wlan.c:3551:5:wlan_stop	24	static
../wifi/wlcmgr/wlan.c:3666:6:wlan_initialize_uap_network	16	static
../wifi/wlcmgr/wlan.c:3687:5:wlan_add_network	32	static
../wifi/wlcmgr/wlan.c:3805:5:wlan_remove_network	24	static
../wifi/wlcmgr/wlan.c:3851:5:wlan_get_network_count	8	static
../wifi/wlcmgr/wlan.c:3862:5:wlan_get_current_network	16	static
../wifi/wlcmgr/wlan.c:3878:5:wlan_get_current_uap_network	16	static
../wifi/wlcmgr/wlan.c:3894:5:is_uap_started	8	static
../wifi/wlcmgr/wlan.c:3898:6:is_sta_connected	0	static
../wifi/wlcmgr/wlan.c:3903:6:is_sta_ipv4_connected	0	static
../wifi/wlcmgr/wlan.c:3915:5:wlan_get_network	24	static
../wifi/wlcmgr/wlan.c:3937:5:wlan_get_current_nf	0	static
../wifi/wlcmgr/wlan.c:3942:5:wlan_get_current_signal_strength	40	static
../wifi/wlcmgr/wlan.c:3952:5:wlan_get_average_signal_strength	40	static
../wifi/wlcmgr/wlan.c:3962:5:wlan_get_current_rssi	8	static
../wifi/wlcmgr/wlan.c:3969:5:wlan_get_network_byname	24	static
../wifi/wlcmgr/wlan.c:3990:5:wlan_disconnect	16	static
../wifi/wlcmgr/wlan.c:4010:5:wlan_connect	32	static
../wifi/wlcmgr/wlan.c:4049:5:wlan_start_network	24	static
../wifi/wlcmgr/wlan.c:4117:5:wlan_stop_network	24	static
../wifi/wlcmgr/wlan.c:4154:5:wlan_get_scan_result	24	static
../wifi/wlcmgr/wlan.c:4231:6:wlan_set_cal_data	16	static
../wifi/wlcmgr/wlan.c:4236:6:wlan_set_mac_addr	16	static
../wifi/wlcmgr/wlan.c:4248:5:wlan_scan	152	static
../wifi/wlcmgr/wlan.c:4263:12:wlan_pscan	624	static
../wifi/wlcmgr/wlan.c:4295:5:wlan_scan_with_opt	16	static
../wifi/wlcmgr/wlan.c:4342:5:wlan_get_connection_state	24	static
../wifi/wlcmgr/wlan.c:4391:13:wlan_is_ieeeps_active	0	static
../wifi/wlcmgr/wlan.c:4402:13:wlan_is_deepsleepps_active	0	static
../wifi/wlcmgr/wlan.c:4414:5:wlan_get_ps_mode	16	static
../wifi/wlcmgr/wlan.c:4438:5:wlan_get_uap_connection_state	24	static
../wifi/wlcmgr/wlan.c:4469:5:wlan_get_address	24	static
../wifi/wlcmgr/wlan.c:4498:5:wlan_get_uap_address	24	static
../wifi/wlcmgr/wlan.c:4518:5:wlan_get_mac_address	16	static
../wifi/wlcmgr/wlan.c:4529:6:wlan_wake_up_card	16	static
../wifi/wlcmgr/wlan.c:4536:6:wlan_configure_listen_interval	16	static
../wifi/wlcmgr/wlan.c:4541:6:wlan_configure_null_pkt_interval	16	static
../wifi/wlcmgr/wlan.c:4545:5:wlan_ieeeps_on	24	static
../wifi/wlcmgr/wlan.c:4571:5:wlan_ieeeps_off	8	static
../wifi/wlcmgr/wlan.c:4583:5:wlan_deepsleepps_on	16	static
../wifi/wlcmgr/wlan.c:4613:5:wlan_deepsleepps_off	8	static
../wifi/wlcmgr/wlan.c:4656:5:wlan_set_antcfg	24	static
../wifi/wlcmgr/wlan.c:4673:5:wlan_get_antcfg	24	static
../wifi/wlcmgr/wlan.c:4690:5:wlan_wlcmgr_send_msg	24	static
../wifi/wlcmgr/wlan.c:4714:5:load_wep_key	32	static
../wifi/wlcmgr/wlan.c:4755:5:get_split_scan_delay_ms	0	static
../wifi/wlcmgr/wlan.c:4760:7:wlan_get_firmware_version_ext	0	static
../wifi/wlcmgr/wlan.c:4765:14:wlan_get_uap_supported_max_clients	0	static
../wifi/wlcmgr/wlan.c:4770:5:wlan_get_uap_max_clients	16	static
../wifi/wlcmgr/wlan.c:4775:5:wlan_set_uap_max_clients	16	static
../wifi/wlcmgr/wlan.c:4798:5:wlan_get_mgmt_ie	24	static
../wifi/wlcmgr/wlan.c:4803:5:wlan_set_mgmt_ie	24	static
../wifi/wlcmgr/wlan.c:4808:5:wlan_clear_mgmt_ie	16	static
../wifi/wlcmgr/wlan.c:4813:5:wlan_set_htcapinfo	16	static
../wifi/wlcmgr/wlan.c:4818:5:wlan_set_httxcfg	16	static
../wifi/wlcmgr/wlan.c:4823:5:wlan_set_txratecfg	24	static
../wifi/wlcmgr/wlan.c:4828:5:wlan_get_txratecfg	24	static
../wifi/wlcmgr/wlan.c:4849:5:wlan_set_sta_tx_power	16	static
../wifi/wlcmgr/wlan.c:4854:5:wlan_get_sta_tx_power	16	static
../wifi/wlcmgr/wlan.c:4859:5:wlan_set_chanlist_and_txpwrlimit	24	static
../wifi/wlcmgr/wlan.c:4879:5:wlan_set_chanlist	16	static
../wifi/wlcmgr/wlan.c:4889:5:wlan_get_chanlist	16	static
../wifi/wlcmgr/wlan.c:4899:5:wlan_set_txpwrlimit	16	static
../wifi/wlcmgr/wlan.c:4909:5:wlan_get_txpwrlimit	16	static
../wifi/wlcmgr/wlan.c:4933:6:wlan_set_reassoc_control	8	static
../wifi/wlcmgr/wlan.c:4939:5:wlan_set_ed_mac_mode	16	static
../wifi/wlcmgr/wlan.c:4944:5:wlan_get_ed_mac_mode	16	static
../wifi/wlcmgr/wlan.c:4949:6:wlan_get_11d_enable_status	8	static
../wifi/wlcmgr/wlan.c:4954:5:wlan_remain_on_channel	32	static
../wifi/wlcmgr/wlan.c:4972:5:wlan_get_otp_user_data	16	static
../wifi/wlcmgr/wlan.c:4982:5:wlan_get_cal_data	16	static
../wifi/wlcmgr/wlan.c:4992:6:wlan_set_smart_mode_active	0	static
../wifi/wlcmgr/wlan.c:4997:6:wlan_set_smart_mode_inactive	0	static
../wifi/wlcmgr/wlan.c:5002:6:wlan_get_smart_mode_status	0	static
../wifi/wlcmgr/wlan.c:5007:5:wlan_get_tsf	16	static
../wifi/wlcmgr/wlan.c:5029:10:wlan_get_beacon_period	488	static
../wifi/wlcmgr/wlan.c:5047:12:pscan_cb	136	static
../wifi/wlcmgr/wlan.c:5079:9:wlan_get_dtim_period	16	static
../wifi/wlcmgr/wlan.c:5112:5:wlan_get_data_rate	16	static
../wifi/wlcmgr/wlan.c:5117:5:wlan_set_pmfcfg	16	static
../wifi/wlcmgr/wlan.c:5127:5:wlan_get_pmfcfg	16	static
../wifi/wlcmgr/wlan.c:5362:5:wlan_get_current_bssid	496	static
../wifi/wlcmgr/wlan.c:5382:9:wlan_get_current_channel	488	static
../wifi/wlcmgr/wlan.c:5397:6:wlan_sta_ampdu_tx_enable	8	static
../wifi/wlcmgr/wlan.c:5402:6:wlan_sta_ampdu_tx_disable	8	static
../wifi/wlcmgr/wlan.c:5407:6:wlan_sta_ampdu_rx_enable	8	static
../wifi/wlcmgr/wlan.c:5412:6:wlan_sta_ampdu_rx_disable	8	static
../wifi/wlcmgr/wlan.c:5417:6:wlan_uap_set_scan_chan_list	24	static
../wifi/wlcmgr/wlan.c:5423:6:wlan_uap_set_beacon_period	16	static
../wifi/wlcmgr/wlan.c:5428:5:wlan_uap_set_bandwidth	16	static
../wifi/wlcmgr/wlan.c:5433:6:wlan_uap_set_hidden_ssid	16	static
../wifi/wlcmgr/wlan.c:5438:6:wlan_uap_ctrl_deauth	16	static
../wifi/wlcmgr/wlan.c:5443:6:wlan_uap_set_ecsa	8	static
../wifi/wlcmgr/wlan.c:5448:6:wlan_uap_set_htcapinfo	16	static
../wifi/wlcmgr/wlan.c:5453:10:wlan_get_value1	8	static
../wifi/wlcmgr/wlan.c:5465:6:wlan_version_extended	16	static
../wifi/wlcmgr/wlan.c:5603:5:wlan_send_hostcmd	32	static
