E:\MCUXpressoIDE_24.9.25\88MW32X\rdmw320_r0_mw_lwip_httpsclient_ota\wifi\incl\port\os/wm_os.h:296:20:os_thread_sleep	16	static
E:\MCUXpressoIDE_24.9.25\88MW32X\rdmw320_r0_mw_lwip_httpsclient_ota\wifi\incl\port\os/wm_os.h:317:24:os_msec_to_ticks	8	static
E:\MCUXpressoIDE_24.9.25\88MW32X\rdmw320_r0_mw_lwip_httpsclient_ota\wifi\incl\port\os/wm_os.h:728:19:os_mutex_create	24	static
E:\MCUXpressoIDE_24.9.25\88MW32X\rdmw320_r0_mw_lwip_httpsclient_ota\wifi\incl\port\os/wm_os.h:768:19:os_mutex_get	24	static
E:\MCUXpressoIDE_24.9.25\88MW32X\rdmw320_r0_mw_lwip_httpsclient_ota\wifi\incl\port\os/wm_os.h:794:19:os_mutex_put	24	static
E:\MCUXpressoIDE_24.9.25\88MW32X\rdmw320_r0_mw_lwip_httpsclient_ota\wifi\incl\port\os/wm_os.h:902:19:os_mutex_delete	16	static
E:\MCUXpressoIDE_24.9.25\88MW32X\rdmw320_r0_mw_lwip_httpsclient_ota\wifi\incl\port\os/wm_os.h:984:19:os_semaphore_create	16	static
E:\MCUXpressoIDE_24.9.25\88MW32X\rdmw320_r0_mw_lwip_httpsclient_ota\wifi\incl\port\os/wm_os.h:1051:19:os_semaphore_get	24	static
E:\MCUXpressoIDE_24.9.25\88MW32X\rdmw320_r0_mw_lwip_httpsclient_ota\wifi\incl\port\os/wm_os.h:1088:19:os_semaphore_put	24	static
E:\MCUXpressoIDE_24.9.25\88MW32X\rdmw320_r0_mw_lwip_httpsclient_ota\wifi\incl\port\os/wm_os.h:1138:19:os_semaphore_delete	16	static
../wifi/port/os/os.c:36:5:os_timer_activate	32	static
../wifi/port/os/os.c:63:5:os_timer_create	40	static
../wifi/port/os/os.c:83:5:os_queue_create	24	static
../wifi/port/os/os.c:99:6:vApplicationTickHook	16	static
../wifi/port/os/os.c:110:6:vApplicationIdleHook	16	static
../wifi/port/os/os.c:121:6:os_thread_stackmark	8	static
../wifi/port/os/os.c:148:20:os_event_flags_remove_node	16	static
../wifi/port/os/os.c:160:5:os_event_flags_create	24	static
../wifi/port/os/os.c:180:5:os_event_flags_get	48	static
../wifi/port/os/os.c:345:5:os_event_flags_set	32	static
../wifi/port/os/os.c:398:5:os_event_flags_delete	32	static
../wifi/port/os/os.c:462:5:os_rwlock_create	24	static
../wifi/port/os/os.c:466:5:os_rwlock_create_with_cb	32	static
../wifi/port/os/os.c:484:5:os_rwlock_read_lock	24	static
../wifi/port/os/os.c:524:5:os_rwlock_read_unlock	24	static
../wifi/port/os/os.c:543:5:os_rwlock_write_lock	24	static
../wifi/port/os/os.c:549:6:os_rwlock_write_unlock	16	static
../wifi/port/os/os.c:554:6:os_rwlock_delete	16	static
../wifi/port/os/os.c:563:14:os_get_timestamp	16	static
