../lwip/src/core/inet_chksum.c:133:1:lwip_standard_chksum	12	static
../lwip/src/core/inet_chksum.c:260:1:inet_cksum_pseudo_base	32	static
../lwip/src/core/inet_chksum.c:399:1:inet_cksum_pseudo_partial_base	40	static
../lwip/src/core/inet_chksum.c:310:1:inet_chksum_pseudo	8	static
../lwip/src/core/inet_chksum.c:343:1:ip6_chksum_pseudo	20	static
../lwip/src/core/inet_chksum.c:379:1:ip_chksum_pseudo	20	static
../lwip/src/core/inet_chksum.c:456:1:inet_chksum_pseudo_partial	12	static
../lwip/src/core/inet_chksum.c:491:1:ip6_chksum_pseudo_partial	24	static
../lwip/src/core/inet_chksum.c:526:1:ip_chksum_pseudo_partial	24	static
../lwip/src/core/inet_chksum.c:555:1:inet_chksum	8	static
../lwip/src/core/inet_chksum.c:568:1:inet_chksum_pbuf	24	static
