../lwip/src/core/netif.c:1659:1:netif_null_output_ip6	0	static
../lwip/src/core/netif.c:162:1:netif_loopif_init	8	static
../lwip/src/core/netif.c:459:1:netif_do_ip_addr_changed	16	static
../lwip/src/core/netif.c:1252:1:netif_poll	40	static
../lwip/src/core/netif.c:902:1:netif_issue_reports	16	static
../lwip/src/core/netif.c:474:1:netif_do_set_ipaddr	40	static
../lwip/src/core/netif.c:1673:1:netif_null_output_ip4	0	static
../lwip/src/core/netif.c:228:1:netif_input	16	static
../lwip/src/core/netif.c:849:1:netif_set_default	0	static
../lwip/src/core/netif.c:1121:1:netif_loop_output	24	static
../lwip/src/core/netif.c:1227:1:netif_loop_output_ipv4	0	static
../lwip/src/core/netif.c:1236:1:netif_loop_output_ipv6	0	static
../lwip/src/core/netif.c:1518:1:netif_get_ip6_addr_match	16	static
../lwip/src/core/netif.c:1730:1:netif_get_by_index	0	static
../lwip/src/core/netif.c:1710:1:netif_index_to_name	16	static
../lwip/src/core/netif.c:1755:1:netif_find	8	static
../lwip/src/core/netif.c:1691:1:netif_name_to_index	8	static
../lwip/src/core/netif.c:1792:1:netif_add_ext_callback	16	static
../lwip/src/core/netif.c:1809:1:netif_remove_ext_callback	8	static
../lwip/src/core/netif.c:1842:1:netif_invoke_ext_callback	24	static
../lwip/src/core/netif.c:521:1:netif_set_ipaddr	56	static
../lwip/src/core/netif.c:581:1:netif_set_netmask	48	static
../lwip/src/core/netif.c:642:1:netif_set_gw	48	static
../lwip/src/core/netif.c:679:1:netif_set_addr	120	static
../lwip/src/core/netif.c:287:1:netif_add	32	static
../lwip/src/core/netif.c:250:1:netif_add_noaddr	24	static
../lwip/src/core/netif.c:871:1:netif_set_up	24	static
../lwip/src/core/netif.c:949:1:netif_set_down	24	static
../lwip/src/core/netif.c:764:1:netif_remove	24	static
../lwip/src/core/netif.c:1018:1:netif_set_link_up	24	static
../lwip/src/core/netif.c:188:1:netif_init	48	static
../lwip/src/core/netif.c:1056:1:netif_set_link_down	24	static
../lwip/src/core/netif.c:1390:1:netif_ip6_addr_set_parts	96	static
../lwip/src/core/netif.c:1368:1:netif_ip6_addr_set	24	static
../lwip/src/core/netif.c:1447:1:netif_ip6_addr_set_state	56	static
../lwip/src/core/netif.c:1551:1:netif_create_ip6_linklocal_address	16	static
../lwip/src/core/netif.c:1619:1:netif_add_ip6_address	24	static
