../boot2_partition/partition.c:38:24:part_get_table_addr_from_id	8	static
../boot2_partition/partition.c:43:24:part_get_passive_table_addr	0	static
../boot2_partition/partition.c:48:12:part_read_layout	24	static
../boot2_partition/partition.c:101:5:part_init	16	static
../boot2_partition/partition.c:125:5:part_write_layout	24	static
../boot2_partition/partition.c:165:6:part_to_flash_desc	8	static
../boot2_partition/partition.c:172:25:part_get_layout_by_id	16	static
../boot2_partition/partition.c:192:25:part_get_layout_by_name	24	static
../boot2_partition/partition.c:212:25:part_get_active_partition	8	static
../boot2_partition/partition.c:221:25:part_get_active_partition_by_name	32	static
../boot2_partition/partition.c:230:25:part_get_passive_partition	8	static
../boot2_partition/partition.c:239:25:part_get_passive_partition_by_name	32	static
../boot2_partition/partition.c:248:13:part_match	8	static
../boot2_partition/partition.c:256:5:part_set_active_partition	32	static
../boot2_partition/partition.c:277:6:part_is_flash_desc_within_one_partition	24	static
