../lwip/src/apps/httpsrv/httpsrv_supp.c:205:5:httpsrv_wait_for_conn	24	static
../lwip/src/apps/httpsrv/httpsrv_supp.c:273:6:httpsrv_destroy_server	16	static
../lwip/src/apps/httpsrv/httpsrv_supp.c:550:5:httpsrv_accept	32	static
../lwip/src/apps/httpsrv/httpsrv_supp.c:564:6:httpsrv_abort	0	static
../lwip/src/apps/httpsrv/httpsrv_supp.c:578:5:httpsrv_recv	4	static
../lwip/src/apps/httpsrv/httpsrv_supp.c:598:5:httpsrv_send	4	static
../lwip/src/apps/httpsrv/httpsrv_supp.c:1087:9:httpsrv_read	24	static
../lwip/src/apps/httpsrv/httpsrv_supp.c:1202:9:httpsrv_ses_flush	24	static
../lwip/src/apps/httpsrv/httpsrv_supp.c:1162:13:httpsrv_print	36	static
../lwip/src/apps/httpsrv/httpsrv_supp.c:629:6:httpsrv_sendhdr	16	static
../lwip/src/apps/httpsrv/httpsrv_supp.c:843:19:httpsrv_sendfile	64	static
../lwip/src/apps/httpsrv/httpsrv_supp.c:1024:9:httpsrv_write	24	static
../lwip/src/apps/httpsrv/httpsrv_supp.c:746:6:httpsrv_send_err_page	32	static
../lwip/src/apps/httpsrv/httpsrv_supp.c:1480:34:httpsrv_req_realm	16	static
../lwip/src/apps/httpsrv/httpsrv_supp.c:1500:7:httpsrv_get_query	8	static
../lwip/src/apps/httpsrv/httpsrv_supp.c:1524:10:httpsrv_req_check	8	static
../lwip/src/apps/httpsrv/httpsrv_supp.c:1581:5:httpsrv_check_auth	16	static
../lwip/src/apps/httpsrv/httpsrv_supp.c:1606:6:httpsrv_url_decode	16	static
../lwip/src/apps/httpsrv/httpsrv_supp.c:1632:6:httpsrv_url_cleanup	0	static
../lwip/src/apps/httpsrv/httpsrv_supp.c:1243:9:httpsrv_req_line	16	static
../lwip/src/apps/httpsrv/httpsrv_supp.c:1775:7:httpsrv_mem_alloc_zero	16	static
../lwip/src/apps/httpsrv/httpsrv_supp.c:226:17:httpsrv_create_server	40	static
../lwip/src/apps/httpsrv/httpsrv_supp.c:1316:9:httpsrv_req_hdr	24	static
../lwip/src/apps/httpsrv/httpsrv_supp.c:1709:7:httpsrv_path_create	24	static
