../drivers/fsl_aes.c:157:17:AES_ReadWordFromArray	32	static
../drivers/fsl_aes.c:202:13:AES_WriteWordToArray	24	static
../drivers/fsl_aes.c:419:6:AES_Reset	0	static
../drivers/fsl_aes.c:374:6:AES_Init	8	static
../drivers/fsl_aes.c:407:6:AES_Deinit	0	static
../drivers/fsl_aes.c:439:6:AES_SetInputVector	0	static
../drivers/fsl_aes.c:313:17:AES_PrepareTagCcm	48	static
../drivers/fsl_aes.c:453:6:AES_GetOutputVector	0	static
../drivers/fsl_aes.c:257:13:AES_Operation	32	static
../drivers/fsl_aes.c:470:10:AES_ReadMIC	8	static
../drivers/fsl_aes.c:495:6:AES_ClearFIFO	0	static
../drivers/fsl_aes.c:519:10:AES_SetKey	12	static
../drivers/fsl_aes.c:572:10:AES_EncryptEcb	24	static
../drivers/fsl_aes.c:602:10:AES_DecryptEcb	24	static
../drivers/fsl_aes.c:632:10:AES_EncryptCbc	32	static
../drivers/fsl_aes.c:667:10:AES_DecryptCbc	32	static
../drivers/fsl_aes.c:718:10:AES_CryptCtr	96	static
../drivers/fsl_aes.c:827:10:AES_EncryptTagCcm	104	static
../drivers/fsl_aes.c:929:10:AES_DecryptTagCcm	104	static
../drivers/fsl_aes.c:1029:10:AES_CalculateMMOHash	24	static
../drivers/fsl_aes.c:1102:6:AES_SetLockFunc	0	static
../drivers/fsl_aes.c:1121:10:AES_EncryptEcbWithLock	24	static
../drivers/fsl_aes.c:1162:10:AES_DecryptEcbWithLock	24	static
../drivers/fsl_aes.c:1203:10:AES_EncryptCbcWithLock	32	static
../drivers/fsl_aes.c:1250:10:AES_DecryptCbcWithLock	32	static
../drivers/fsl_aes.c:1313:10:AES_CryptCtrWithLock	40	static
../drivers/fsl_aes.c:1367:10:AES_EncryptTagCcmWithLock	48	static
../drivers/fsl_aes.c:1424:10:AES_DecryptTagCcmWithLock	48	static
../drivers/fsl_aes.c:1471:10:AES_CalculateMMOHashWithLock	24	static
