../wifi/wifidriver/wifi-sdio.c:496:14:wlan_get_next_seq_num	0	static
../wifi/wifidriver/wifi-sdio.c:635:12:wlan_get_fw_ver_ext.isra	40	static
../wifi/wifidriver/wifi-sdio.c:92:5:wifi_sdio_lock	8	static
../wifi/wifidriver/wifi-sdio.c:97:6:wifi_sdio_unlock	0	static
../wifi/wifidriver/wifi-sdio.c:102:10:wifi_get_device_value1	0	static
../wifi/wifidriver/wifi-sdio.c:107:5:wifi_get_device_mac_addr	8	static
../wifi/wifidriver/wifi-sdio.c:113:5:wifi_get_device_firmware_version_ext	8	static
../wifi/wifidriver/wifi-sdio.c:148:5:raw_process_pkt_hdrs	0	static
../wifi/wifidriver/wifi-sdio.c:175:6:process_pkt_hdrs	24	static
../wifi/wifidriver/wifi-sdio.c:209:5:bus_register_event_queue	0	static
../wifi/wifidriver/wifi-sdio.c:221:6:bus_deregister_event_queue	0	static
../wifi/wifidriver/wifi-sdio.c:229:5:bus_register_data_input_function	0	static
../wifi/wifidriver/wifi-sdio.c:243:6:bus_deregister_data_input_funtion	0	static
../wifi/wifidriver/wifi-sdio.c:251:13:wlan_handle_cmd_resp_packet	8	static
../wifi/wifidriver/wifi-sdio.c:401:7:get_ioport	0	static
../wifi/wifidriver/wifi-sdio.c:1039:5:wlan_send_sdio_cmd	40	static
../wifi/wifidriver/wifi-sdio.c:1067:5:wifi_send_cmdbuffer	0	static
../wifi/wifidriver/wifi-sdio.c:1167:13:wlan_xmit_pkt	56	static
../wifi/wifidriver/wifi-sdio.c:1237:8:wlan_interrupt	32	static
../wifi/wifidriver/wifi-sdio.c:1520:13:wlan_get_rd_port	16	static
../wifi/wifidriver/wifi-sdio.c:1590:20:_handle_sdio_packet_read	40	static
../wifi/wifidriver/wifi-sdio.c:1736:13:wlan_process_int_status	64	static
../wifi/wifidriver/wifi-sdio.c:1863:6:handle_cdint	16	static
../wifi/wifidriver/wifi-sdio.c:1873:5:wifi_raw_packet_recv	24	static
../wifi/wifidriver/wifi-sdio.c:1958:5:wifi_raw_packet_send	48	static
../wifi/wifidriver/wifi-sdio.c:1988:13:sd_wifi_preinit	8	static
../wifi/wifidriver/wifi-sdio.c:2021:6:sd_wifi_postsdioinit	0	static
../wifi/wifidriver/wifi-sdio.c:2026:13:sd_wifi_post_fwload	48	static
../wifi/wifidriver/wifi-sdio.c:2063:13:sd_wifi_init	24	static
../wifi/wifidriver/wifi-sdio.c:2091:6:sd_wifi_deinit	32	static
../wifi/wifidriver/wifi-sdio.c:2106:21:wifi_get_command_buffer	0	static
../wifi/wifidriver/wifi-sdio.c:2115:6:set_ioport_inmlan	0	static
