../wifi/wlcmgr/wlan_enhanced_tests.c:39:13:dump_wlan_set_pmfcfg_usage	8	static
../wifi/wlcmgr/wlan_enhanced_tests.c:54:13:wlan_pmfcfg_set	24	static
../wifi/wlcmgr/wlan_enhanced_tests.c:80:13:dump_wlan_get_pmfcfg_usage	8	static
../wifi/wlcmgr/wlan_enhanced_tests.c:86:13:wlan_pmfcfg_get	24	static
../wifi/wlcmgr/wlan_enhanced_tests.c:113:13:dump_wlan_set_antcfg_usage	8	static
../wifi/wlcmgr/wlan_enhanced_tests.c:127:13:wlan_antcfg_set	32	static
../wifi/wlcmgr/wlan_enhanced_tests.c:174:13:dump_wlan_get_antcfg_usage	8	static
../wifi/wlcmgr/wlan_enhanced_tests.c:180:13:wlan_antcfg_get	32	static
../wifi/wlcmgr/wlan_enhanced_tests.c:208:13:dump_wlan_set_ed_mac_mode_usage	8	static
../wifi/wlcmgr/wlan_enhanced_tests.c:233:13:wlan_ed_mac_mode_set	24	static
../wifi/wlcmgr/wlan_enhanced_tests.c:300:13:dump_wlan_get_ed_mac_mode_usage	8	static
../wifi/wlcmgr/wlan_enhanced_tests.c:306:13:wlan_ed_mac_mode_get	24	static
../wifi/wlcmgr/wlan_enhanced_tests.c:342:5:wlan_memrdwr_getset	32	static
../wifi/wlcmgr/wlan_enhanced_tests.c:385:13:dump_wlan_set_regioncode_usage	8	static
../wifi/wlcmgr/wlan_enhanced_tests.c:402:13:test_wlan_set_regioncode	24	static
../wifi/wlcmgr/wlan_enhanced_tests.c:427:13:test_wlan_get_regioncode	24	static
../wifi/wlcmgr/wlan_enhanced_tests.c:448:13:print_ds_rate	16	static
../wifi/wlcmgr/wlan_enhanced_tests.c:627:13:dump_wlan_set_txratecfg_usage	8	static
../wifi/wlcmgr/wlan_enhanced_tests.c:706:13:test_wlan_set_txratecfg	64	static
../wifi/wlcmgr/wlan_enhanced_tests.c:787:13:test_wlan_get_txratecfg	64	static
../wifi/wlcmgr/wlan_enhanced_tests.c:805:13:test_wlan_get_data_rate	64	static
../wifi/wlcmgr/wlan_enhanced_tests.c:823:6:print_txpwrlimit	16	static
../wifi/wlcmgr/wlan_enhanced_tests.c:853:6:print_chanlist	16	static
../wifi/wlcmgr/wlan_enhanced_tests.c:869:13:dump_wlan_get_txpwrlimit_usage	8	static
../wifi/wlcmgr/wlan_enhanced_tests.c:889:13:test_wlan_get_txpwrlimit	2024	static
../wifi/wlcmgr/wlan_enhanced_tests.c:2983:13:test_wlan_set_txpwrlimit	2016	static
../wifi/wlcmgr/wlan_enhanced_tests.c:3051:13:test_wlan_set_chanlist_and_txpwrlimit	2240	static
../wifi/wlcmgr/wlan_enhanced_tests.c:3131:13:test_wlan_set_chanlist	448	static
../wifi/wlcmgr/wlan_enhanced_tests.c:3168:13:test_wlan_get_chanlist	448	static
../wifi/wlcmgr/wlan_enhanced_tests.c:3256:5:wlan_enhanced_cli_init	8	static
