E:\MCUXpressoIDE_24.9.25\88MW32X\rdmw320_r0_mw_lwip_httpsclient_ota\wifi\incl\wlcmgr/wlan.h:2605:20:print_mac	40	static
E:\MCUXpressoIDE_24.9.25\88MW32X\rdmw320_r0_mw_lwip_httpsclient_ota\wifi\incl\port\lwip/wm_net.h:160:24:net_inet_aton	24	static
../wifi/wlcmgr/wlan_tests.c:42:13:print_address	48	static
../wifi/wlcmgr/wlan_tests.c:102:20:print_role	8	static
../wifi/wlcmgr/wlan_tests.c:118:13:print_network	24	static
../wifi/wlcmgr/wlan_tests.c:174:12:get_address	40	static
../wifi/wlcmgr/wlan_tests.c:223:5:get_security	24	static
../wifi/wlcmgr/wlan_tests.c:261:12:get_role	16	static
../wifi/wlcmgr/wlan_tests.c:287:13:dump_wlan_add_usage	8	static
../wifi/wlcmgr/wlan_tests.c:321:6:test_wlan_add	504	static
../wifi/wlcmgr/wlan_tests.c:562:5:__scan_cb	136	static
../wifi/wlcmgr/wlan_tests.c:654:6:test_wlan_scan	16	static
../wifi/wlcmgr/wlan_tests.c:666:13:dump_wlan_scan_opt_usage	8	static
../wifi/wlcmgr/wlan_tests.c:675:6:test_wlan_scan_opt	160	static
../wifi/wlcmgr/wlan_tests.c:803:13:test_wlan_remove	24	static
../wifi/wlcmgr/wlan_tests.c:832:13:test_wlan_connect	24	static
../wifi/wlcmgr/wlan_tests.c:853:13:test_wlan_start_network	24	static
../wifi/wlcmgr/wlan_tests.c:871:6:test_wlan_stop_network	496	static
../wifi/wlcmgr/wlan_tests.c:885:6:test_wlan_disconnect	16	static
../wifi/wlcmgr/wlan_tests.c:893:13:test_wlan_stat	40	static
../wifi/wlcmgr/wlan_tests.c:982:13:test_wlan_list	496	static
../wifi/wlcmgr/wlan_tests.c:1004:13:test_wlan_info	968	static
../wifi/wlcmgr/wlan_tests.c:1061:13:test_wlan_address	488	static
../wifi/wlcmgr/wlan_tests.c:1073:13:test_wlan_get_uap_channel	24	static
../wifi/wlcmgr/wlan_tests.c:1087:13:test_wlan_get_uap_sta_list	56	static
../wifi/wlcmgr/wlan_tests.c:1118:13:test_wlan_ieee_ps	24	static
../wifi/wlcmgr/wlan_tests.c:1162:13:test_wlan_deep_sleep_ps	24	static
../wifi/wlcmgr/wlan_tests.c:1206:13:test_wlan_host_sleep	32	static
../wifi/wlcmgr/wlan_tests.c:1276:13:test_wlan_send_hostcmd	40	static
../wifi/wlcmgr/wlan_tests.c:1304:13:test_wlan_8801_enable_ext_coex	32	static
../wifi/wlcmgr/wlan_tests.c:1325:13:test_wlan_set_uap_bandwidth	24	static
../wifi/wlcmgr/wlan_tests.c:1411:5:wlan_cli_init	16	static
