../source/write_firmware.c:408:12:firmware_data_fetch_func	8	static
../source/write_firmware.c:27:12:lwipRecv	0	static
../source/write_firmware.c:21:12:lwipSend	0	static
../source/write_firmware.c:303:12:_iot_tls_verify_cert	1032	static
../source/write_firmware.c:620:13:fw_update_handler	16	static
../source/write_firmware.c:61:25:get_passive_firmware	16	static
../source/write_firmware.c:78:6:purge_stream_bytes	24	static
../source/write_firmware.c:94:5:fw_update_begin	8	static
../source/write_firmware.c:106:5:fw_update_data	16	static
../source/write_firmware.c:122:5:verify_load_firmware	192	static
../source/write_firmware.c:165:5:update_and_validate_firmware_image	336	static
../source/write_firmware.c:293:6:https_client_tls_release	8	static
../source/write_firmware.c:325:5:write_request	1040	static
../source/write_firmware.c:351:8:update_content_length	8	static
../source/write_firmware.c:372:5:read_request	1040	static
../source/write_firmware.c:430:12:client_mode_update_fw.constprop	584	static
../source/write_firmware.c:602:6:task_fw_update	8	static
../source/write_firmware.c:645:5:fw_update_cli_init	8	static
