../wifi/wifidriver/mlan_glue.c:251:20:wrapper_moal_init_lock	0	static
../wifi/wifidriver/mlan_glue.c:128:20:wrapper_moal_recv_packet	16	static
../wifi/wifidriver/mlan_glue.c:411:12:wlan_find_ampud_info	24	static
../wifi/wifidriver/mlan_glue.c:1108:12:wifi_send_tx_power_cfg_ioctl	56	static
../wifi/wifidriver/mlan_glue.c:1178:12:wifi_send_tx_rate_cfg_ioctl	56	static
../wifi/wifidriver/mlan_glue.c:222:20:wrapper_moal_stop_timer	24	static
../wifi/wifidriver/mlan_glue.c:237:20:wrapper_moal_free_timer	24	static
../wifi/wifidriver/mlan_glue.c:151:20:wrapper_moal_init_timer	24	static
../wifi/wifidriver/mlan_glue.c:108:14:wifi_11n_save_request	16	static
../wifi/wifidriver/mlan_glue.c:1053:12:wifi_send_htcapinfo_ioctl.constprop	48	static
../wifi/wifidriver/mlan_glue.c:269:20:wrapper_moal_spin_lock	0	static
../wifi/wifidriver/mlan_glue.c:189:20:wrapper_moal_start_timer	32	static
../wifi/wifidriver/mlan_glue.c:278:20:wrapper_moal_spin_unlock	0	static
../wifi/wifidriver/mlan_glue.c:260:20:wrapper_moal_free_lock	0	static
../wifi/wifidriver/mlan_glue.c:121:6:wrapper_deliver_amsdu_subframe	0	static
../wifi/wifidriver/mlan_glue.c:301:5:mlan_subsys_init	16	static
../wifi/wifidriver/mlan_glue.c:340:5:mlan_subsys_deinit	8	static
../wifi/wifidriver/mlan_glue.c:349:5:wrapper_wlan_cmd_11n_addba_rspgen	16	static
../wifi/wifidriver/mlan_glue.c:380:5:wrapper_wlan_cmd_11n_ba_stream_timeout	8	static
../wifi/wifidriver/mlan_glue.c:391:5:wrapper_wlan_cmd_11n_delba_rspgen	8	static
../wifi/wifidriver/mlan_glue.c:453:6:wlan_update_uap_ampdu_info	32	static
../wifi/wifidriver/mlan_glue.c:496:5:wrapper_wlan_upa_ampdu_enable	16	static
../wifi/wifidriver/mlan_glue.c:616:5:wrapper_wlan_sta_ampdu_enable	24	static
../wifi/wifidriver/mlan_glue.c:663:5:wrapper_wlan_11d_enable	40	static
../wifi/wifidriver/mlan_glue.c:680:5:wrapper_wlan_ecsa_enable	48	static
../wifi/wifidriver/mlan_glue.c:704:5:wrapper_wlan_cmd_get_hw_spec	16	static
../wifi/wifidriver/mlan_glue.c:716:13:wrapper_wlan_cmd_mgmt_ie	1176	static
../wifi/wifidriver/mlan_glue.c:741:5:wrapper_wlan_handle_rx_packet	24	static
../wifi/wifidriver/mlan_glue.c:841:5:wrapper_wlan_handle_amsdu_rx_packet	24	static
../wifi/wifidriver/mlan_glue.c:920:6:wrapper_wlan_cmd_11n_cfg	16	static
../wifi/wifidriver/mlan_glue.c:936:6:set_event_chanswann	0	static
../wifi/wifidriver/mlan_glue.c:941:6:clear_event_chanswann	0	static
../wifi/wifidriver/mlan_glue.c:946:6:wrapper_wlan_11d_clear_parsedtable	0	static
../wifi/wifidriver/mlan_glue.c:965:6:wrapper_clear_media_connected_event	0	static
../wifi/wifidriver/mlan_glue.c:971:13:wifi_prepare_and_send_cmd	48	static
../wifi/wifidriver/mlan_glue.c:1018:6:wmsdk_is_11N_enabled	0	static
../wifi/wifidriver/mlan_glue.c:1023:18:wifi_send_bss_ioctl	48	static
../wifi/wifidriver/mlan_glue.c:1043:5:wrapper_get_wpa_ie_in_assoc	8	static
../wifi/wifidriver/mlan_glue.c:1074:5:wifi_set_htcapinfo	32	static
../wifi/wifidriver/mlan_glue.c:1091:5:wifi_set_httxcfg	32	static
../wifi/wifidriver/mlan_glue.c:1129:5:wifi_set_tx_power	528	static
../wifi/wifidriver/mlan_glue.c:1142:5:wifi_set_tx_power_ext	536	static
../wifi/wifidriver/mlan_glue.c:1155:5:wifi_get_tx_power	584	static
../wifi/wifidriver/mlan_glue.c:1207:5:wifi_set_txratecfg	72	static
../wifi/wifidriver/mlan_glue.c:1240:5:wifi_get_txratecfg	72	static
../wifi/wifidriver/mlan_glue.c:1264:6:wrapper_wlan_11d_support_is_enabled	8	static
../wifi/wifidriver/mlan_glue.c:1274:5:wrapper_wifi_assoc	808	static
../wifi/wifidriver/mlan_glue.c:1512:5:wifi_process_cmd_response	40	static
../wifi/wifidriver/mlan_glue.c:2677:5:wifi_handle_fw_event	40	static
../wifi/wifidriver/mlan_glue.c:3135:5:wrapper_bssdesc_first_set	48	static
../wifi/wifidriver/mlan_glue.c:3220:5:wrapper_bssdesc_second_set	24	static
../wifi/wifidriver/mlan_glue.c:3293:5:wifi_get_scan_result_count	0	static
../wifi/wifidriver/mlan_glue.c:3304:5:wrapper_wlan_set_regiontable	8	static
../wifi/wifidriver/mlan_glue.c:3319:6:wifi_scan_process_results	0	static
../wifi/wifidriver/mlan_glue.c:3331:6:check_for_wpa2_entp_ie	24	static
../wifi/wifidriver/mlan_glue.c:3378:6:wifi_get_value1_from_cmdresp	0	static
../wifi/wifidriver/mlan_glue.c:3389:6:wifi_get_mac_address_from_cmdresp	0	static
../wifi/wifidriver/mlan_glue.c:3394:6:wifi_get_firmware_ver_ext_from_cmdresp	32	static
../wifi/wifidriver/mlan_glue.c:3436:6:wifi_prepare_set_cal_data_cmd	8	static
../wifi/wifidriver/mlan_glue.c:3459:6:wifi_prepare_get_hw_spec_cmd	0	static
../wifi/wifidriver/mlan_glue.c:3467:6:wifi_prepare_reconfigure_tx_buf_cmd	0	static
../wifi/wifidriver/mlan_glue.c:3481:6:wifi_prepare_get_mac_addr_cmd	0	static
../wifi/wifidriver/mlan_glue.c:3490:6:wifi_prepare_get_fw_ver_ext_cmd	8	static
../wifi/wifidriver/mlan_glue.c:3499:6:wifi_prepare_get_value1	0	static
../wifi/wifidriver/mlan_glue.c:3511:6:wifi_prepare_set_mac_addr_cmd	0	static
../wifi/wifidriver/mlan_glue.c:3521:6:wifi_prepare_enable_amsdu_cmd	0	static
../wifi/wifidriver/mlan_glue.c:3546:6:wlan_prepare_mac_control_cmd	0	static
../wifi/wifidriver/mlan_glue.c:3559:6:wifi_set_cal_data	0	static
../wifi/wifidriver/mlan_glue.c:3566:6:wifi_set_mac_addr	0	static
../wifi/wifidriver/mlan_glue.c:3572:6:_wifi_set_mac_addr	32	static
