E:\MCUXpressoIDE_24.9.25\88MW32X\rdmw320_r0_mw_lwip_httpsclient_ota\wifi\wifidriver\incl/mlan_util.h:127:33:util_peek_list	24	static
../wifi/wifidriver/mlan_11n_rxreorder.c:86:20:wlan_11n_dispatch_pkt.isra	12	static
../wifi/wifidriver/mlan_11n_rxreorder.c:140:20:wlan_11n_dispatch_pkt_until_start_win	32	static
../wifi/wifidriver/mlan_11n_rxreorder.c:335:15:wlan_flush_data	8	static
../wifi/wifidriver/mlan_11n_rxreorder.c:269:15:wlan_11n_delete_rxreorder_tbl_entry	24	static
../wifi/wifidriver/mlan_11n_rxreorder.c:467:15:wlan_11n_get_rxreorder_tbl	24	static
../wifi/wifidriver/mlan_11n_rxreorder.c:506:13:wlan_cmd_11n_addba_req	16	static
../wifi/wifidriver/mlan_11n_rxreorder.c:534:13:wlan_cmd_11n_addba_rspgen	48	static
../wifi/wifidriver/mlan_11n_rxreorder.c:598:13:wlan_cmd_11n_uap_addba_rspgen	16	static
../wifi/wifidriver/mlan_11n_rxreorder.c:640:13:wlan_cmd_11n_delba	8	static
../wifi/wifidriver/mlan_11n_rxreorder.c:670:13:mlan_11n_rxreorder_pkt	40	static
../wifi/wifidriver/mlan_11n_rxreorder.c:889:6:mlan_11n_delete_bastream_tbl	8	static
../wifi/wifidriver/mlan_11n_rxreorder.c:947:13:wlan_ret_11n_addba_resp	16	static
../wifi/wifidriver/mlan_11n_rxreorder.c:1008:6:wlan_11n_ba_stream_timeout	40	static
../wifi/wifidriver/mlan_11n_rxreorder.c:1035:6:wlan_11n_cleanup_reorder_tbl	16	static
../wifi/wifidriver/mlan_11n_rxreorder.c:1061:6:wlan_cleanup_reorder_tbl	16	static
../wifi/wifidriver/mlan_11n_rxreorder.c:1085:6:wlan_set_rxreorder_tbl_no_drop_flag	16	static
../wifi/wifidriver/mlan_11n_rxreorder.c:1116:6:wlan_update_rxreorder_tbl	16	static
