E:\MCUXpressoIDE_24.9.25\88MW32X\rdmw320_r0_mw_lwip_httpssrv_ota\drivers/fsl_sdioc.h:344:20:SDIOC_SetDataBusWidth	8	static
E:\MCUXpressoIDE_24.9.25\88MW32X\rdmw320_r0_mw_lwip_httpssrv_ota\drivers/fsl_sdioc.h:355:20:SDIOC_SetBusSpeed	8	static
E:\MCUXpressoIDE_24.9.25\88MW32X\rdmw320_r0_mw_lwip_httpssrv_ota\drivers/fsl_sdioc.h:366:20:SDIOC_EnableBusPower	8	static
E:\MCUXpressoIDE_24.9.25\88MW32X\rdmw320_r0_mw_lwip_httpssrv_ota\drivers/fsl_sdioc.h:429:20:SDIOC_ResetCommandLine	8	static
E:\MCUXpressoIDE_24.9.25\88MW32X\rdmw320_r0_mw_lwip_httpssrv_ota\drivers/fsl_sdioc.h:439:20:SDIOC_ResetDataLine	8	static
E:\MCUXpressoIDE_24.9.25\88MW32X\rdmw320_r0_mw_lwip_httpssrv_ota\drivers/fsl_sdioc.h:619:20:SDIOC_EnableInterruptStatus	16	static
E:\MCUXpressoIDE_24.9.25\88MW32X\rdmw320_r0_mw_lwip_httpssrv_ota\drivers/fsl_sdioc.h:638:20:SDIOC_EnableInterruptSignal	16	static
E:\MCUXpressoIDE_24.9.25\88MW32X\rdmw320_r0_mw_lwip_httpssrv_ota\drivers/fsl_sdioc.h:680:20:SDIOC_ClearInterruptStatus	8	static
E:\MCUXpressoIDE_24.9.25\88MW32X\rdmw320_r0_mw_lwip_httpssrv_ota\drivers/fsl_sdioc.h:691:24:SDIOC_GetPresentStatus	8	static
../sdmmc/host/fsl_sdmmc_host.h:180:20:SDMMCHOST_EnableCardInt	16	static
../sdmmc/host/fsl_sdmmc_host.c:71:13:SDMMCHOST_DetectCardInsertByHost	24	static
../sdmmc/host/fsl_sdmmc_host.c:94:13:SDMMCHOST_DetectCardRemoveByHost	24	static
../sdmmc/host/fsl_sdmmc_host.c:116:13:SDMMCHOST_CardDetectCallback	24	static
../sdmmc/host/fsl_sdmmc_host.c:128:13:SDMMCHOST_CardInterrupt	24	static
../sdmmc/host/fsl_sdmmc_host.c:143:10:SDMMCHOST_CardIntInit	16	static
../sdmmc/host/fsl_sdmmc_host.c:152:10:SDMMCHOST_CardDetectInit	24	static
../sdmmc/host/fsl_sdmmc_host.c:186:10:SDMMCHOST_CardDetectStatus	24	static
../sdmmc/host/fsl_sdmmc_host.c:198:10:SDMMCHOST_PollingCardDetectStatus	32	static
../sdmmc/host/fsl_sdmmc_host.c:246:13:SDMMCHOST_TransferCallback	32	static
../sdmmc/host/fsl_sdmmc_host.c:270:10:SDMMCHOST_TransferFunction	32	static
../sdmmc/host/fsl_sdmmc_host.c:327:13:SDMMCHOST_ErrorRecovery	24	static
../sdmmc/host/fsl_sdmmc_host.c:346:6:SDMMCHOST_SetCardPower	16	static
../sdmmc/host/fsl_sdmmc_host.c:351:10:SDMMCHOST_Init	40	static
../sdmmc/host/fsl_sdmmc_host.c:386:10:SDMMCHOST_SetCardClock	16	static
../sdmmc/host/fsl_sdmmc_host.c:405:6:SDMMCHOST_Reset	8	static
../sdmmc/host/fsl_sdmmc_host.c:410:6:SDMMCHOST_SetCardBusWidth	16	static
../sdmmc/host/fsl_sdmmc_host.c:415:6:SDMMCHOST_Deinit	16	static
