../mbedtls/library/aes.c:404:13:aes_gen_tables	2120	static
../mbedtls/library/aes.c:1177:13:mbedtls_gf128mul_x_ble	20	static
../mbedtls/library/aes.c:518:6:mbedtls_aes_init	0	static
../mbedtls/library/aes.c:525:6:mbedtls_aes_free	0	static
../mbedtls/library/aes.c:534:6:mbedtls_aes_xts_init	8	static
../mbedtls/library/aes.c:542:6:mbedtls_aes_xts_free	8	static
../mbedtls/library/aes.c:556:5:mbedtls_aes_setkey_enc	24	static
../mbedtls/library/aes.c:672:5:mbedtls_aes_setkey_dec	328	static
../mbedtls/library/aes.c:765:5:mbedtls_aes_xts_setkey_enc	16	static
../mbedtls/library/aes.c:790:5:mbedtls_aes_xts_setkey_dec	16	static
../mbedtls/library/aes.c:870:5:mbedtls_internal_aes_encrypt	136	static
../mbedtls/library/aes.c:938:6:mbedtls_aes_encrypt	0	static
../mbedtls/library/aes.c:950:5:mbedtls_internal_aes_decrypt	136	static
../mbedtls/library/aes.c:1018:6:mbedtls_aes_decrypt	0	static
../mbedtls/library/aes.c:1029:5:mbedtls_aes_crypt_ecb	4	static
../mbedtls/library/aes.c:1067:5:mbedtls_aes_crypt_cbc	56	static
../mbedtls/library/aes.c:1195:5:mbedtls_aes_crypt_xts	96	static
../mbedtls/library/aes.c:1306:5:mbedtls_aes_crypt_cfb128	32	static
../mbedtls/library/aes.c:1365:5:mbedtls_aes_crypt_cfb8	56	static
../mbedtls/library/aes.c:1405:5:mbedtls_aes_crypt_ofb	32	static
../mbedtls/library/aes.c:1450:5:mbedtls_aes_crypt_ctr	40	static
../mbedtls/library/aes.c:1810:5:mbedtls_aes_self_test	1064	static
