../mbedtls/library/x509write_crt.c:309:12:x509_write_time.constprop	24	static
../mbedtls/library/x509write_crt.c:58:6:mbedtls_x509write_crt_init	8	static
../mbedtls/library/x509write_crt.c:66:6:mbedtls_x509write_crt_free	8	static
../mbedtls/library/x509write_crt.c:77:6:mbedtls_x509write_crt_set_version	0	static
../mbedtls/library/x509write_crt.c:82:6:mbedtls_x509write_crt_set_md_alg	0	static
../mbedtls/library/x509write_crt.c:87:6:mbedtls_x509write_crt_set_subject_key	0	static
../mbedtls/library/x509write_crt.c:92:6:mbedtls_x509write_crt_set_issuer_key	0	static
../mbedtls/library/x509write_crt.c:97:5:mbedtls_x509write_crt_set_subject_name	0	static
../mbedtls/library/x509write_crt.c:103:5:mbedtls_x509write_crt_set_issuer_name	0	static
../mbedtls/library/x509write_crt.c:109:5:mbedtls_x509write_crt_set_serial	0	static
../mbedtls/library/x509write_crt.c:119:5:mbedtls_x509write_crt_set_validity	16	static
../mbedtls/library/x509write_crt.c:135:5:mbedtls_x509write_crt_set_extension	0	static
../mbedtls/library/x509write_crt.c:144:5:mbedtls_x509write_crt_set_basic_constraints	40	static
../mbedtls/library/x509write_crt.c:176:5:mbedtls_x509write_crt_set_subject_key_identifier	2104	static
../mbedtls/library/x509write_crt.c:201:5:mbedtls_x509write_crt_set_authority_key_identifier	2104	static
../mbedtls/library/x509write_crt.c:244:5:mbedtls_x509write_crt_set_key_usage	32	static
../mbedtls/library/x509write_crt.c:282:5:mbedtls_x509write_crt_set_ns_cert_type	32	static
../mbedtls/library/x509write_crt.c:338:5:mbedtls_x509write_crt_der	3240	static
../mbedtls/library/x509write_crt.c:497:5:mbedtls_x509write_crt_pem	4136	static
