../wifi/wifidriver/mlan_scan.c:2071:13:adjust_pointers_to_internal_buffers	0	static
../wifi/wifidriver/mlan_scan.c:1041:15:wlan_ret_802_11_scan_get_tlv_ptrs.isra	16	static
../wifi/wifidriver/mlan_scan.c:144:13:search_oui_in_ie.isra	16	static
../wifi/wifidriver/mlan_scan.c:182:13:is_rsn_oui_present.isra	0	static
../wifi/wifidriver/mlan_scan.c:212:13:is_wpa_oui_present.isra	0	static
../wifi/wifidriver/mlan_scan.c:118:6:is_split_scan_complete	0	static
../wifi/wifidriver/mlan_scan.c:127:6:wlan_abort_split_scan	0	static
../wifi/wifidriver/mlan_scan.c:1620:21:wlan_scan_process_results	8	static
../wifi/wifidriver/mlan_scan.c:1659:7:wlan_is_network_compatible	16	static
../wifi/wifidriver/mlan_scan.c:1902:13:wlan_scan_networks	112	static
../wifi/wifidriver/mlan_scan.c:2032:13:wlan_cmd_802_11_scan	16	static
../wifi/wifidriver/mlan_scan.c:2125:13:wlan_ret_802_11_scan	128	static
../wifi/wifidriver/mlan_scan.c:2820:7:wlan_find_bssid_in_list	48	static
../wifi/wifidriver/mlan_scan.c:2881:7:wlan_ssid_cmp	0	static
../wifi/wifidriver/mlan_scan.c:2740:7:wlan_find_ssid_in_list	48	static
