../wifi/wifidriver/mlan_cmdevt.c:64:13:wlan_prepare_cmd	24	static
../wifi/wifidriver/mlan_cmdevt.c:110:13:wlan_cmd_enh_power_mode	16	static
../wifi/wifidriver/mlan_cmdevt.c:222:13:wlan_ret_802_11_tx_rate_query	16	static
../wifi/wifidriver/mlan_cmdevt.c:488:13:wlan_cmd_tx_rate_cfg	12	static
../wifi/wifidriver/mlan_cmdevt.c:586:13:wlan_ret_tx_rate_cfg	24	static
../wifi/wifidriver/mlan_cmdevt.c:763:13:wlan_cmd_get_hw_spec	8	static
../wifi/wifidriver/mlan_cmdevt.c:785:13:wlan_cmd_get_tsf	0	static
../wifi/wifidriver/mlan_cmdevt.c:805:13:wlan_ret_get_hw_spec	24	static
../wifi/wifidriver/mlan_cmdevt.c:1035:13:wlan_cmd_remain_on_channel	8	static
