../wifi/wifidriver/mlan_sta_cmd.c:211:20:wlan_cmd_802_11_rssi_info	16	static
../wifi/wifidriver/mlan_sta_cmd.c:245:20:wlan_cmd_mac_control	24	static
../wifi/wifidriver/mlan_sta_cmd.c:281:20:wlan_cmd_802_11_snmp_mib	24	static
../wifi/wifidriver/mlan_sta_cmd.c:351:20:wlan_cmd_802_11_get_log	8	static
../wifi/wifidriver/mlan_sta_cmd.c:370:20:wlan_cmd_tx_power_cfg	40	static
../wifi/wifidriver/mlan_sta_cmd.c:424:20:wlan_cmd_802_11_rf_tx_power	24	static
../wifi/wifidriver/mlan_sta_cmd.c:465:20:wlan_cmd_802_11_hs_cfg	24	static
../wifi/wifidriver/mlan_sta_cmd.c:511:20:wlan_cmd_802_11_mac_address	24	static
../wifi/wifidriver/mlan_sta_cmd.c:542:20:wlan_cmd_mac_multicast_adr	32	static
../wifi/wifidriver/mlan_sta_cmd.c:572:26:wlan_cmd_802_11_deauthenticate	32	static
../wifi/wifidriver/mlan_sta_cmd.c:617:20:wlan_cmd_802_11_key_material	40	static
../wifi/wifidriver/mlan_sta_cmd.c:813:20:wlan_cmd_802_11_supplicant_pmk	64	static
../wifi/wifidriver/mlan_sta_cmd.c:934:20:wlan_cmd_802_11_rf_channel	24	static
../wifi/wifidriver/mlan_sta_cmd.c:971:20:wlan_cmd_mgmt_ie_list	40	static
../wifi/wifidriver/mlan_sta_cmd.c:1034:26:wlan_cmd_reg_access	48	static
../wifi/wifidriver/mlan_sta_cmd.c:1112:13:wlan_cmd_mem_access	24	static
../wifi/wifidriver/mlan_sta_cmd.c:1138:13:wlan_cmd_auto_reconnect	24	static
../wifi/wifidriver/mlan_sta_cmd.c:1199:20:wlan_cmd_otp_user_data	32	static
../wifi/wifidriver/mlan_sta_cmd.c:1247:13:wlan_ops_sta_prepare_cmd	48	static
