../wifi/wifidriver/mlan_sta_ioctl.c:60:20:wlan_bss_ioctl_start	40	static
../wifi/wifidriver/mlan_sta_ioctl.c:148:20:wlan_bss_ioctl	24	static
../wifi/wifidriver/mlan_sta_ioctl.c:189:20:wlan_rate_ioctl	24	static
../wifi/wifidriver/mlan_sta_ioctl.c:229:20:wlan_power_ioctl_get_power	40	static
../wifi/wifidriver/mlan_sta_ioctl.c:258:20:wlan_power_ioctl_set_power	64	static
../wifi/wifidriver/mlan_sta_ioctl.c:369:12:wlan_get_modulation_class	8	static
../wifi/wifidriver/mlan_sta_ioctl.c:404:20:wlan_power_ioctl_set_power_ext	80	static
../wifi/wifidriver/mlan_sta_ioctl.c:531:20:wlan_power_ioctl	24	static
../wifi/wifidriver/mlan_sta_ioctl.c:586:6:wlan_get_random_charactor	24	static
../wifi/wifidriver/mlan_sta_ioctl.c:611:20:wlan_sec_ioctl_set_wep_key	48	static
../wifi/wifidriver/mlan_sta_ioctl.c:807:20:wlan_sec_ioctl_set_wpa_key	40	static
../wifi/wifidriver/mlan_sta_ioctl.c:844:20:wlan_sec_ioctl_encrypt_key	24	static
../wifi/wifidriver/mlan_sta_ioctl.c:878:20:wlan_sec_ioctl_passphrase	40	static
../wifi/wifidriver/mlan_sta_ioctl.c:937:20:wlan_sec_ioctl_password	40	static
../wifi/wifidriver/mlan_sta_ioctl.c:996:20:wlan_sec_cfg_ioctl	24	static
../wifi/wifidriver/mlan_sta_ioctl.c:1041:13:wlan_11d_cfg_ioctl	32	static
../wifi/wifidriver/mlan_sta_ioctl.c:1087:26:wlan_misc_ioctl_region	32	static
../wifi/wifidriver/mlan_sta_ioctl.c:1154:20:wlan_misc_cfg_ioctl	16	static
../wifi/wifidriver/mlan_sta_ioctl.c:1204:13:wlan_ops_sta_ioctl	32	static
