E:\MCUXpressoIDE_24.9.25\88MW32X\rdmw320_r0_mw_lwip_httpssrv_ota\wifi\wifidriver\incl/mlan_main.h:2029:14:wlan_copy_rates	24	static
E:\MCUXpressoIDE_24.9.25\88MW32X\rdmw320_r0_mw_lwip_httpssrv_ota\wifi\wifidriver\incl/mlan_main.h:2178:12:wlan_count_priv_cond	40	static
../wifi/wifidriver/mlan_cfp.c:550:27:wlan_get_region_cfp_table	24	static
../wifi/wifidriver/mlan_cfp.c:665:7:wlan_index_to_data_rate	88	static
../wifi/wifidriver/mlan_cfp.c:888:7:wlan_get_active_data_rates	32	static
../wifi/wifidriver/mlan_cfp.c:920:6:wlan_get_txpwr_of_chan_from_cfp	24	static
../wifi/wifidriver/mlan_cfp.c:996:20:wlan_get_cfp_by_band_and_channel	32	static
../wifi/wifidriver/mlan_cfp.c:1090:20:wlan_find_cfp_by_band_and_channel	24	static
../wifi/wifidriver/mlan_cfp.c:1119:20:wlan_find_cfp_by_band_and_freq	40	static
../wifi/wifidriver/mlan_cfp.c:1206:6:wlan_is_rate_auto	16	static
../wifi/wifidriver/mlan_cfp.c:1241:5:wlan_get_rate_index	24	static
../wifi/wifidriver/mlan_cfp.c:1270:7:wlan_get_supported_rates	32	static
../wifi/wifidriver/mlan_cfp.c:1395:13:wlan_set_regiontable	32	static
../wifi/wifidriver/mlan_cfp.c:1467:8:wlan_get_cfp_radar_detect	16	static
../wifi/wifidriver/mlan_cfp.c:1518:8:wlan_bg_scan_type_is_passive	16	static
../wifi/wifidriver/mlan_cfp.c:1565:6:wlan_convert_v14_rate_ht_info	16	static
../wifi/wifidriver/mlan_cfp.c:1583:8:wlan_is_channel_valid	24	static
../wifi/wifidriver/mlan_cfp.c:1649:8:wlan_is_channel_and_freq_valid	24	static
../wifi/wifidriver/mlan_cfp.c:1740:13:wlan_set_custom_cfp_table	16	static
../wifi/wifidriver/mlan_cfp.c:1807:6:wlan_set_custom_regiontable	16	static
../wifi/wifidriver/mlan_cfp.c:1842:6:wlan_get_active_channel_list	40	static
