E:\MCUXpressoIDE_24.9.25\88MW32X\rdmw320_r0_mw_lwip_httpssrv_ota\wifi\incl\port\os/wm_os.h:317:24:os_msec_to_ticks	8	static
E:\MCUXpressoIDE_24.9.25\88MW32X\rdmw320_r0_mw_lwip_httpssrv_ota\wifi\incl\port\os/wm_os.h:549:29:os_enter_critical_section	8	static
E:\MCUXpressoIDE_24.9.25\88MW32X\rdmw320_r0_mw_lwip_httpssrv_ota\wifi\incl\port\os/wm_os.h:555:20:os_exit_critical_section	16	static
E:\MCUXpressoIDE_24.9.25\88MW32X\rdmw320_r0_mw_lwip_httpssrv_ota\wifi\incl\port\os/wm_os.h:1352:19:os_timer_change	40	static
E:\MCUXpressoIDE_24.9.25\88MW32X\rdmw320_r0_mw_lwip_httpssrv_ota\wifi\incl\port\os/wm_os.h:1478:19:os_timer_deactivate	32	static
E:\MCUXpressoIDE_24.9.25\88MW32X\rdmw320_r0_mw_lwip_httpssrv_ota\wifi\incl\port\os/wm_os.h:1518:19:os_timer_delete	32	static
E:\MCUXpressoIDE_24.9.25\88MW32X\rdmw320_r0_mw_lwip_httpssrv_ota\wifi\wifidriver\incl/mlan_main.h:2148:22:wlan_get_priv	16	static
../wifi/wifidriver/mlan_glue.c:108:14:wifi_11n_save_request	24	static
../wifi/wifidriver/mlan_glue.c:121:6:wrapper_deliver_amsdu_subframe	32	static
../wifi/wifidriver/mlan_glue.c:128:20:wrapper_moal_recv_packet	24	static
../wifi/wifidriver/mlan_glue.c:151:20:wrapper_moal_init_timer	48	static
../wifi/wifidriver/mlan_glue.c:189:20:wrapper_moal_start_timer	32	static
../wifi/wifidriver/mlan_glue.c:222:20:wrapper_moal_stop_timer	24	static
../wifi/wifidriver/mlan_glue.c:237:20:wrapper_moal_free_timer	24	static
../wifi/wifidriver/mlan_glue.c:251:20:wrapper_moal_init_lock	8	static
../wifi/wifidriver/mlan_glue.c:260:20:wrapper_moal_free_lock	8	static
../wifi/wifidriver/mlan_glue.c:269:20:wrapper_moal_spin_lock	8	static
../wifi/wifidriver/mlan_glue.c:278:20:wrapper_moal_spin_unlock	8	static
../wifi/wifidriver/mlan_glue.c:301:5:mlan_subsys_init	8	static
../wifi/wifidriver/mlan_glue.c:340:5:mlan_subsys_deinit	8	static
../wifi/wifidriver/mlan_glue.c:349:5:wrapper_wlan_cmd_11n_addba_rspgen	24	static
../wifi/wifidriver/mlan_glue.c:380:5:wrapper_wlan_cmd_11n_ba_stream_timeout	24	static
../wifi/wifidriver/mlan_glue.c:391:5:wrapper_wlan_cmd_11n_delba_rspgen	24	static
../wifi/wifidriver/mlan_glue.c:411:12:wlan_find_ampud_info	24	static
../wifi/wifidriver/mlan_glue.c:427:13:wlan_update_uap_ampdu_stat	24	static
../wifi/wifidriver/mlan_glue.c:440:13:wlan_update_uap_ampdu_supported	24	static
../wifi/wifidriver/mlan_glue.c:453:6:wlan_update_uap_ampdu_info	32	static
../wifi/wifidriver/mlan_glue.c:496:5:wrapper_wlan_upa_ampdu_enable	24	static
../wifi/wifidriver/mlan_glue.c:516:20:do_wlan_ret_11n_addba_resp	32	static
../wifi/wifidriver/mlan_glue.c:537:20:do_wlan_ret_11n_addba_req	32	static
../wifi/wifidriver/mlan_glue.c:581:20:do_wlan_ret_11n_delba	24	static
../wifi/wifidriver/mlan_glue.c:607:13:wlan_is_ampdu_allowed	8	static
../wifi/wifidriver/mlan_glue.c:616:5:wrapper_wlan_sta_ampdu_enable	24	static
../wifi/wifidriver/mlan_glue.c:663:5:wrapper_wlan_11d_enable	32	static
../wifi/wifidriver/mlan_glue.c:680:5:wrapper_wlan_ecsa_enable	32	static
../wifi/wifidriver/mlan_glue.c:704:5:wrapper_wlan_cmd_get_hw_spec	16	static
../wifi/wifidriver/mlan_glue.c:716:13:wrapper_wlan_cmd_mgmt_ie	1176	static
../wifi/wifidriver/mlan_glue.c:741:5:wrapper_wlan_handle_rx_packet	32	static
../wifi/wifidriver/mlan_glue.c:841:5:wrapper_wlan_handle_amsdu_rx_packet	32	static
../wifi/wifidriver/mlan_glue.c:920:6:wrapper_wlan_cmd_11n_cfg	24	static
../wifi/wifidriver/mlan_glue.c:936:6:set_event_chanswann	0	static
../wifi/wifidriver/mlan_glue.c:941:6:clear_event_chanswann	0	static
../wifi/wifidriver/mlan_glue.c:946:6:wrapper_wlan_11d_clear_parsedtable	16	static
../wifi/wifidriver/mlan_glue.c:965:6:wrapper_clear_media_connected_event	8	static
../wifi/wifidriver/mlan_glue.c:971:13:wifi_prepare_and_send_cmd	56	static
../wifi/wifidriver/mlan_glue.c:1018:6:wmsdk_is_11N_enabled	0	static
../wifi/wifidriver/mlan_glue.c:1023:18:wifi_send_bss_ioctl	56	static
../wifi/wifidriver/mlan_glue.c:1043:5:wrapper_get_wpa_ie_in_assoc	24	static
../wifi/wifidriver/mlan_glue.c:1053:12:wifi_send_htcapinfo_ioctl	56	static
../wifi/wifidriver/mlan_glue.c:1074:5:wifi_set_htcapinfo	40	static
../wifi/wifidriver/mlan_glue.c:1091:5:wifi_set_httxcfg	40	static
../wifi/wifidriver/mlan_glue.c:1108:12:wifi_send_tx_power_cfg_ioctl	56	static
../wifi/wifidriver/mlan_glue.c:1129:5:wifi_set_tx_power	536	static
../wifi/wifidriver/mlan_glue.c:1142:5:wifi_set_tx_power_ext	536	static
../wifi/wifidriver/mlan_glue.c:1155:5:wifi_get_tx_power	576	static
../wifi/wifidriver/mlan_glue.c:1178:12:wifi_send_tx_rate_cfg_ioctl	56	static
../wifi/wifidriver/mlan_glue.c:1207:5:wifi_set_txratecfg	64	static
../wifi/wifidriver/mlan_glue.c:1240:5:wifi_get_txratecfg	80	static
../wifi/wifidriver/mlan_glue.c:1264:6:wrapper_wlan_11d_support_is_enabled	16	static
../wifi/wifidriver/mlan_glue.c:1274:5:wrapper_wifi_assoc	816	static
../wifi/wifidriver/mlan_glue.c:1400:13:compute_rssi_values	8	static
../wifi/wifidriver/mlan_glue.c:1421:13:wifi_set_hostcmd_resp	24	static
../wifi/wifidriver/mlan_glue.c:1442:13:load_bss_list	40	static
../wifi/wifidriver/mlan_glue.c:1496:13:load_ver_ext	24	static
../wifi/wifidriver/mlan_glue.c:1512:5:wifi_process_cmd_response	256	static
../wifi/wifidriver/mlan_glue.c:2418:14:wlan_get_specific_ie	40	static
../wifi/wifidriver/mlan_glue.c:2470:13:wrapper_wlan_check_sta_capability	72	static
../wifi/wifidriver/mlan_glue.c:2598:13:wrapper_wlan_check_uap_capability	24	static
../wifi/wifidriver/mlan_glue.c:2677:5:wifi_handle_fw_event	64	static
../wifi/wifidriver/mlan_glue.c:2951:22:process_rsn_ie	40	static
../wifi/wifidriver/mlan_glue.c:3079:22:process_wpa_ie	32	static
../wifi/wifidriver/mlan_glue.c:3135:5:wrapper_bssdesc_first_set	40	static
../wifi/wifidriver/mlan_glue.c:3220:5:wrapper_bssdesc_second_set	32	static
../wifi/wifidriver/mlan_glue.c:3293:5:wifi_get_scan_result_count	8	static
../wifi/wifidriver/mlan_glue.c:3304:5:wrapper_wlan_set_regiontable	24	static
../wifi/wifidriver/mlan_glue.c:3319:6:wifi_scan_process_results	16	static
../wifi/wifidriver/mlan_glue.c:3331:6:check_for_wpa2_entp_ie	32	static
../wifi/wifidriver/mlan_glue.c:3378:6:wifi_get_value1_from_cmdresp	8	static
../wifi/wifidriver/mlan_glue.c:3389:6:wifi_get_mac_address_from_cmdresp	16	static
../wifi/wifidriver/mlan_glue.c:3394:6:wifi_get_firmware_ver_ext_from_cmdresp	32	static
../wifi/wifidriver/mlan_glue.c:3436:6:wifi_prepare_set_cal_data_cmd	16	static
../wifi/wifidriver/mlan_glue.c:3459:6:wifi_prepare_get_hw_spec_cmd	8	static
../wifi/wifidriver/mlan_glue.c:3467:6:wifi_prepare_reconfigure_tx_buf_cmd	8	static
../wifi/wifidriver/mlan_glue.c:3481:6:wifi_prepare_get_mac_addr_cmd	8	static
../wifi/wifidriver/mlan_glue.c:3490:6:wifi_prepare_get_fw_ver_ext_cmd	16	static
../wifi/wifidriver/mlan_glue.c:3499:6:wifi_prepare_get_value1	8	static
../wifi/wifidriver/mlan_glue.c:3511:6:wifi_prepare_set_mac_addr_cmd	16	static
../wifi/wifidriver/mlan_glue.c:3521:6:wifi_prepare_enable_amsdu_cmd	8	static
../wifi/wifidriver/mlan_glue.c:3546:6:wlan_prepare_mac_control_cmd	8	static
../wifi/wifidriver/mlan_glue.c:3559:6:wifi_set_cal_data	8	static
../wifi/wifidriver/mlan_glue.c:3566:6:wifi_set_mac_addr	8	static
../wifi/wifidriver/mlan_glue.c:3572:6:_wifi_set_mac_addr	40	static
