E:\MCUXpressoIDE_24.9.25\88MW32X\rdmw320_r0_mw_lwip_httpssrv_ota\wifi\incl\port\os/wm_os.h:296:20:os_thread_sleep	16	static
E:\MCUXpressoIDE_24.9.25\88MW32X\rdmw320_r0_mw_lwip_httpssrv_ota\wifi\incl\port\os/wm_os.h:317:24:os_msec_to_ticks	8	static
E:\MCUXpressoIDE_24.9.25\88MW32X\rdmw320_r0_mw_lwip_httpssrv_ota\wifi\wifidriver\incl/mlan_main.h:2053:14:wlan_strlen	16	static
E:\MCUXpressoIDE_24.9.25\88MW32X\rdmw320_r0_mw_lwip_httpssrv_ota\wifi\wifidriver\incl/mlan_api.h:170:27:wifi_check_bss_entry_wpa2_entp_only	16	static
../wifi/wifidriver/mlan_scan.c:118:6:is_split_scan_complete	0	static
../wifi/wifidriver/mlan_scan.c:127:6:wlan_abort_split_scan	0	static
../wifi/wifidriver/mlan_scan.c:144:13:search_oui_in_ie	32	static
../wifi/wifidriver/mlan_scan.c:182:13:is_rsn_oui_present	40	static
../wifi/wifidriver/mlan_scan.c:212:13:is_wpa_oui_present	40	static
../wifi/wifidriver/mlan_scan.c:242:22:radio_type_to_band	16	static
../wifi/wifidriver/mlan_scan.c:270:13:wlan_is_band_compatible	16	static
../wifi/wifidriver/mlan_scan.c:303:15:wlan_scan_create_channel_list	56	static
../wifi/wifidriver/mlan_scan.c:467:20:wlan_scan_channel_list	72	static
../wifi/wifidriver/mlan_scan.c:689:20:wlan_scan_setup_scan_config	112	static
../wifi/wifidriver/mlan_scan.c:1041:15:wlan_ret_802_11_scan_get_tlv_ptrs	32	static
../wifi/wifidriver/mlan_scan.c:1125:20:wlan_interpret_bss_desc_with_ie	104	static
../wifi/wifidriver/mlan_scan.c:1620:21:wlan_scan_process_results	16	static
../wifi/wifidriver/mlan_scan.c:1659:7:wlan_is_network_compatible	32	static
../wifi/wifidriver/mlan_scan.c:1902:13:wlan_scan_networks	80	static
../wifi/wifidriver/mlan_scan.c:2032:13:wlan_cmd_802_11_scan	32	static
../wifi/wifidriver/mlan_scan.c:2071:13:adjust_pointers_to_internal_buffers	8	static
../wifi/wifidriver/mlan_scan.c:2125:13:wlan_ret_802_11_scan	128	static
../wifi/wifidriver/mlan_scan.c:2740:7:wlan_find_ssid_in_list	48	static
../wifi/wifidriver/mlan_scan.c:2820:7:wlan_find_bssid_in_list	40	static
../wifi/wifidriver/mlan_scan.c:2881:7:wlan_ssid_cmp	24	static
../wifi/wifidriver/mlan_scan.c:2901:14:wlan_find_worst_network_in_list	24	static
