E:\MCUXpressoIDE_24.9.25\88MW32X\rdmw320_r0_mw_lwip_httpssrv_ota\wifi\incl\port\os/wm_os.h:296:20:os_thread_sleep	16	static
E:\MCUXpressoIDE_24.9.25\88MW32X\rdmw320_r0_mw_lwip_httpssrv_ota\wifi\incl\port\os/wm_os.h:317:24:os_msec_to_ticks	8	static
../wifi/wifidriver/sdio.c:74:28:set_ioport_inmlan	8	static
../wifi/wifidriver/sdio.c:79:10:wifi_get_sdio_outbuf	8	static
../wifi/wifidriver/sdio.c:93:5:wlan_card_status	24	static
../wifi/wifidriver/sdio.c:113:6:calculate_sdio_write_params	16	static
../wifi/wifidriver/sdio.c:133:17:wlan_card_read_scratch_reg	16	static
../wifi/wifidriver/sdio.c:150:20:wlan_sdio_init_ioport	16	static
../wifi/wifidriver/sdio.c:207:7:wlan_card_read_f1_base_regs	16	static
../wifi/wifidriver/sdio.c:220:13:sdio_init	288	static
../wifi/wifidriver/sdio.c:276:13:sdio_ioport_init	16	static
../wifi/wifidriver/sdio.c:297:28:handle_cdint	8	static
