../wifi/wifidriver/wifi-uap.c:239:5:wifi_uap_prepare_and_send_cmd	48	static
../wifi/wifidriver/wifi-uap.c:266:5:wifi_uap_set_country	32	static
../wifi/wifidriver/wifi-uap.c:309:5:wifi_uap_downld_domain_params	32	static
../wifi/wifidriver/wifi-uap.c:335:5:wifi_cmd_uap_config	888	static
../wifi/wifidriver/wifi-uap.c:523:29:get_11d_uap_domain_params	16	static
../wifi/wifidriver/wifi-uap.c:549:5:wifi_uap_set_domain_params	40	static
../wifi/wifidriver/wifi-uap.c:600:5:wifi_uap_set_params	16	static
../wifi/wifidriver/wifi-uap.c:616:5:wifi_uap_enable_11d_support	8	static
../wifi/wifidriver/wifi-uap.c:626:5:wifi_uap_enable_11d	32	static
../wifi/wifidriver/wifi-uap.c:635:5:wifi_uap_ctrl_deauth	40	static
../wifi/wifidriver/wifi-uap.c:642:6:wifi_uap_set_beacon_period	8	static
../wifi/wifidriver/wifi-uap.c:646:5:wifi_uap_set_bandwidth	8	static
../wifi/wifidriver/wifi-uap.c:656:6:wifi_uap_set_hidden_ssid	8	static
../wifi/wifidriver/wifi-uap.c:661:6:wifi_uap_set_ecsa	0	static
../wifi/wifidriver/wifi-uap.c:668:6:wifi_uap_set_htcapinfo	8	static
../wifi/wifidriver/wifi-uap.c:675:5:wifi_uap_start	88	static
../wifi/wifidriver/wifi-uap.c:726:5:wifi_uap_bss_sta_list	40	static
../wifi/wifidriver/wifi-uap.c:742:5:wifi_sta_deauth	48	static
../wifi/wifidriver/wifi-uap.c:760:5:wifi_uap_stop	40	static
../wifi/wifidriver/wifi-uap.c:877:6:wifi_uap_handle_cmd_resp	96	static
../wifi/wifidriver/wifi-uap.c:1025:5:wifi_uap_rates_getset	40	static
../wifi/wifidriver/wifi-uap.c:1067:5:wifi_uap_mcbc_rate_getset	40	static
../wifi/wifidriver/wifi-uap.c:1105:5:wifi_uap_tx_power_getset	40	static
../wifi/wifidriver/wifi-uap.c:1142:5:wifi_uap_sta_ageout_timer_getset	40	static
../wifi/wifidriver/wifi-uap.c:1179:5:wifi_uap_ps_sta_ageout_timer_getset	40	static
../wifi/wifidriver/wifi-uap.c:1216:5:wifi_uap_group_rekey_timer_getset	40	static
../wifi/wifidriver/wifi-uap.c:1254:12:wifi_send_uap_get_channel_cmd	48	static
../wifi/wifidriver/wifi-uap.c:1276:12:wifi_send_uap_max_sta_num_cmd	48	static
../wifi/wifidriver/wifi-uap.c:1307:5:wifi_get_uap_max_clients	16	static
../wifi/wifidriver/wifi-uap.c:1312:5:wifi_set_uap_max_clients	16	static
../wifi/wifidriver/wifi-uap.c:1322:5:wifi_get_uap_channel	16	static
../wifi/wifidriver/wifi-uap.c:1327:12:wifi_uap_pmf_getset	40	static
