../lwip/src/apps/lwiperf/lwiperf.c:298:1:lwiperf_list_add	0	static
../lwip/src/apps/lwiperf/lwiperf.c:306:1:lwiperf_list_remove	16	static
../lwip/src/apps/lwiperf/lwiperf.c:368:1:lwiperf_tcp_close	56	static
../lwip/src/apps/lwiperf/lwiperf.c:717:1:lwiperf_tcp_accept	24	static
../lwip/src/apps/lwiperf/lwiperf.c:687:1:lwiperf_tcp_err	0	static
../lwip/src/apps/lwiperf/lwiperf.c:396:1:lwiperf_tcp_client_send_more	32	static
../lwip/src/apps/lwiperf/lwiperf.c:474:1:lwiperf_tcp_client_sent	8	static
../lwip/src/apps/lwiperf/lwiperf.c:698:1:lwiperf_tcp_poll	8	static
../lwip/src/apps/lwiperf/lwiperf.c:507:1:lwiperf_tx_start_impl	48	static
../lwip/src/apps/lwiperf/lwiperf.c:559:1:lwiperf_tx_start_passive	40	static
../lwip/src/apps/lwiperf/lwiperf.c:576:1:lwiperf_tcp_recv	24	static
../lwip/src/apps/lwiperf/lwiperf.c:1197:1:lwiperf_udp_tx_new	16	static
../lwip/src/apps/lwiperf/lwiperf.c:1026:1:lwiperf_udp_close	48	static
../lwip/src/apps/lwiperf/lwiperf.c:489:1:lwiperf_tcp_client_connected	16	static
../lwip/src/apps/lwiperf/lwiperf.c:1083:1:lwiperf_udp_set_client_rate.constprop	16	static
../lwip/src/apps/lwiperf/lwiperf.c:810:1:lwiperf_start_tcp_server_impl.constprop	24	static
../lwip/src/apps/lwiperf/lwiperf.c:1104:1:lwiperf_udp_client_send_more	48	static
../lwip/src/apps/lwiperf/lwiperf.c:1230:1:lwiperf_udp_tx_start	16	static
../lwip/src/apps/lwiperf/lwiperf.c:1052:1:lwiperf_udp_send_report	16	static
../lwip/src/apps/lwiperf/lwiperf.c:1273:1:lwiperf_udp_recv	48	static
../lwip/src/apps/lwiperf/lwiperf.c:795:1:lwiperf_start_tcp_server	32	static
../lwip/src/apps/lwiperf/lwiperf.c:780:1:lwiperf_start_tcp_server_default	0	static
../lwip/src/apps/lwiperf/lwiperf.c:1443:1:lwiperf_start_udp_server	24	static
../lwip/src/apps/lwiperf/lwiperf.c:1506:1:lwiperf_start_udp_client	40	static
../lwip/src/apps/lwiperf/lwiperf.c:1622:1:lwiperf_poll_udp_client	8	static
../lwip/src/apps/lwiperf/lwiperf.c:1636:1:lwiperf_abort	16	static
../lwip/src/apps/lwiperf/lwiperf.c:887:1:lwiperf_start_tcp_client	80	static
../lwip/src/apps/lwiperf/lwiperf.c:872:1:lwiperf_start_tcp_client_default	16	static
