../mbedtls/port/mw/aes_alt.c:1218:13:mbedtls_gf128mul_x_ble	20	static
../mbedtls/port/mw/aes_alt.c:516:6:mbedtls_aes_init	0	static
../mbedtls/port/mw/aes_alt.c:523:6:mbedtls_aes_free	0	static
../mbedtls/port/mw/aes_alt.c:532:6:mbedtls_aes_xts_init	8	static
../mbedtls/port/mw/aes_alt.c:540:6:mbedtls_aes_xts_free	8	static
../mbedtls/port/mw/aes_alt.c:665:5:mbedtls_aes_setkey_enc	8	static
../mbedtls/port/mw/aes_alt.c:755:5:mbedtls_aes_setkey_dec	0	static
../mbedtls/port/mw/aes_alt.c:800:5:mbedtls_aes_xts_setkey_enc	16	static
../mbedtls/port/mw/aes_alt.c:825:5:mbedtls_aes_xts_setkey_dec	0	static
../mbedtls/port/mw/aes_alt.c:970:5:mbedtls_internal_aes_encrypt	16	static
../mbedtls/port/mw/aes_alt.c:990:6:mbedtls_aes_encrypt	0	static
../mbedtls/port/mw/aes_alt.c:1069:5:mbedtls_internal_aes_decrypt	16	static
../mbedtls/port/mw/aes_alt.c:1089:6:mbedtls_aes_decrypt	0	static
../mbedtls/port/mw/aes_alt.c:1100:5:mbedtls_aes_crypt_ecb	4	static
../mbedtls/port/mw/aes_alt.c:1138:5:mbedtls_aes_crypt_cbc	40	static
../mbedtls/port/mw/aes_alt.c:1236:5:mbedtls_aes_crypt_xts	96	static
../mbedtls/port/mw/aes_alt.c:1348:5:mbedtls_aes_crypt_cfb128	32	static
../mbedtls/port/mw/aes_alt.c:1407:5:mbedtls_aes_crypt_cfb8	56	static
../mbedtls/port/mw/aes_alt.c:1448:5:mbedtls_aes_crypt_ofb	32	static
../mbedtls/port/mw/aes_alt.c:1505:5:mbedtls_aes_crypt_ctr	40	static
