../wifi/wps/wmcrypto.c:263:13:md5_vector	112	static
../wifi/wps/wmcrypto.c:61:7:mrvl_dh_setup_key	48	static
../wifi/wps/wmcrypto.c:148:5:mrvl_dh_compute_key	48	static
../wifi/wps/wmcrypto.c:231:6:mrvl_dh_free	0	static
../wifi/wps/wmcrypto.c:252:10:mrvl_sha1_vector	120	static
../wifi/wps/wmcrypto.c:305:6:mrvl_sha256	136	static
../wifi/wps/wmcrypto.c:283:10:mrvl_sha256_vector	72	static
../wifi/wps/wmcrypto.c:325:10:mrvl_hmac_sha256	176	static
../wifi/wps/wmcrypto.c:402:5:mrvl_kdf	216	static
../wifi/wps/wmcrypto.c:457:5:mrvl_aes_wrap	320	static
../wifi/wps/wmcrypto.c:525:5:mrvl_aes_unwrap	312	static
../wifi/wps/wmcrypto.c:553:5:mrvl_aes_wrap_ext	32	static
../wifi/wps/wmcrypto.c:581:5:mrvl_aes_unwrap_ext	24	static
../wifi/wps/wmcrypto.c:608:6:mrvl_crypto_hmac_md5	40	static
../wifi/wps/wmcrypto.c:637:6:mrvl_crypto_md5	104	static
../wifi/wps/wmcrypto.c:653:6:pbkdf2_sha1	64	static
../wifi/wps/wmcrypto.c:685:6:mrvl_crypto_pass_to_key	32	static
../wifi/wps/wmcrypto.c:731:5:mrvl_generate_psk	32	static
../wifi/wps/wmcrypto.c:773:6:hmac_md5_vector	176	static
../wifi/wps/wmcrypto.c:855:5:hmac_sha1_vector	192	static
../wifi/wps/wmcrypto.c:938:6:hmac_md5	40	static
../wifi/wps/wmcrypto.c:956:5:hmac_sha1	40	static
../wifi/wps/wmcrypto.c:967:6:mrvl_hmac_md5	32	static
../wifi/wps/wmcrypto.c:993:5:mrvl_tls_prf	184	static
../wifi/wps/wmcrypto.c:1085:5:mrvl_sha1_prf	104	static
