../sdmmc/src/fsl_sdio.c:237:17:SDIO_SendOperationCondition	72	static
../sdmmc/src/fsl_sdio.c:230:10:SDIO_CardInActive	0	static
../sdmmc/src/fsl_sdio.c:298:10:SDIO_IO_Write_Direct	72	static
../sdmmc/src/fsl_sdio.c:330:10:SDIO_IO_Read_Direct	72	static
../sdmmc/src/fsl_sdio.c:360:10:SDIO_IO_RW_Direct	72	static
../sdmmc/src/fsl_sdio.c:409:10:SDIO_IO_Write_Extended	104	static
../sdmmc/src/fsl_sdio.c:496:10:SDIO_IO_Read_Extended	104	static
../sdmmc/src/fsl_sdio.c:586:10:SDIO_IO_Transfer	112	static
../sdmmc/src/fsl_sdio.c:696:10:SDIO_GetCardCapability	40	static
../sdmmc/src/fsl_sdio.c:799:10:SDIO_SetBlockSize	40	static
../sdmmc/src/fsl_sdio.c:856:10:SDIO_CardReset	16	static
../sdmmc/src/fsl_sdio.c:861:10:SDIO_SetDataBusWidth	32	static
../sdmmc/src/fsl_sdio.c:945:10:SDIO_SwitchToHighSpeed	32	static
../sdmmc/src/fsl_sdio.c:1153:10:SDIO_SetDriverStrength	32	static
../sdmmc/src/fsl_sdio.c:1185:10:SDIO_EnableAsyncInterrupt	40	static
../sdmmc/src/fsl_sdio.c:1317:10:SDIO_ReadCIS	328	static
../sdmmc/src/fsl_sdio.c:1511:10:SDIO_CardInit	96	static
../sdmmc/src/fsl_sdio.c:1576:6:SDIO_CardDeinit	8	static
../sdmmc/src/fsl_sdio.c:1584:10:SDIO_HostInit	8	static
../sdmmc/src/fsl_sdio.c:1609:6:SDIO_HostDeinit	8	static
../sdmmc/src/fsl_sdio.c:1619:6:SDIO_HostDoReset	0	static
../sdmmc/src/fsl_sdio.c:1624:10:SDIO_PollingCardInsert	16	static
../sdmmc/src/fsl_sdio.c:1669:6:SDIO_IsCardPresent	8	static
../sdmmc/src/fsl_sdio.c:1698:6:SDIO_SetCardPower	8	static
../sdmmc/src/fsl_sdio.c:1714:10:SDIO_Init	8	static
../sdmmc/src/fsl_sdio.c:1745:6:SDIO_Deinit	8	static
../sdmmc/src/fsl_sdio.c:1753:10:SDIO_EnableIOInterrupt	40	static
../sdmmc/src/fsl_sdio.c:1804:10:SDIO_GetPendingInterrupt	16	static
../sdmmc/src/fsl_sdio.c:1819:10:SDIO_EnableIO	48	static
../sdmmc/src/fsl_sdio.c:1890:10:SDIO_SelectIO	24	static
../sdmmc/src/fsl_sdio.c:1907:10:SDIO_AbortIO	24	static
../sdmmc/src/fsl_sdio.c:1924:6:SDIO_SetIOIRQHandler	0	static
../sdmmc/src/fsl_sdio.c:1933:10:SDIO_HandlePendingIOInterrupt	24	static
