../mbedtls/library/bignum.c:81:13:mbedtls_mpi_zeroize	16	static
../mbedtls/library/bignum.c:89:6:mbedtls_mpi_init	8	static
../mbedtls/library/bignum.c:101:6:mbedtls_mpi_free	16	static
../mbedtls/library/bignum.c:120:5:mbedtls_mpi_grow	24	static
../mbedtls/library/bignum.c:151:5:mbedtls_mpi_shrink	24	static
../mbedtls/library/bignum.c:192:5:mbedtls_mpi_copy	24	static
../mbedtls/library/bignum.c:234:6:mbedtls_mpi_swap	32	static
../mbedtls/library/bignum.c:250:5:mbedtls_mpi_safe_cond_assign	32	static
../mbedtls/library/bignum.c:280:5:mbedtls_mpi_safe_cond_swap	40	static
../mbedtls/library/bignum.c:316:5:mbedtls_mpi_lset	24	static
../mbedtls/library/bignum.c:335:5:mbedtls_mpi_get_bit	8	static
../mbedtls/library/bignum.c:352:5:mbedtls_mpi_set_bit	40	static
../mbedtls/library/bignum.c:381:8:mbedtls_mpi_lsb	24	static
../mbedtls/library/bignum.c:397:15:mbedtls_clz	16	static
../mbedtls/library/bignum.c:415:8:mbedtls_mpi_bitlen	24	static
../mbedtls/library/bignum.c:434:8:mbedtls_mpi_size	16	static
../mbedtls/library/bignum.c:442:12:mpi_get_digit	16	static
../mbedtls/library/bignum.c:459:5:mbedtls_mpi_read_string	64	static
../mbedtls/library/bignum.c:533:12:mpi_write_hlp	40	static
../mbedtls/library/bignum.c:572:5:mbedtls_mpi_write_string	64	static
../mbedtls/library/bignum.c:743:25:mpi_uint_bigendian_to_host_c	24	static
../mbedtls/library/bignum.c:758:25:mpi_uint_bigendian_to_host	8	static
../mbedtls/library/bignum.c:801:13:mpi_bigendian_to_host	32	static
../mbedtls/library/bignum.c:833:5:mbedtls_mpi_read_binary	40	static
../mbedtls/library/bignum.c:870:5:mbedtls_mpi_write_binary	40	static
../mbedtls/library/bignum.c:916:5:mbedtls_mpi_shift_l	40	static
../mbedtls/library/bignum.c:967:5:mbedtls_mpi_shift_r	40	static
../mbedtls/library/bignum.c:1011:5:mbedtls_mpi_cmp_abs	16	static
../mbedtls/library/bignum.c:1043:5:mbedtls_mpi_cmp_mpi	16	static
../mbedtls/library/bignum.c:1082:17:ct_lt_mpi_uint	16	static
../mbedtls/library/bignum.c:1113:5:mbedtls_mpi_lt_mpi_ct	48	static
../mbedtls/library/bignum.c:1179:5:mbedtls_mpi_cmp_int	32	static
../mbedtls/library/bignum.c:1199:5:mbedtls_mpi_add_abs	56	static
../mbedtls/library/bignum.c:1259:13:mpi_sub_hlp	32	static
../mbedtls/library/bignum.c:1283:5:mbedtls_mpi_sub_abs	48	static
../mbedtls/library/bignum.c:1330:5:mbedtls_mpi_add_mpi	32	static
../mbedtls/library/bignum.c:1365:5:mbedtls_mpi_sub_mpi	32	static
../mbedtls/library/bignum.c:1400:5:mbedtls_mpi_add_int	40	static
../mbedtls/library/bignum.c:1418:5:mbedtls_mpi_sub_int	40	static
../mbedtls/library/bignum.c:1444:6:mpi_mul_hlp	672	static
../mbedtls/library/bignum.c:1511:5:mbedtls_mpi_mul_mpi	64	static
../mbedtls/library/bignum.c:1552:5:mbedtls_mpi_mul_int	40	static
../mbedtls/library/bignum.c:1571:25:mbedtls_int_div_int	72	static
../mbedtls/library/bignum.c:1666:5:mbedtls_mpi_div_mpi	112	static
../mbedtls/library/bignum.c:1784:5:mbedtls_mpi_div_int	40	static
../mbedtls/library/bignum.c:1806:5:mbedtls_mpi_mod_mpi	32	static
../mbedtls/library/bignum.c:1833:5:mbedtls_mpi_mod_int	32	static
../mbedtls/library/bignum.c:1892:13:mpi_montg_init	24	static
../mbedtls/library/bignum.c:1909:12:mpi_montmul	48	static
../mbedtls/library/bignum.c:1952:12:mpi_montred	48	static
../mbedtls/library/bignum.c:1970:5:mbedtls_mpi_exp_mod	1656	static
../mbedtls/library/bignum.c:2191:5:mbedtls_mpi_gcd	72	static
../mbedtls/library/bignum.c:2252:5:mbedtls_mpi_fill_random	40	static
../mbedtls/library/bignum.c:2288:5:mbedtls_mpi_inv_mod	136	static
../mbedtls/library/bignum.c:2420:12:mpi_check_small_factors	32	static
../mbedtls/library/bignum.c:2447:12:mpi_miller_rabin	120	static
../mbedtls/library/bignum.c:2540:5:mbedtls_mpi_is_prime_ext	40	static
../mbedtls/library/bignum.c:2580:5:mbedtls_mpi_is_prime	24	static
../mbedtls/library/bignum.c:2604:5:mbedtls_mpi_gen_prime	56	static
../mbedtls/library/bignum.c:2740:5:mbedtls_mpi_self_test	120	static
