E:\MCUXpressoIDE_24.9.25\88MW32X\rdmw320_r0_mw_lwip_httpssrv_ota\mbedtls\include/mbedtls/cipher.h:427:28:mbedtls_cipher_get_block_size	8	static
E:\MCUXpressoIDE_24.9.25\88MW32X\rdmw320_r0_mw_lwip_httpssrv_ota\mbedtls\include/mbedtls/cipher.h:466:19:mbedtls_cipher_get_iv_size	8	static
../mbedtls/library/cipher.c:79:12:mbedtls_constant_time_memcmp	32	static
../mbedtls/library/cipher.c:95:12:mbedtls_cipher_list	8	static
../mbedtls/library/cipher.c:116:30:mbedtls_cipher_info_from_type	16	static
../mbedtls/library/cipher.c:127:30:mbedtls_cipher_info_from_string	24	static
../mbedtls/library/cipher.c:141:30:mbedtls_cipher_info_from_values	16	static
../mbedtls/library/cipher.c:156:6:mbedtls_cipher_init	16	static
../mbedtls/library/cipher.c:162:6:mbedtls_cipher_free	16	static
../mbedtls/library/cipher.c:182:5:mbedtls_cipher_setup	16	static
../mbedtls/library/cipher.c:209:5:mbedtls_cipher_setkey	24	static
../mbedtls/library/cipher.c:249:5:mbedtls_cipher_set_iv	32	static
../mbedtls/library/cipher.c:296:5:mbedtls_cipher_reset	8	static
../mbedtls/library/cipher.c:308:5:mbedtls_cipher_update_ad	32	static
../mbedtls/library/cipher.c:349:5:mbedtls_cipher_update	64	static
../mbedtls/library/cipher.c:589:13:add_pkcs_padding	24	static
../mbedtls/library/cipher.c:599:12:get_pkcs_padding	32	static
../mbedtls/library/cipher.c:629:13:add_one_and_zeros_padding	24	static
../mbedtls/library/cipher.c:640:12:get_one_and_zeros_padding	24	static
../mbedtls/library/cipher.c:668:13:add_zeros_and_len_padding	24	static
../mbedtls/library/cipher.c:679:12:get_zeros_and_len_padding	32	static
../mbedtls/library/cipher.c:708:13:add_zeros_padding	24	static
../mbedtls/library/cipher.c:717:12:get_zeros_padding	24	static
../mbedtls/library/cipher.c:744:12:get_no_padding	16	static
../mbedtls/library/cipher.c:756:5:mbedtls_cipher_finish	48	static
../mbedtls/library/cipher.c:847:5:mbedtls_cipher_set_padding_mode	8	static
../mbedtls/library/cipher.c:897:5:mbedtls_cipher_write_tag	24	static
../mbedtls/library/cipher.c:929:5:mbedtls_cipher_check_tag	48	static
../mbedtls/library/cipher.c:994:5:mbedtls_cipher_crypt	40	static
../mbedtls/library/cipher.c:1029:5:mbedtls_cipher_auth_encrypt	56	static
../mbedtls/library/cipher.c:1084:5:mbedtls_cipher_auth_decrypt	56	static
