../mbedtls/library/ecp.c:434:31:mbedtls_ecp_curve_list	0	static
../mbedtls/library/ecp.c:442:29:mbedtls_ecp_grp_id_list	16	static
../mbedtls/library/ecp.c:468:31:mbedtls_ecp_curve_info_from_grp_id	24	static
../mbedtls/library/ecp.c:486:31:mbedtls_ecp_curve_info_from_tls_id	24	static
../mbedtls/library/ecp.c:504:31:mbedtls_ecp_curve_info_from_name	24	static
../mbedtls/library/ecp.c:525:30:ecp_get_type	8	static
../mbedtls/library/ecp.c:539:6:mbedtls_ecp_point_init	16	static
../mbedtls/library/ecp.c:551:6:mbedtls_ecp_group_init	16	static
../mbedtls/library/ecp.c:575:6:mbedtls_ecp_keypair_init	16	static
../mbedtls/library/ecp.c:587:6:mbedtls_ecp_point_free	16	static
../mbedtls/library/ecp.c:600:6:mbedtls_ecp_group_free	24	static
../mbedtls/library/ecp.c:629:6:mbedtls_ecp_keypair_free	16	static
../mbedtls/library/ecp.c:642:5:mbedtls_ecp_copy	24	static
../mbedtls/library/ecp.c:659:5:mbedtls_ecp_group_copy	16	static
../mbedtls/library/ecp.c:670:5:mbedtls_ecp_set_zero	24	static
../mbedtls/library/ecp.c:686:5:mbedtls_ecp_is_zero	16	static
../mbedtls/library/ecp.c:696:5:mbedtls_ecp_point_cmp	16	static
../mbedtls/library/ecp.c:715:5:mbedtls_ecp_point_read_string	32	static
../mbedtls/library/ecp.c:734:5:mbedtls_ecp_point_write_binary	32	static
../mbedtls/library/ecp.c:793:5:mbedtls_ecp_point_read_binary	32	static
../mbedtls/library/ecp.c:836:5:mbedtls_ecp_tls_read_point	32	static
../mbedtls/library/ecp.c:872:5:mbedtls_ecp_tls_write_point	40	static
../mbedtls/library/ecp.c:906:5:mbedtls_ecp_tls_read_group	32	static
../mbedtls/library/ecp.c:925:5:mbedtls_ecp_tls_read_group_id	32	static
../mbedtls/library/ecp.c:964:5:mbedtls_ecp_tls_write_group	32	static
../mbedtls/library/ecp.c:1002:12:ecp_modp	24	static
../mbedtls/library/ecp.c:1087:12:ecp_normalize_jac	48	static
../mbedtls/library/ecp.c:1140:12:ecp_normalize_jac_many	72	static
../mbedtls/library/ecp.c:1231:12:ecp_safe_invert_jac	48	static
../mbedtls/library/ecp.c:1268:12:ecp_double_jac	80	static
../mbedtls/library/ecp.c:1366:12:ecp_add_mixed	112	static
../mbedtls/library/ecp.c:1455:12:ecp_randomize_jac	64	static
../mbedtls/library/ecp.c:1563:13:ecp_comb_recode_core	40	static
../mbedtls/library/ecp.c:1629:12:ecp_precompute_comb	168	static
../mbedtls/library/ecp.c:1768:12:ecp_select_comb	32	static
../mbedtls/library/ecp.c:1800:12:ecp_mul_comb_core	80	static
../mbedtls/library/ecp.c:1882:12:ecp_comb_recode_scalar	56	static
../mbedtls/library/ecp.c:1924:12:ecp_mul_comb_after_precomp	320	static
../mbedtls/library/ecp.c:1991:22:ecp_pick_window_size	16	static
../mbedtls/library/ecp.c:2036:12:ecp_mul_comb	72	static
../mbedtls/library/ecp.c:2387:5:mbedtls_ecp_mul_restartable	48	static
../mbedtls/library/ecp.c:2453:5:mbedtls_ecp_mul	40	static
../mbedtls/library/ecp.c:2469:12:ecp_check_pubkey_sw	48	static
../mbedtls/library/ecp.c:2518:12:mbedtls_ecp_mul_shortcuts	48	static
../mbedtls/library/ecp.c:2557:5:mbedtls_ecp_muladd_restartable	80	static
../mbedtls/library/ecp.c:2658:5:mbedtls_ecp_muladd	40	static
../mbedtls/library/ecp.c:2690:5:mbedtls_ecp_check_pubkey	16	static
../mbedtls/library/ecp.c:2714:5:mbedtls_ecp_check_privkey	16	static
../mbedtls/library/ecp.c:2754:5:mbedtls_ecp_gen_privkey	40	static
../mbedtls/library/ecp.c:2844:5:mbedtls_ecp_gen_keypair_base	40	static
../mbedtls/library/ecp.c:2867:5:mbedtls_ecp_gen_keypair	32	static
../mbedtls/library/ecp.c:2883:5:mbedtls_ecp_gen_key	40	static
../mbedtls/library/ecp.c:2899:5:mbedtls_ecp_check_pub_priv	192	static
../mbedtls/library/ecp.c:2945:5:mbedtls_ecp_self_test	288	static
