E:\MCUXpressoIDE_24.9.25\88MW32X\rdmw320_r0_mw_lwip_httpssrv_ota\mbedtls\include/mbedtls/pk.h:157:36:mbedtls_pk_rsa	8	static
E:\MCUXpressoIDE_24.9.25\88MW32X\rdmw320_r0_mw_lwip_httpssrv_ota\mbedtls\include/mbedtls/pk.h:288:22:mbedtls_pk_get_len	16	static
../mbedtls/library/pk.c:56:6:mbedtls_pk_init	8	static
../mbedtls/library/pk.c:67:6:mbedtls_pk_free	16	static
../mbedtls/library/pk.c:110:27:mbedtls_pk_info_from_type	8	static
../mbedtls/library/pk.c:136:5:mbedtls_pk_setup	16	static
../mbedtls/library/pk.c:154:5:mbedtls_pk_setup_rsa_alt	32	static
../mbedtls/library/pk.c:185:5:mbedtls_pk_can_do	16	static
../mbedtls/library/pk.c:199:19:pk_hashlen_helper	24	static
../mbedtls/library/pk.c:240:5:mbedtls_pk_verify_restartable	32	static
../mbedtls/library/pk.c:288:5:mbedtls_pk_verify	40	static
../mbedtls/library/pk.c:299:5:mbedtls_pk_verify_ext	56	static
../mbedtls/library/pk.c:362:5:mbedtls_pk_sign_restartable	40	static
../mbedtls/library/pk.c:411:5:mbedtls_pk_sign	48	static
../mbedtls/library/pk.c:423:5:mbedtls_pk_decrypt	40	static
../mbedtls/library/pk.c:446:5:mbedtls_pk_encrypt	40	static
../mbedtls/library/pk.c:469:5:mbedtls_pk_check_pair	16	static
../mbedtls/library/pk.c:498:8:mbedtls_pk_get_bitlen	16	static
../mbedtls/library/pk.c:511:5:mbedtls_pk_debug	16	static
../mbedtls/library/pk.c:527:13:mbedtls_pk_get_name	8	static
../mbedtls/library/pk.c:538:19:mbedtls_pk_get_type	8	static
