E:\MCUXpressoIDE_24.9.25\88MW32X\rdmw320_r0_mw_lwip_httpssrv_ota\mbedtls\include/mbedtls/pk.h:157:36:mbedtls_pk_rsa	8	static
E:\MCUXpressoIDE_24.9.25\88MW32X\rdmw320_r0_mw_lwip_httpssrv_ota\mbedtls\include/mbedtls/pk.h:170:36:mbedtls_pk_ec	8	static
../mbedtls/library/pkparse.c:188:12:pk_get_ecparams	32	static
../mbedtls/library/pkparse.c:244:12:pk_group_from_specified	48	static
../mbedtls/library/pkparse.c:389:12:pk_group_id_from_group	152	static
../mbedtls/library/pkparse.c:433:12:pk_group_id_from_specified	144	static
../mbedtls/library/pkparse.c:461:12:pk_use_ecparams	24	static
../mbedtls/library/pkparse.c:500:12:pk_get_ecpubkey	32	static
../mbedtls/library/pkparse.c:527:12:pk_get_rsapubkey	64	static
../mbedtls/library/pkparse.c:582:12:pk_get_pk_alg	40	static
../mbedtls/library/pkparse.c:615:5:mbedtls_pk_parse_subpubkey	56	static
../mbedtls/library/pkparse.c:690:12:asn1_get_nonzero_mpi	32	static
../mbedtls/library/pkparse.c:709:12:pk_parse_key_pkcs1_der	64	static
../mbedtls/library/pkparse.c:866:12:pk_parse_key_sec1_der	72	static
../mbedtls/library/pkparse.c:1004:12:pk_parse_key_pkcs8_unencrypted_der	64	static
../mbedtls/library/pkparse.c:1099:12:pk_parse_key_pkcs8_encrypted_der	112	static
../mbedtls/library/pkparse.c:1219:5:mbedtls_pk_parse_key	72	static
../mbedtls/library/pkparse.c:1432:5:mbedtls_pk_parse_public_key	72	static
