E:\MCUXpressoIDE_24.9.25\88MW32X\rdmw320_r0_mw_lwip_httpssrv_ota\mbedtls\include/mbedtls/pk.h:157:36:mbedtls_pk_rsa	8	static
E:\MCUXpressoIDE_24.9.25\88MW32X\rdmw320_r0_mw_lwip_httpssrv_ota\mbedtls\include/mbedtls/pk.h:170:36:mbedtls_pk_ec	8	static
../mbedtls/library/pkwrite.c:73:12:pk_write_rsa_pubkey	56	static
../mbedtls/library/pkwrite.c:112:12:pk_write_ec_pubkey	176	static
../mbedtls/library/pkwrite.c:140:12:pk_write_ec_param	40	static
../mbedtls/library/pkwrite.c:159:12:pk_write_ec_private	104	static
../mbedtls/library/pkwrite.c:177:5:mbedtls_pk_write_pubkey	32	static
../mbedtls/library/pkwrite.c:203:5:mbedtls_pk_write_pubkey_der	56	static
../mbedtls/library/pkwrite.c:256:5:mbedtls_pk_write_key_der	72	static
../mbedtls/library/pkwrite.c:499:5:mbedtls_pk_write_pubkey_pem	2136	static
../mbedtls/library/pkwrite.c:524:5:mbedtls_pk_write_key_pem	5736	static
