../mbedtls/library/rsa.c:82:19:mbedtls_safer_memcmp	32	static
../mbedtls/library/rsa.c:96:5:mbedtls_rsa_import	32	static
../mbedtls/library/rsa.c:119:5:mbedtls_rsa_import_raw	32	static
../mbedtls/library/rsa.c:160:12:rsa_check_context	24	static
../mbedtls/library/rsa.c:248:5:mbedtls_rsa_complete	88	static
../mbedtls/library/rsa.c:352:5:mbedtls_rsa_export_raw	32	static
../mbedtls/library/rsa.c:400:5:mbedtls_rsa_export	32	static
../mbedtls/library/rsa.c:445:5:mbedtls_rsa_export_crt	32	static
../mbedtls/library/rsa.c:485:6:mbedtls_rsa_init	24	static
../mbedtls/library/rsa.c:505:6:mbedtls_rsa_set_padding	16	static
../mbedtls/library/rsa.c:520:8:mbedtls_rsa_get_len	8	static
../mbedtls/library/rsa.c:534:5:mbedtls_rsa_gen_key	88	static
../mbedtls/library/rsa.c:648:5:mbedtls_rsa_check_pubkey	16	static
../mbedtls/library/rsa.c:673:5:mbedtls_rsa_check_privkey	40	static
../mbedtls/library/rsa.c:703:5:mbedtls_rsa_check_pub_priv	16	static
../mbedtls/library/rsa.c:728:5:mbedtls_rsa_public	56	static
../mbedtls/library/rsa.c:783:12:rsa_prepare_blinding	40	static
../mbedtls/library/rsa.c:841:5:mbedtls_rsa_private	168	static
../mbedtls/library/rsa.c:1078:12:mgf_mask	112	static
../mbedtls/library/rsa.c:1130:5:mbedtls_rsa_rsaes_oaep_encrypt	64	static
../mbedtls/library/rsa.c:1218:5:mbedtls_rsa_rsaes_pkcs1_v15_encrypt	56	static
../mbedtls/library/rsa.c:1289:5:mbedtls_rsa_pkcs1_encrypt	48	static
../mbedtls/library/rsa.c:1325:5:mbedtls_rsa_rsaes_oaep_decrypt	1168	static
../mbedtls/library/rsa.c:1473:17:all_or_nothing_int	8	static
../mbedtls/library/rsa.c:1497:17:size_greater_than	8	static
../mbedtls/library/rsa.c:1513:17:if_int	32	static
../mbedtls/library/rsa.c:1535:13:mem_move_to_left	48	static
../mbedtls/library/rsa.c:1562:5:mbedtls_rsa_rsaes_pkcs1_v15_decrypt	1096	static
../mbedtls/library/rsa.c:1728:5:mbedtls_rsa_pkcs1_decrypt	48	static
../mbedtls/library/rsa.c:1767:5:mbedtls_rsa_rsassa_pss_sign	144	static
../mbedtls/library/rsa.c:1911:12:rsa_rsassa_pkcs1_v15_encode	48	static
../mbedtls/library/rsa.c:2026:5:mbedtls_rsa_rsassa_pkcs1_v15_sign	48	static
../mbedtls/library/rsa.c:2106:5:mbedtls_rsa_pkcs1_sign	40	static
../mbedtls/library/rsa.c:2146:5:mbedtls_rsa_rsassa_pss_verify_ext	1176	static
../mbedtls/library/rsa.c:2296:5:mbedtls_rsa_rsassa_pss_verify	56	static
../mbedtls/library/rsa.c:2330:5:mbedtls_rsa_rsassa_pkcs1_v15_verify	48	static
../mbedtls/library/rsa.c:2413:5:mbedtls_rsa_pkcs1_verify	40	static
../mbedtls/library/rsa.c:2452:5:mbedtls_rsa_copy	24	static
../mbedtls/library/rsa.c:2494:6:mbedtls_rsa_free	16	static
../mbedtls/library/rsa.c:2567:12:myrand	32	static
../mbedtls/library/rsa.c:2591:5:mbedtls_rsa_self_test	424	static
