E:\MCUXpressoIDE_24.9.25\88MW32X\rdmw320_r0_mw_lwip_httpssrv_ota\mbedtls\include/mbedtls/pk.h:170:36:mbedtls_pk_ec	8	static
E:\MCUXpressoIDE_24.9.25\88MW32X\rdmw320_r0_mw_lwip_httpssrv_ota\mbedtls\include/mbedtls/cipher.h:427:28:mbedtls_cipher_get_block_size	8	static
E:\MCUXpressoIDE_24.9.25\88MW32X\rdmw320_r0_mw_lwip_httpssrv_ota\mbedtls\include/mbedtls/cipher.h:446:37:mbedtls_cipher_get_cipher_mode	8	static
E:\MCUXpressoIDE_24.9.25\88MW32X\rdmw320_r0_mw_lwip_httpssrv_ota\mbedtls\include/mbedtls/ssl_internal.h:505:20:mbedtls_ssl_sig_hash_set_init	16	static
E:\MCUXpressoIDE_24.9.25\88MW32X\rdmw320_r0_mw_lwip_httpssrv_ota\mbedtls\include/mbedtls/ssl_internal.h:674:33:mbedtls_ssl_own_cert	16	static
E:\MCUXpressoIDE_24.9.25\88MW32X\rdmw320_r0_mw_lwip_httpssrv_ota\mbedtls\include/mbedtls/ssl_internal.h:706:22:mbedtls_ssl_hdr_len	8	static
E:\MCUXpressoIDE_24.9.25\88MW32X\rdmw320_r0_mw_lwip_httpssrv_ota\mbedtls\include/mbedtls/ssl_internal.h:717:22:mbedtls_ssl_hs_hdr_len	8	static
E:\MCUXpressoIDE_24.9.25\88MW32X\rdmw320_r0_mw_lwip_httpssrv_ota\mbedtls\include/mbedtls/ssl_internal.h:742:19:mbedtls_ssl_safer_memcmp	32	static
../mbedtls/library/ssl_tls.c:61:22:ssl_ep_len	8	static
../mbedtls/library/ssl_tls.c:76:13:ssl_set_timer	16	static
../mbedtls/library/ssl_tls.c:88:12:ssl_check_timer	16	static
../mbedtls/library/ssl_tls.c:124:15:ssl_get_maximum_datagram_size	24	static
../mbedtls/library/ssl_tls.c:134:12:ssl_get_remaining_space_in_datagram	24	static
../mbedtls/library/ssl_tls.c:150:12:ssl_get_remaining_payload_in_datagram	40	static
../mbedtls/library/ssl_tls.c:201:12:ssl_double_retransmit_timeout	16	static
../mbedtls/library/ssl_tls.c:236:13:ssl_reset_retransmit_timeout	8	static
../mbedtls/library/ssl_tls.c:253:21:ssl_mfl_code_to_length	8	static
../mbedtls/library/ssl_tls.c:274:12:ssl_session_copy	24	static
../mbedtls/library/ssl_tls.c:395:12:tls1_prf	224	static
../mbedtls/library/ssl_tls.c:493:12:tls_prf_generic	256	static
../mbedtls/library/ssl_tls.c:557:12:tls_prf_sha256	40	static
../mbedtls/library/ssl_tls.c:568:12:tls_prf_sha384	40	static
../mbedtls/library/ssl_tls.c:610:5:mbedtls_ssl_derive_keys	472	static
../mbedtls/library/ssl_tls.c:1169:6:ssl_calc_verify_tls	200	static
../mbedtls/library/ssl_tls.c:1197:6:ssl_calc_verify_tls_sha256	128	static
../mbedtls/library/ssl_tls.c:1218:6:ssl_calc_verify_tls_sha384	232	static
../mbedtls/library/ssl_tls.c:1240:5:mbedtls_ssl_psk_derive_premaster	64	static
../mbedtls/library/ssl_tls.c:1422:13:ssl_read_memory	16	static
../mbedtls/library/ssl_tls.c:1438:12:ssl_encrypt_buf	216	static
../mbedtls/library/ssl_tls.c:1784:12:ssl_decrypt_buf	264	static
../mbedtls/library/ssl_tls.c:2487:12:ssl_resend_hello_request	24	static
../mbedtls/library/ssl_tls.c:2529:5:mbedtls_ssl_fetch_input	32	static
../mbedtls/library/ssl_tls.c:2748:5:mbedtls_ssl_flush_output	24	static
../mbedtls/library/ssl_tls.c:2817:12:ssl_flight_append	24	static
../mbedtls/library/ssl_tls.c:2863:13:ssl_flight_free	24	static
../mbedtls/library/ssl_tls.c:2886:12:ssl_swap_epochs	32	static
../mbedtls/library/ssl_tls.c:2932:5:mbedtls_ssl_resend	24	static
../mbedtls/library/ssl_tls.c:2952:5:mbedtls_ssl_flight_transmit	64	static
../mbedtls/library/ssl_tls.c:3114:6:mbedtls_ssl_recv_flight_completed	16	static
../mbedtls/library/ssl_tls.c:3145:6:mbedtls_ssl_send_flight_completed	16	static
../mbedtls/library/ssl_tls.c:3186:5:mbedtls_ssl_write_handshake_msg	32	static
../mbedtls/library/ssl_tls.c:3345:5:mbedtls_ssl_write_record	48	static
../mbedtls/library/ssl_tls.c:3491:12:ssl_hs_is_proper_fragment	16	static
../mbedtls/library/ssl_tls.c:3502:17:ssl_get_hs_frag_len	8	static
../mbedtls/library/ssl_tls.c:3509:17:ssl_get_hs_frag_off	8	static
../mbedtls/library/ssl_tls.c:3516:12:ssl_check_hs_header	32	static
../mbedtls/library/ssl_tls.c:3539:13:ssl_bitmask_set	40	static
../mbedtls/library/ssl_tls.c:3582:12:ssl_bitmask_check	16	static
../mbedtls/library/ssl_tls.c:3598:15:ssl_get_reassembly_buffer_size	16	static
../mbedtls/library/ssl_tls.c:3614:17:ssl_get_hs_total_len	8	static
../mbedtls/library/ssl_tls.c:3621:5:mbedtls_ssl_prepare_handshake_record	24	static
../mbedtls/library/ssl_tls.c:3713:6:mbedtls_ssl_update_handshake_status	32	static
../mbedtls/library/ssl_tls.c:3765:13:ssl_dtls_replay_reset	8	static
../mbedtls/library/ssl_tls.c:3771:24:ssl_load_six_bytes	104	static
../mbedtls/library/ssl_tls.c:3784:5:mbedtls_ssl_dtls_replay_check	56	static
../mbedtls/library/ssl_tls.c:3809:6:mbedtls_ssl_dtls_replay_update	88	static
../mbedtls/library/ssl_tls.c:3857:12:ssl_check_dtls_clihlo_cookie	48	static
../mbedtls/library/ssl_tls.c:3991:12:ssl_handle_possible_reconnect	72	static
../mbedtls/library/ssl_tls.c:4057:12:ssl_parse_record_header	32	static
../mbedtls/library/ssl_tls.c:4242:12:ssl_prepare_record_content	24	static
../mbedtls/library/ssl_tls.c:4320:5:mbedtls_ssl_read_record	24	static
../mbedtls/library/ssl_tls.c:4405:12:ssl_next_record_is_in_datagram	8	static
../mbedtls/library/ssl_tls.c:4413:12:ssl_load_buffered_message	32	static
../mbedtls/library/ssl_tls.c:4510:12:ssl_buffer_make_space	24	static
../mbedtls/library/ssl_tls.c:4552:12:ssl_buffer_message	64	static
../mbedtls/library/ssl_tls.c:4745:12:ssl_consume_current_message	16	static
../mbedtls/library/ssl_tls.c:4832:12:ssl_record_is_in_progress	8	static
../mbedtls/library/ssl_tls.c:4842:13:ssl_free_buffered_record	24	static
../mbedtls/library/ssl_tls.c:4858:12:ssl_load_buffered_record	32	static
../mbedtls/library/ssl_tls.c:4912:12:ssl_buffer_future_record	32	static
../mbedtls/library/ssl_tls.c:4969:12:ssl_get_next_record	24	static
../mbedtls/library/ssl_tls.c:5123:5:mbedtls_ssl_handle_message_type	24	static
../mbedtls/library/ssl_tls.c:5241:5:mbedtls_ssl_send_fatal_handshake_failure	24	static
../mbedtls/library/ssl_tls.c:5255:5:mbedtls_ssl_send_alert_message	24	static
../mbedtls/library/ssl_tls.c:5336:5:mbedtls_ssl_write_certificate	40	static
../mbedtls/library/ssl_tls.c:5456:12:ssl_parse_certificate_chain	32	static
../mbedtls/library/ssl_tls.c:5655:5:mbedtls_ssl_parse_certificate	80	static
../mbedtls/library/ssl_tls.c:5889:5:mbedtls_ssl_write_change_cipher_spec	24	static
../mbedtls/library/ssl_tls.c:5912:5:mbedtls_ssl_parse_change_cipher_spec	24	static
../mbedtls/library/ssl_tls.c:5985:6:mbedtls_ssl_optimize_checksum	8	static
../mbedtls/library/ssl_tls.c:6014:6:mbedtls_ssl_reset_checksum	16	static
../mbedtls/library/ssl_tls.c:6031:13:ssl_update_checksum_start	24	static
../mbedtls/library/ssl_tls.c:6051:13:ssl_update_checksum_md5sha1	24	static
../mbedtls/library/ssl_tls.c:6061:13:ssl_update_checksum_sha256	24	static
../mbedtls/library/ssl_tls.c:6069:13:ssl_update_checksum_sha384	24	static
../mbedtls/library/ssl_tls.c:6163:13:ssl_calc_finished_tls	272	static
../mbedtls/library/ssl_tls.c:6223:13:ssl_calc_finished_tls_sha256	192	static
../mbedtls/library/ssl_tls.c:6272:13:ssl_calc_finished_tls_sha384	320	static
../mbedtls/library/ssl_tls.c:6321:13:ssl_handshake_wrapup_free_hs_transform	16	static
../mbedtls/library/ssl_tls.c:6346:6:mbedtls_ssl_handshake_wrapup	24	static
../mbedtls/library/ssl_tls.c:6408:5:mbedtls_ssl_write_finished	32	static
../mbedtls/library/ssl_tls.c:6532:5:mbedtls_ssl_parse_finished	40	static
../mbedtls/library/ssl_tls.c:6611:13:ssl_handshake_params_init	16	static
../mbedtls/library/ssl_tls.c:6663:13:ssl_transform_init	16	static
../mbedtls/library/ssl_tls.c:6674:6:mbedtls_ssl_session_init	16	static
../mbedtls/library/ssl_tls.c:6679:12:ssl_handshake_init	16	static
../mbedtls/library/ssl_tls.c:6750:12:ssl_cookie_write_dummy	16	static
../mbedtls/library/ssl_tls.c:6763:12:ssl_cookie_check_dummy	16	static
../mbedtls/library/ssl_tls.c:6785:13:ssl_update_out_pointers	8	static
../mbedtls/library/ssl_tls.c:6821:13:ssl_update_in_pointers	8	static
../mbedtls/library/ssl_tls.c:6852:6:mbedtls_ssl_init	16	static
../mbedtls/library/ssl_tls.c:6861:13:ssl_reset_in_out_pointers	16	static
../mbedtls/library/ssl_tls.c:6882:5:mbedtls_ssl_setup	24	static
../mbedtls/library/ssl_tls.c:6950:12:ssl_session_reset_int	24	static
../mbedtls/library/ssl_tls.c:7069:5:mbedtls_ssl_session_reset	16	static
../mbedtls/library/ssl_tls.c:7077:6:mbedtls_ssl_conf_endpoint	8	static
../mbedtls/library/ssl_tls.c:7082:6:mbedtls_ssl_conf_transport	8	static
../mbedtls/library/ssl_tls.c:7088:6:mbedtls_ssl_conf_dtls_anti_replay	8	static
../mbedtls/library/ssl_tls.c:7095:6:mbedtls_ssl_conf_dtls_badmac_limit	8	static
../mbedtls/library/ssl_tls.c:7103:6:mbedtls_ssl_set_datagram_packing	8	static
../mbedtls/library/ssl_tls.c:7109:6:mbedtls_ssl_conf_handshake_timeout	16	static
../mbedtls/library/ssl_tls.c:7117:6:mbedtls_ssl_conf_authmode	8	static
../mbedtls/library/ssl_tls.c:7123:6:mbedtls_ssl_conf_verify	16	static
../mbedtls/library/ssl_tls.c:7132:6:mbedtls_ssl_conf_rng	16	static
../mbedtls/library/ssl_tls.c:7140:6:mbedtls_ssl_conf_dbg	16	static
../mbedtls/library/ssl_tls.c:7148:6:mbedtls_ssl_set_bio	16	static
../mbedtls/library/ssl_tls.c:7161:6:mbedtls_ssl_set_mtu	8	static
../mbedtls/library/ssl_tls.c:7167:6:mbedtls_ssl_conf_read_timeout	8	static
../mbedtls/library/ssl_tls.c:7172:6:mbedtls_ssl_set_timer_cb	24	static
../mbedtls/library/ssl_tls.c:7186:6:mbedtls_ssl_conf_session_cache	16	static
../mbedtls/library/ssl_tls.c:7198:5:mbedtls_ssl_set_session	24	static
../mbedtls/library/ssl_tls.c:7219:6:mbedtls_ssl_conf_ciphersuites	8	static
../mbedtls/library/ssl_tls.c:7228:6:mbedtls_ssl_conf_ciphersuites_for_version	16	static
../mbedtls/library/ssl_tls.c:7242:6:mbedtls_ssl_conf_cert_profile	8	static
../mbedtls/library/ssl_tls.c:7249:12:ssl_append_key_cert	32	static
../mbedtls/library/ssl_tls.c:7279:5:mbedtls_ssl_conf_own_cert	24	static
../mbedtls/library/ssl_tls.c:7286:6:mbedtls_ssl_conf_ca_chain	16	static
../mbedtls/library/ssl_tls.c:7296:5:mbedtls_ssl_set_hs_own_cert	24	static
../mbedtls/library/ssl_tls.c:7304:6:mbedtls_ssl_set_hs_ca_chain	16	static
../mbedtls/library/ssl_tls.c:7312:6:mbedtls_ssl_set_hs_authmode	8	static
../mbedtls/library/ssl_tls.c:7346:5:mbedtls_ssl_conf_psk	24	static
../mbedtls/library/ssl_tls.c:7397:5:mbedtls_ssl_set_hs_psk	24	static
../mbedtls/library/ssl_tls.c:7423:6:mbedtls_ssl_conf_psk_cb	16	static
../mbedtls/library/ssl_tls.c:7436:5:mbedtls_ssl_conf_dh_param	32	static
../mbedtls/library/ssl_tls.c:7452:5:mbedtls_ssl_conf_dh_param_bin	32	static
../mbedtls/library/ssl_tls.c:7469:5:mbedtls_ssl_conf_dh_param_ctx	24	static
../mbedtls/library/ssl_tls.c:7489:6:mbedtls_ssl_conf_dhm_min_bitlen	8	static
../mbedtls/library/ssl_tls.c:7500:6:mbedtls_ssl_conf_sig_hashes	8	static
../mbedtls/library/ssl_tls.c:7511:6:mbedtls_ssl_conf_curves	8	static
../mbedtls/library/ssl_tls.c:7519:5:mbedtls_ssl_set_hostname	24	static
../mbedtls/library/ssl_tls.c:7565:6:mbedtls_ssl_conf_sni	16	static
../mbedtls/library/ssl_tls.c:7576:5:mbedtls_ssl_conf_alpn_protocols	32	static
../mbedtls/library/ssl_tls.c:7601:13:mbedtls_ssl_get_alpn_protocol	8	static
../mbedtls/library/ssl_tls.c:7607:6:mbedtls_ssl_conf_max_version	16	static
../mbedtls/library/ssl_tls.c:7613:6:mbedtls_ssl_conf_min_version	16	static
../mbedtls/library/ssl_tls.c:7620:6:mbedtls_ssl_conf_fallback	8	static
../mbedtls/library/ssl_tls.c:7627:6:mbedtls_ssl_conf_cert_req_ca_list	8	static
../mbedtls/library/ssl_tls.c:7635:6:mbedtls_ssl_conf_encrypt_then_mac	8	static
../mbedtls/library/ssl_tls.c:7642:6:mbedtls_ssl_conf_extended_master_secret	8	static
../mbedtls/library/ssl_tls.c:7656:5:mbedtls_ssl_conf_max_frag_len	16	static
../mbedtls/library/ssl_tls.c:7671:6:mbedtls_ssl_conf_truncated_hmac	8	static
../mbedtls/library/ssl_tls.c:7678:6:mbedtls_ssl_conf_cbc_record_splitting	8	static
../mbedtls/library/ssl_tls.c:7684:6:mbedtls_ssl_conf_legacy_renegotiation	8	static
../mbedtls/library/ssl_tls.c:7690:6:mbedtls_ssl_conf_renegotiation	8	static
../mbedtls/library/ssl_tls.c:7695:6:mbedtls_ssl_conf_renegotiation_enforced	8	static
../mbedtls/library/ssl_tls.c:7700:6:mbedtls_ssl_conf_renegotiation_period	16	static
../mbedtls/library/ssl_tls.c:7709:6:mbedtls_ssl_conf_session_tickets	8	static
../mbedtls/library/ssl_tls.c:7716:6:mbedtls_ssl_conf_session_tickets_cb	16	static
../mbedtls/library/ssl_tls.c:7729:6:mbedtls_ssl_conf_export_keys_cb	16	static
../mbedtls/library/ssl_tls.c:7778:8:mbedtls_ssl_get_bytes_avail	8	static
../mbedtls/library/ssl_tls.c:7783:5:mbedtls_ssl_check_pending	8	static
../mbedtls/library/ssl_tls.c:7838:10:mbedtls_ssl_get_verify_result	8	static
../mbedtls/library/ssl_tls.c:7849:13:mbedtls_ssl_get_ciphersuite	16	static
../mbedtls/library/ssl_tls.c:7857:13:mbedtls_ssl_get_version	8	static
../mbedtls/library/ssl_tls.c:7895:5:mbedtls_ssl_get_record_expansion	32	static
../mbedtls/library/ssl_tls.c:7949:8:mbedtls_ssl_get_max_frag_len	24	static
../mbedtls/library/ssl_tls.c:7977:15:ssl_get_current_mtu	8	static
../mbedtls/library/ssl_tls.c:7996:5:mbedtls_ssl_get_max_out_record_payload	40	static
../mbedtls/library/ssl_tls.c:8042:25:mbedtls_ssl_get_peer_cert	8	static
../mbedtls/library/ssl_tls.c:8052:5:mbedtls_ssl_get_session	16	static
../mbedtls/library/ssl_tls.c:8069:5:mbedtls_ssl_handshake_step	24	static
../mbedtls/library/ssl_tls.c:8091:5:mbedtls_ssl_handshake	24	static
../mbedtls/library/ssl_tls.c:8118:12:ssl_write_hello_request	24	static
../mbedtls/library/ssl_tls.c:8149:12:ssl_start_renegotiation	24	static
../mbedtls/library/ssl_tls.c:8189:5:mbedtls_ssl_renegotiate	24	static
../mbedtls/library/ssl_tls.c:8245:12:ssl_check_ctr_renegotiate	32	static
../mbedtls/library/ssl_tls.c:8276:5:mbedtls_ssl_read	32	static
../mbedtls/library/ssl_tls.c:8589:12:ssl_write_real	32	static
../mbedtls/library/ssl_tls.c:8659:12:ssl_write_split	32	static
../mbedtls/library/ssl_tls.c:8692:5:mbedtls_ssl_write	32	static
../mbedtls/library/ssl_tls.c:8732:5:mbedtls_ssl_close_notify	24	static
../mbedtls/library/ssl_tls.c:8760:6:mbedtls_ssl_transform_free	16	static
../mbedtls/library/ssl_tls.c:8780:13:ssl_key_cert_free	24	static
../mbedtls/library/ssl_tls.c:8795:13:ssl_buffering_free	24	static
../mbedtls/library/ssl_tls.c:8809:13:ssl_buffering_free_slot	24	static
../mbedtls/library/ssl_tls.c:8829:6:mbedtls_ssl_handshake_free	32	static
../mbedtls/library/ssl_tls.c:8920:6:mbedtls_ssl_session_free	16	static
../mbedtls/library/ssl_tls.c:8943:6:mbedtls_ssl_free	16	static
../mbedtls/library/ssl_tls.c:9022:6:mbedtls_ssl_config_init	16	static
../mbedtls/library/ssl_tls.c:9073:5:mbedtls_ssl_config_defaults	296	static
../mbedtls/library/ssl_tls.c:9237:6:mbedtls_ssl_config_free	16	static
../mbedtls/library/ssl_tls.c:9274:15:mbedtls_ssl_sig_from_pk	16	static
../mbedtls/library/ssl_tls.c:9287:15:mbedtls_ssl_sig_from_pk_alg	8	static
../mbedtls/library/ssl_tls.c:9300:19:mbedtls_ssl_pk_alg_from_sig	8	static
../mbedtls/library/ssl_tls.c:9322:19:mbedtls_ssl_sig_hash_set_find	8	static
../mbedtls/library/ssl_tls.c:9337:6:mbedtls_ssl_sig_hash_set_add	8	static
../mbedtls/library/ssl_tls.c:9359:6:mbedtls_ssl_sig_hash_set_const_hash	8	static
../mbedtls/library/ssl_tls.c:9372:19:mbedtls_ssl_md_alg_from_hash	8	static
../mbedtls/library/ssl_tls.c:9404:15:mbedtls_ssl_hash_from_md_alg	8	static
../mbedtls/library/ssl_tls.c:9438:5:mbedtls_ssl_check_curve	16	static
../mbedtls/library/ssl_tls.c:9458:5:mbedtls_ssl_check_sig_hash	16	static
../mbedtls/library/ssl_tls.c:9475:5:mbedtls_ssl_check_cert_usage	40	static
../mbedtls/library/ssl_tls.c:9574:6:mbedtls_ssl_write_version	16	static
../mbedtls/library/ssl_tls.c:9596:6:mbedtls_ssl_read_version	16	static
../mbedtls/library/ssl_tls.c:9618:5:mbedtls_ssl_set_calc_verify_md	8	static
../mbedtls/library/ssl_tls.c:9662:5:mbedtls_ssl_get_key_exchange_md_ssl_tls	208	static
../mbedtls/library/ssl_tls.c:9748:5:mbedtls_ssl_get_key_exchange_md_tls1_2	48	static
