E:\MCUXpressoIDE_24.9.25\88MW32X\rdmw320_r0_mw_lwip_httpssrv_ota\mbedtls\include/mbedtls/pk.h:170:36:mbedtls_pk_ec	8	static
E:\MCUXpressoIDE_24.9.25\88MW32X\rdmw320_r0_mw_lwip_httpssrv_ota\mbedtls\include/mbedtls/ssl_ciphersuites.h:472:19:mbedtls_ssl_ciphersuite_cert_req_allowed	8	static
E:\MCUXpressoIDE_24.9.25\88MW32X\rdmw320_r0_mw_lwip_httpssrv_ota\mbedtls\include/mbedtls/ssl_ciphersuites.h:521:19:mbedtls_ssl_ciphersuite_uses_server_signature	8	static
E:\MCUXpressoIDE_24.9.25\88MW32X\rdmw320_r0_mw_lwip_httpssrv_ota\mbedtls\include/mbedtls/ssl_internal.h:662:35:mbedtls_ssl_own_key	16	static
E:\MCUXpressoIDE_24.9.25\88MW32X\rdmw320_r0_mw_lwip_httpssrv_ota\mbedtls\include/mbedtls/ssl_internal.h:674:33:mbedtls_ssl_own_cert	16	static
E:\MCUXpressoIDE_24.9.25\88MW32X\rdmw320_r0_mw_lwip_httpssrv_ota\mbedtls\include/mbedtls/ssl_internal.h:717:22:mbedtls_ssl_hs_hdr_len	8	static
E:\MCUXpressoIDE_24.9.25\88MW32X\rdmw320_r0_mw_lwip_httpssrv_ota\mbedtls\include/mbedtls/ssl_internal.h:742:19:mbedtls_ssl_safer_memcmp	32	static
../mbedtls/library/ssl_cli.c:55:13:ssl_write_hostname_ext	40	static
../mbedtls/library/ssl_cli.c:125:13:ssl_write_renegotiation_ext	32	static
../mbedtls/library/ssl_cli.c:169:13:ssl_write_signature_algorithms_ext	48	static
../mbedtls/library/ssl_cli.c:254:13:ssl_write_supported_elliptic_curves_ext	48	static
../mbedtls/library/ssl_cli.c:327:13:ssl_write_supported_point_formats_ext	24	static
../mbedtls/library/ssl_cli.c:437:13:ssl_write_max_fragment_length_ext	24	static
../mbedtls/library/ssl_cli.c:471:13:ssl_write_truncated_hmac_ext	24	static
../mbedtls/library/ssl_cli.c:503:13:ssl_write_encrypt_then_mac_ext	24	static
../mbedtls/library/ssl_cli.c:537:13:ssl_write_extended_ms_ext	24	static
../mbedtls/library/ssl_cli.c:571:13:ssl_write_session_ticket_ext	40	static
../mbedtls/library/ssl_cli.c:615:13:ssl_write_alpn_ext	40	static
../mbedtls/library/ssl_cli.c:677:12:ssl_generate_random	40	static
../mbedtls/library/ssl_cli.c:727:12:ssl_validate_ciphersuite	16	static
../mbedtls/library/ssl_cli.c:760:12:ssl_write_client_hello	64	static
../mbedtls/library/ssl_cli.c:1111:12:ssl_parse_renegotiation_info	24	static
../mbedtls/library/ssl_cli.c:1150:12:ssl_parse_max_fragment_length_ext	24	static
../mbedtls/library/ssl_cli.c:1173:12:ssl_parse_truncated_hmac_ext	24	static
../mbedtls/library/ssl_cli.c:1195:12:ssl_parse_encrypt_then_mac_ext	24	static
../mbedtls/library/ssl_cli.c:1218:12:ssl_parse_extended_ms_ext	24	static
../mbedtls/library/ssl_cli.c:1241:12:ssl_parse_session_ticket_ext	24	static
../mbedtls/library/ssl_cli.c:1264:12:ssl_parse_supported_point_formats_ext	32	static
../mbedtls/library/ssl_cli.c:1341:12:ssl_parse_alpn_ext	40	static
../mbedtls/library/ssl_cli.c:1412:12:ssl_parse_hello_verify_request	32	static
../mbedtls/library/ssl_cli.c:1495:12:ssl_parse_server_hello	64	static
../mbedtls/library/ssl_cli.c:1997:12:ssl_parse_server_dh_params	32	static
../mbedtls/library/ssl_cli.c:2039:12:ssl_check_server_ecdh_params	24	static
../mbedtls/library/ssl_cli.c:2080:12:ssl_parse_server_ecdh_params	32	static
../mbedtls/library/ssl_cli.c:2118:12:ssl_parse_server_psk_hint	24	static
../mbedtls/library/ssl_cli.c:2164:12:ssl_write_encrypted_pms	64	static
../mbedtls/library/ssl_cli.c:2241:12:ssl_parse_signature_algorithm	24	static
../mbedtls/library/ssl_cli.c:2303:12:ssl_get_ecdh_params_from_cert	24	static
../mbedtls/library/ssl_cli.c:2341:12:ssl_parse_server_key_exchange	144	static
../mbedtls/library/ssl_cli.c:2700:12:ssl_parse_certificate_request	48	static
../mbedtls/library/ssl_cli.c:2864:12:ssl_parse_server_hello_done	24	static
../mbedtls/library/ssl_cli.c:2903:12:ssl_write_client_key_exchange	48	static
../mbedtls/library/ssl_cli.c:3224:12:ssl_write_certificate_verify	128	static
../mbedtls/library/ssl_cli.c:3407:12:ssl_parse_new_session_ticket	40	static
../mbedtls/library/ssl_cli.c:3515:5:mbedtls_ssl_handshake_client_step	24	static
