E:\MCUXpressoIDE_24.9.25\88MW32X\rdmw320_r0_mw_lwip_httpssrv_ota\mbedtls\include/mbedtls/ssl_internal.h:742:19:mbedtls_ssl_safer_memcmp	32	static
../mbedtls/library/ssl_cookie.c:79:6:mbedtls_ssl_cookie_init	16	static
../mbedtls/library/ssl_cookie.c:92:6:mbedtls_ssl_cookie_set_timeout	8	static
../mbedtls/library/ssl_cookie.c:97:6:mbedtls_ssl_cookie_free	16	static
../mbedtls/library/ssl_cookie.c:108:5:mbedtls_ssl_cookie_setup	64	static
../mbedtls/library/ssl_cookie.c:134:12:ssl_cookie_hmac	56	static
../mbedtls/library/ssl_cookie.c:161:5:mbedtls_ssl_cookie_write	48	static
../mbedtls/library/ssl_cookie.c:207:5:mbedtls_ssl_cookie_check	80	static
