../mbedtls/library/x509write_csr.c:57:6:mbedtls_x509write_csr_init	16	static
../mbedtls/library/x509write_csr.c:62:6:mbedtls_x509write_csr_free	16	static
../mbedtls/library/x509write_csr.c:70:6:mbedtls_x509write_csr_set_md_alg	8	static
../mbedtls/library/x509write_csr.c:75:6:mbedtls_x509write_csr_set_key	8	static
../mbedtls/library/x509write_csr.c:80:5:mbedtls_x509write_csr_set_subject_name	16	static
../mbedtls/library/x509write_csr.c:86:5:mbedtls_x509write_csr_set_extension	32	static
../mbedtls/library/x509write_csr.c:94:15:csr_get_unused_bits_for_named_bitstring	16	static
../mbedtls/library/x509write_csr.c:107:5:mbedtls_x509write_csr_set_key_usage	40	static
../mbedtls/library/x509write_csr.c:133:5:mbedtls_x509write_csr_set_ns_cert_type	40	static
../mbedtls/library/x509write_csr.c:163:5:mbedtls_x509write_csr_der	3216	static
../mbedtls/library/x509write_csr.c:277:5:mbedtls_x509write_csr_pem	4144	static
