../flash/mflash/mw320/mflash_drv.c:361:16:FLASH_GetStatusReg	24	static
../flash/mflash/mw320/mflash_drv.c:511:13:FLASH_GetBusyStatus	24	static
../flash/mflash/mw320/mflash_drv.c:256:13:FLASH_WriteEnableVolatileStatusReg	24	static
../flash/mflash/mw320/mflash_drv.c:1248:13:FLASH_EnableFlashC	0	static
../flash/mflash/mw320/mflash_drv.c:219:13:FLASH_WriteEnable.constprop	24	static
../flash/mflash/mw320/mflash_drv.c:203:17:FLASH_CheckWriteEnableLatch.constprop	8	static
../flash/mflash/mw320/mflash_drv.c:724:17:FLASH_Erase.constprop	48	static
../flash/mflash/mw320/mflash_drv.c:1243:17:FLASH_EnableQSPI.isra	0	static
../flash/mflash/mw320/mflash_drv.c:411:17:FLASH_WriteStatusReg.isra	32	static
../flash/mflash/mw320/mflash_drv.c:961:17:FLASH_PageProgram.constprop	32	static
../flash/mflash/mw320/mflash_drv.c:783:10:FLASH_Read	40	static
../flash/mflash/mw320/mflash_drv.c:1228:33:FLASH_GetConfig	0	static
../flash/mflash/mw320/mflash_drv.c:1256:9:mflash_drv_init	40	static
../flash/mflash/mw320/mflash_drv.c:1316:9:mflash_drv_sector_erase	16	static
../flash/mflash/mw320/mflash_drv.c:1342:9:mflash_drv_page_program	16	static
../flash/mflash/mw320/mflash_drv.c:1365:9:mflash_drv_read	32	static
../flash/mflash/mw320/mflash_drv.c:1398:9:mflash_drv_write	48	static
../flash/mflash/mw320/mflash_drv.c:1421:9:mflash_drv_erase	16	static
../flash/mflash/mw320/mflash_drv.c:1441:7:mflash_drv_phys2log	0	static
../flash/mflash/mw320/mflash_drv.c:1448:10:mflash_drv_log2phys	0	static
