../drivers/fsl_uart.c:150:10:UART_GetInstance	0	static
../drivers/fsl_uart.c:260:6:UART_GetDefaultConfig	8	static
../drivers/fsl_uart.c:297:10:UART_GetStatusFlags	0	static
../drivers/fsl_uart.c:233:6:UART_Deinit	8	static
../drivers/fsl_uart.c:314:6:UART_EnableInterrupts	0	static
../drivers/fsl_uart.c:334:6:UART_DisableInterrupts	0	static
../drivers/fsl_uart.c:353:9:UART_GetEnabledInterrupts	0	static
../drivers/fsl_uart.c:378:10:UART_SetBaudRate	8	static
../drivers/fsl_uart.c:408:6:UART_SetAutoBaudConfig	8	static
../drivers/fsl_uart.c:422:6:UART_SetAutoBaud	0	static
../drivers/fsl_uart.c:440:6:UART_SetInfraredConfig	0	static
../drivers/fsl_uart.c:183:10:UART_Init	16	static
../drivers/fsl_uart.c:457:10:UART_Read9bits	8	static
../drivers/fsl_uart.c:494:10:UART_WriteBlocking	0	static
../drivers/fsl_uart.c:558:10:UART_ReadBlocking	24	static
../drivers/fsl_uart.c:645:6:UART_TransferCreateHandle	24	static
../drivers/fsl_uart.c:696:6:UART_TransferStartRingBuffer	0	static
../drivers/fsl_uart.c:719:6:UART_TransferStopRingBuffer	0	static
../drivers/fsl_uart.c:742:8:UART_TransferGetRxRingBufferLength	0	static
../drivers/fsl_uart.c:1070:6:UART_TransferHandleIRQ	40	static
../drivers/fsl_uart.c:782:10:UART_TransferSendNonBlocking	8	static
../drivers/fsl_uart.c:824:10:UART_TransferGetSendCount	0	static
../drivers/fsl_uart.c:852:6:UART_TransferAbortSend	0	static
../drivers/fsl_uart.c:888:10:UART_TransferReceiveNonBlocking	32	static
../drivers/fsl_uart.c:1017:10:UART_TransferGetReceiveCount	0	static
../drivers/fsl_uart.c:1046:6:UART_TransferAbortReceive	0	static
../drivers/fsl_uart.c:1276:6:UART_TransferHandleErrorIRQ	0	static
../drivers/fsl_uart.c:1283:6:UART0_DriverIRQHandler	8	static
../drivers/fsl_uart.c:1292:6:UART1_DriverIRQHandler	8	static
../drivers/fsl_uart.c:1301:6:UART2_DriverIRQHandler	8	static
