../lwip/src/apps/httpsrv/httpsrv_supp.c:205:5:httpsrv_wait_for_conn	32	static
../lwip/src/apps/httpsrv/httpsrv_supp.c:226:17:httpsrv_create_server	24	static
../lwip/src/apps/httpsrv/httpsrv_supp.c:273:6:httpsrv_destroy_server	24	static
../lwip/src/apps/httpsrv/httpsrv_supp.c:350:16:httpsrv_init_socket	40	static
../lwip/src/apps/httpsrv/httpsrv_supp.c:432:16:httpsrv_set_params	16	static
../lwip/src/apps/httpsrv/httpsrv_supp.c:550:5:httpsrv_accept	40	static
../lwip/src/apps/httpsrv/httpsrv_supp.c:564:6:httpsrv_abort	16	static
../lwip/src/apps/httpsrv/httpsrv_supp.c:578:5:httpsrv_recv	32	static
../lwip/src/apps/httpsrv/httpsrv_supp.c:598:5:httpsrv_send	32	static
../lwip/src/apps/httpsrv/httpsrv_supp.c:629:6:httpsrv_sendhdr	32	static
../lwip/src/apps/httpsrv/httpsrv_supp.c:746:6:httpsrv_send_err_page	40	static
../lwip/src/apps/httpsrv/httpsrv_supp.c:782:13:httpsrv_process_file_type	24	static
../lwip/src/apps/httpsrv/httpsrv_supp.c:843:19:httpsrv_sendfile	40	static
../lwip/src/apps/httpsrv/httpsrv_supp.c:925:17:httpsrv_sendextstr	96	static
../lwip/src/apps/httpsrv/httpsrv_supp.c:1024:9:httpsrv_write	40	static
../lwip/src/apps/httpsrv/httpsrv_supp.c:1087:9:httpsrv_read	48	static
../lwip/src/apps/httpsrv/httpsrv_supp.c:1137:14:httpsrv_get_table_str	16	static
../lwip/src/apps/httpsrv/httpsrv_supp.c:1162:13:httpsrv_print	28	static
../lwip/src/apps/httpsrv/httpsrv_supp.c:1202:9:httpsrv_ses_flush	32	static
../lwip/src/apps/httpsrv/httpsrv_supp.c:1243:9:httpsrv_req_line	40	static
../lwip/src/apps/httpsrv/httpsrv_supp.c:1316:9:httpsrv_req_hdr	40	static
../lwip/src/apps/httpsrv/httpsrv_supp.c:1480:34:httpsrv_req_realm	24	static
../lwip/src/apps/httpsrv/httpsrv_supp.c:1500:7:httpsrv_get_query	24	static
../lwip/src/apps/httpsrv/httpsrv_supp.c:1524:10:httpsrv_req_check	24	static
../lwip/src/apps/httpsrv/httpsrv_supp.c:1581:5:httpsrv_check_auth	24	static
../lwip/src/apps/httpsrv/httpsrv_supp.c:1606:6:httpsrv_url_decode	24	static
../lwip/src/apps/httpsrv/httpsrv_supp.c:1632:6:httpsrv_url_cleanup	16	static
../lwip/src/apps/httpsrv/httpsrv_supp.c:1655:12:httpsrv_basic_auth	48	static
../lwip/src/apps/httpsrv/httpsrv_supp.c:1709:7:httpsrv_path_create	40	static
../lwip/src/apps/httpsrv/httpsrv_supp.c:1764:12:httpsrv_get_table_int	24	static
../lwip/src/apps/httpsrv/httpsrv_supp.c:1775:7:httpsrv_mem_alloc_zero	24	static
