../lwip/src/core/ipv4/acd.c:118:1:acd_add	32	static
../lwip/src/core/ipv4/acd.c:153:1:acd_start	24	static
../lwip/src/core/ipv4/acd.c:181:1:acd_stop	8	static
../lwip/src/core/ipv4/acd.c:198:1:acd_network_changed_link_down	24	static
../lwip/src/core/ipv4/acd.c:211:1:acd_tmr	16	static
../lwip/src/core/ipv4/acd.c:315:1:acd_restart	16	static
../lwip/src/core/ipv4/acd.c:347:1:acd_arp_reply	40	static
../lwip/src/core/ipv4/acd.c:413:1:acd_handle_arp_conflict	16	static
../lwip/src/core/ipv4/acd.c:461:1:acd_put_in_passive_mode	16	static
../lwip/src/core/ipv4/acd.c:496:1:acd_netif_ip_addr_changed	32	static
