E:\MCUXpressoIDE_24.9.25\88MW32X\rdmw320_r0_mw_lwip_httpsclient_ota\wifi\wifidriver\incl/mlan_util.h:67:22:util_init_list	8	static
E:\MCUXpressoIDE_24.9.25\88MW32X\rdmw320_r0_mw_lwip_httpsclient_ota\wifi\wifidriver\incl/mlan_util.h:127:33:util_peek_list	32	static
E:\MCUXpressoIDE_24.9.25\88MW32X\rdmw320_r0_mw_lwip_httpsclient_ota\wifi\wifidriver\incl/mlan_util.h:225:22:util_unlink_list	32	static
../wifi/wifidriver/mlan_11n.c:63:20:wlan_11n_ioctl_htusrcfg	24	static
../wifi/wifidriver/mlan_11n.c:135:20:wlan_11n_ioctl_httxcfg	40	static
../wifi/wifidriver/mlan_11n.c:175:12:wlan_is_txbastreamptr_valid	24	static
../wifi/wifidriver/mlan_11n.c:217:13:wlan_fill_cap_info	24	static
../wifi/wifidriver/mlan_11n.c:339:6:wlan_fill_ht_cap_tlv	40	static
../wifi/wifidriver/mlan_11n.c:397:6:wlan_show_dot11ndevcap	8	static
../wifi/wifidriver/mlan_11n.c:461:6:wlan_show_devmcssupport	8	static
../wifi/wifidriver/mlan_11n.c:481:13:wlan_cmd_recfg_tx_buf	24	static
../wifi/wifidriver/mlan_11n.c:516:13:wlan_cmd_amsdu_aggr_ctrl	32	static
../wifi/wifidriver/mlan_11n.c:551:13:wlan_ret_amsdu_aggr_ctrl	24	static
../wifi/wifidriver/mlan_11n.c:579:13:wlan_cmd_11n_cfg	24	static
../wifi/wifidriver/mlan_11n.c:607:13:wlan_ret_11n_cfg	24	static
../wifi/wifidriver/mlan_11n.c:632:12:wlan_check_chan_width_ht40_by_region	24	static
../wifi/wifidriver/mlan_11n.c:707:7:wlan_cmd_append_11n_tlv	64	static
../wifi/wifidriver/mlan_11n.c:918:13:wlan_11n_cfg_ioctl	24	static
../wifi/wifidriver/mlan_11n.c:960:6:wlan_11n_delete_txbastream_tbl_entry	32	static
../wifi/wifidriver/mlan_11n.c:992:6:wlan_11n_deleteall_txbastream_tbl	24	static
../wifi/wifidriver/mlan_11n.c:1027:16:wlan_11n_get_txbastream_tbl	32	static
../wifi/wifidriver/mlan_11n.c:1069:5:wlan_send_addba	64	static
../wifi/wifidriver/mlan_11n.c:1119:6:wlan_11n_delete_bastream	32	static
