E:\MCUXpressoIDE_24.9.25\88MW32X\rdmw320_r0_mw_lwip_httpsclient_ota\wifi\incl\port\os/wm_os.h:728:19:os_mutex_create	24	static
E:\MCUXpressoIDE_24.9.25\88MW32X\rdmw320_r0_mw_lwip_httpsclient_ota\wifi\incl\port\os/wm_os.h:768:19:os_mutex_get	24	static
E:\MCUXpressoIDE_24.9.25\88MW32X\rdmw320_r0_mw_lwip_httpsclient_ota\wifi\incl\port\os/wm_os.h:794:19:os_mutex_put	24	static
E:\MCUXpressoIDE_24.9.25\88MW32X\rdmw320_r0_mw_lwip_httpsclient_ota\wifi\incl\port\os/wm_os.h:902:19:os_mutex_delete	16	static
E:\MCUXpressoIDE_24.9.25\88MW32X\rdmw320_r0_mw_lwip_httpsclient_ota\drivers/fsl_sdioc.h:619:20:SDIOC_EnableInterruptStatus	16	static
E:\MCUXpressoIDE_24.9.25\88MW32X\rdmw320_r0_mw_lwip_httpsclient_ota\drivers/fsl_sdioc.h:638:20:SDIOC_EnableInterruptSignal	16	static
E:\MCUXpressoIDE_24.9.25\88MW32X\rdmw320_r0_mw_lwip_httpsclient_ota\sdmmc\host/fsl_sdmmc_host.h:180:20:SDMMCHOST_EnableCardInt	16	static
../wifi/wifidriver/mlan_sdio.c:44:5:sdio_drv_creg_read	32	static
../wifi/wifidriver/mlan_sdio.c:66:5:sdio_drv_creg_write	40	static
../wifi/wifidriver/mlan_sdio.c:90:5:sdio_drv_read	56	static
../wifi/wifidriver/mlan_sdio.c:130:5:sdio_drv_write	56	static
../wifi/wifidriver/mlan_sdio.c:170:13:SDIOCARD_DetectCallBack	8	static
../wifi/wifidriver/mlan_sdio.c:174:13:SDIO_CardInterruptCallBack	16	static
../wifi/wifidriver/mlan_sdio.c:180:6:sdio_enable_interrupt	8	static
../wifi/wifidriver/mlan_sdio.c:188:13:sdio_controller_init	8	static
../wifi/wifidriver/mlan_sdio.c:203:12:sdio_card_init	16	static
../wifi/wifidriver/mlan_sdio.c:263:6:sdio_drv_deinit	8	static
../wifi/wifidriver/mlan_sdio.c:270:5:sdio_drv_init	24	static
