E:\MCUXpressoIDE_24.9.25\88MW32X\rdmw320_r0_mw_lwip_httpsclient_ota\wifi\wifidriver\incl/mlan_main.h:2148:22:wlan_get_priv	16	static
../wifi/wifidriver/mlan_11d.c:118:20:wlan_11d_region_2_code	32	static
../wifi/wifidriver/mlan_11d.c:147:10:wlan_11d_country_index_2_string	8	static
../wifi/wifidriver/mlan_11d.c:164:14:wlan_11d_code_2_region	16	static
../wifi/wifidriver/mlan_11d.c:196:13:wlan_11d_channel_known	40	static
../wifi/wifidriver/mlan_11d.c:250:15:wlan_11d_generate_parsed_region_chan	24	static
../wifi/wifidriver/mlan_11d.c:301:20:wlan_11d_generate_domain_info	32	static
../wifi/wifidriver/mlan_11d.c:376:20:wlan_11d_update_chan_pwr_table	32	static
../wifi/wifidriver/mlan_11d.c:435:13:wlan_11d_get_chan	24	static
../wifi/wifidriver/mlan_11d.c:494:20:wlan_11d_process_country_info	200	static
../wifi/wifidriver/mlan_11d.c:571:15:wlan_11d_copy_chan_power	8	static
../wifi/wifidriver/mlan_11d.c:592:15:wlan_11d_sort_parsed_region_chan	32	static
../wifi/wifidriver/mlan_11d.c:627:20:wlan_11d_send_domain_info	32	static
../wifi/wifidriver/mlan_11d.c:656:20:wlan_11d_set_domain_info	40	static
../wifi/wifidriver/mlan_11d.c:690:8:wlan_is_station	8	static
../wifi/wifidriver/mlan_11d.c:704:8:wlan_11d_support_is_enabled	8	static
../wifi/wifidriver/mlan_11d.c:718:8:wlan_11d_is_enabled	8	static
../wifi/wifidriver/mlan_11d.c:740:7:wlan_enable_11d_support	8	static
../wifi/wifidriver/mlan_11d.c:768:7:wlan_11d_support_APIs	8	static
../wifi/wifidriver/mlan_11d.c:785:8:wlan_11d_priv_init	16	static
../wifi/wifidriver/mlan_11d.c:814:8:wlan_11d_init	16	static
../wifi/wifidriver/mlan_11d.c:836:13:wlan_cmd_802_11d_domain_info	40	static
../wifi/wifidriver/mlan_11d.c:894:13:wlan_11d_parse_domain_info	40	static
../wifi/wifidriver/mlan_11d.c:980:7:wlan_11d_chan_2_freq	24	static
../wifi/wifidriver/mlan_11d.c:1026:13:wlan_11d_set_universaltable	24	static
../wifi/wifidriver/mlan_11d.c:1102:16:wlan_11d_get_scan_type	32	static
../wifi/wifidriver/mlan_11d.c:1135:13:wlan_11d_clear_parsedtable	24	static
../wifi/wifidriver/mlan_11d.c:1164:13:wlan_11d_create_dnld_countryinfo	200	static
../wifi/wifidriver/mlan_11d.c:1264:13:wlan_11d_parse_dnld_countryinfo	360	static
../wifi/wifidriver/mlan_11d.c:1335:13:wlan_11d_prepare_dnld_domain_info_cmd	32	static
../wifi/wifidriver/mlan_11d.c:1386:13:wlan_11d_cfg_domain_info	48	static
../wifi/wifidriver/mlan_11d.c:1444:13:wlan_11d_handle_uap_domain_info	64	static
