E:\MCUXpressoIDE_24.9.25\88MW32X\rdmw320_r0_mw_lwip_httpsclient_ota\wifi\incl\port\os/wm_os.h:1413:21:os_timer_get_context	16	static
E:\MCUXpressoIDE_24.9.25\88MW32X\rdmw320_r0_mw_lwip_httpsclient_ota\wifi\wifidriver\incl/mlan_util.h:67:22:util_init_list	8	static
E:\MCUXpressoIDE_24.9.25\88MW32X\rdmw320_r0_mw_lwip_httpsclient_ota\wifi\wifidriver\incl/mlan_util.h:127:33:util_peek_list	32	static
E:\MCUXpressoIDE_24.9.25\88MW32X\rdmw320_r0_mw_lwip_httpsclient_ota\wifi\wifidriver\incl/mlan_util.h:159:22:util_enqueue_list_tail	32	static
E:\MCUXpressoIDE_24.9.25\88MW32X\rdmw320_r0_mw_lwip_httpsclient_ota\wifi\wifidriver\incl/mlan_util.h:225:22:util_unlink_list	32	static
E:\MCUXpressoIDE_24.9.25\88MW32X\rdmw320_r0_mw_lwip_httpsclient_ota\wifi\wifidriver\incl/mlan_main.h:2004:13:queuing_ra_based	8	static
../wifi/wifidriver/mlan_11n_rxreorder.c:59:20:wlan_11n_dispatch_amsdu_pkt	24	static
../wifi/wifidriver/mlan_11n_rxreorder.c:86:20:wlan_11n_dispatch_pkt	24	static
../wifi/wifidriver/mlan_11n_rxreorder.c:115:13:mlan_11n_rxreorder_timer_restart	16	static
../wifi/wifidriver/mlan_11n_rxreorder.c:140:20:wlan_11n_dispatch_pkt_until_start_win	48	static
../wifi/wifidriver/mlan_11n_rxreorder.c:196:15:wlan_11n_display_tbl_ptr	8	static
../wifi/wifidriver/mlan_11n_rxreorder.c:215:20:wlan_11n_scan_and_dispatch	40	static
../wifi/wifidriver/mlan_11n_rxreorder.c:269:15:wlan_11n_delete_rxreorder_tbl_entry	32	static
../wifi/wifidriver/mlan_11n_rxreorder.c:311:12:wlan_11n_find_last_seqnum	16	static
../wifi/wifidriver/mlan_11n_rxreorder.c:335:15:wlan_flush_data	24	static
../wifi/wifidriver/mlan_11n_rxreorder.c:371:15:wlan_11n_create_rxreorder_tbl	56	static
../wifi/wifidriver/mlan_11n_rxreorder.c:467:15:wlan_11n_get_rxreorder_tbl	32	static
../wifi/wifidriver/mlan_11n_rxreorder.c:506:13:wlan_cmd_11n_addba_req	32	static
../wifi/wifidriver/mlan_11n_rxreorder.c:534:13:wlan_cmd_11n_addba_rspgen	48	static
../wifi/wifidriver/mlan_11n_rxreorder.c:598:13:wlan_cmd_11n_uap_addba_rspgen	32	static
../wifi/wifidriver/mlan_11n_rxreorder.c:640:13:wlan_cmd_11n_delba	32	static
../wifi/wifidriver/mlan_11n_rxreorder.c:670:13:mlan_11n_rxreorder_pkt	56	static
../wifi/wifidriver/mlan_11n_rxreorder.c:889:6:mlan_11n_delete_bastream_tbl	40	static
../wifi/wifidriver/mlan_11n_rxreorder.c:947:13:wlan_ret_11n_addba_resp	32	static
../wifi/wifidriver/mlan_11n_rxreorder.c:1008:6:wlan_11n_ba_stream_timeout	40	static
../wifi/wifidriver/mlan_11n_rxreorder.c:1035:6:wlan_11n_cleanup_reorder_tbl	24	static
../wifi/wifidriver/mlan_11n_rxreorder.c:1061:6:wlan_cleanup_reorder_tbl	24	static
../wifi/wifidriver/mlan_11n_rxreorder.c:1085:6:wlan_set_rxreorder_tbl_no_drop_flag	24	static
../wifi/wifidriver/mlan_11n_rxreorder.c:1116:6:wlan_update_rxreorder_tbl	24	static
