E:\MCUXpressoIDE_24.9.25\88MW32X\rdmw320_r0_mw_lwip_httpsclient_ota\wifi\incl\wlcmgr/wlan_11d.h:84:19:wlan_enable_11d	8	static
../wifi/wifidriver/mlan_api.c:84:5:wifi_deauthenticate	24	static
../wifi/wifidriver/mlan_api.c:99:5:wifi_get_eeprom_data	40	static
../wifi/wifidriver/mlan_api.c:117:5:wifi_reg_access	48	static
../wifi/wifidriver/mlan_api.c:152:5:wifi_mem_access	40	static
../wifi/wifidriver/mlan_api.c:171:5:wifi_get_tsf	48	static
../wifi/wifidriver/mlan_api.c:198:5:wifi_send_rssi_info_cmd	40	static
../wifi/wifidriver/mlan_api.c:217:5:wifi_send_rf_channel_cmd	40	static
../wifi/wifidriver/mlan_api.c:240:5:wifi_send_remain_on_channel_cmd	40	static
../wifi/wifidriver/mlan_api.c:260:5:wifi_get_set_rf_tx_power	40	static
../wifi/wifidriver/mlan_api.c:278:5:wifi_get_data_rate	40	static
../wifi/wifidriver/mlan_api.c:308:5:wifi_set_pmfcfg	16	static
../wifi/wifidriver/mlan_api.c:318:5:wifi_get_pmfcfg	16	static
../wifi/wifidriver/mlan_api.c:328:5:wifi_set_packet_filters	64	static
../wifi/wifidriver/mlan_api.c:1105:5:wifi_send_scan_cmd	48	static
../wifi/wifidriver/mlan_api.c:1213:12:wifi_send_key_material_cmd	56	static
../wifi/wifidriver/mlan_api.c:1245:5:wifi_set_key	400	static
../wifi/wifidriver/mlan_api.c:1284:5:wifi_set_igtk_key	400	static
../wifi/wifidriver/mlan_api.c:1304:5:wifi_remove_key	400	static
../wifi/wifidriver/mlan_api.c:1325:12:wifi_send_rf_antenna_cmd	64	static
../wifi/wifidriver/mlan_api.c:1364:5:wifi_get_antenna	24	static
../wifi/wifidriver/mlan_api.c:1380:5:wifi_set_antenna	16	static
../wifi/wifidriver/mlan_api.c:1385:12:wifi_send_cmd_802_11_supplicant_pmk	64	static
../wifi/wifidriver/mlan_api.c:1406:5:wifi_send_add_wpa_pmk	408	static
../wifi/wifidriver/mlan_api.c:1444:5:wifi_send_get_wpa_pmk	400	static
../wifi/wifidriver/mlan_api.c:1479:5:wifi_send_add_wpa_psk	408	static
../wifi/wifidriver/mlan_api.c:1516:5:wifi_send_add_wpa3_password	408	static
../wifi/wifidriver/mlan_api.c:1549:5:wifi_send_clear_wpa_psk	400	static
../wifi/wifidriver/mlan_api.c:1577:5:wifi_send_enable_supplicant	400	static
../wifi/wifidriver/mlan_api.c:1605:5:wifi_send_disable_supplicant	392	static
../wifi/wifidriver/mlan_api.c:1617:5:wifi_set_mac_multicast_addr	48	static
../wifi/wifidriver/mlan_api.c:1653:5:wifi_get_otp_user_data	296	static
../wifi/wifidriver/mlan_api.c:1679:5:wifi_get_cal_data	32	static
../wifi/wifidriver/mlan_api.c:1703:5:wifi_get_firmware_version_ext	40	static
../wifi/wifidriver/mlan_api.c:1716:5:wifi_get_firmware_version	64	static
../wifi/wifidriver/mlan_api.c:1790:5:wifi_get_region_code	2120	static
../wifi/wifidriver/mlan_api.c:1811:5:wifi_set_region_code	2120	static
../wifi/wifidriver/mlan_api.c:1833:12:wifi_send_11d_cfg_ioctl	56	static
../wifi/wifidriver/mlan_api.c:1853:5:wifi_set_domain_params	288	static
../wifi/wifidriver/mlan_api.c:1891:5:wifi_enable_11d_support	16	static
../wifi/wifidriver/mlan_api.c:1902:5:wifi_enable_11d_support_APIs	16	static
../wifi/wifidriver/mlan_api.c:1909:22:get_sub_band_from_country	8	static
../wifi/wifidriver/mlan_api.c:1935:29:get_sub_band_from_region_code	8	static
../wifi/wifidriver/mlan_api.c:2021:6:wifi_11d_is_channel_allowed	40	static
../wifi/wifidriver/mlan_api.c:2083:7:wifi_get_country_str	8	static
../wifi/wifidriver/mlan_api.c:2112:22:get_11d_domain_params	32	static
../wifi/wifidriver/mlan_api.c:2124:5:wifi_get_country	0	static
../wifi/wifidriver/mlan_api.c:2129:5:wifi_set_country	32	static
../wifi/wifidriver/mlan_api.c:2158:5:wifi_enable_ecsa_support	8	static
../wifi/wifidriver/mlan_api.c:2163:6:wifi_is_ecsa_enabled	0	static
../wifi/wifidriver/mlan_api.c:2168:12:get_free_mgmt_ie_index	0	static
../wifi/wifidriver/mlan_api.c:2192:13:set_ie_index	8	static
../wifi/wifidriver/mlan_api.c:2197:13:clear_ie_index	8	static
../wifi/wifidriver/mlan_api.c:2202:5:wifi_config_mgmt_ie	64	static
../wifi/wifidriver/mlan_api.c:2346:5:wifi_get_mgmt_ie	32	static
../wifi/wifidriver/mlan_api.c:2351:5:wifi_set_mgmt_ie	40	static
../wifi/wifidriver/mlan_api.c:2358:5:wifi_clear_mgmt_ie	32	static
../wifi/wifidriver/mlan_api.c:2364:5:wifi_set_chanlist	32	static
../wifi/wifidriver/mlan_api.c:2416:5:wifi_get_chanlist	40	static
../wifi/wifidriver/mlan_api.c:2463:6:wifi_get_active_channel_list	16	static
../wifi/wifidriver/mlan_api.c:2471:5:wifi_set_txpwrlimit	40	static
../wifi/wifidriver/mlan_api.c:2512:5:wifi_get_txpwrlimit	32	static
../wifi/wifidriver/mlan_api.c:2534:6:wifi_set_curr_bss_channel	16	static
../wifi/wifidriver/mlan_api.c:2564:5:wifi_set_ed_mac_mode	32	static
../wifi/wifidriver/mlan_api.c:2604:5:wifi_get_ed_mac_mode	24	static
../wifi/wifidriver/mlan_api.c:2633:5:wifi_set_smart_mode_cfg	72	static
../wifi/wifidriver/mlan_api.c:2738:5:wifi_get_smart_mode_cfg	24	static
../wifi/wifidriver/mlan_api.c:2757:5:wifi_start_smart_mode	24	static
../wifi/wifidriver/mlan_api.c:2776:5:wifi_stop_smart_mode	24	static
../wifi/wifidriver/mlan_api.c:2796:5:wifi_send_hostcmd	32	static
