E:\MCUXpressoIDE_24.9.25\88MW32X\rdmw320_r0_mw_lwip_httpsclient_ota\wifi\incl\port\os/wm_os.h:114:24:os_ticks_get	8	static
E:\MCUXpressoIDE_24.9.25\88MW32X\rdmw320_r0_mw_lwip_httpsclient_ota\wifi\incl\port\os/wm_os.h:226:19:os_thread_create	40	static
E:\MCUXpressoIDE_24.9.25\88MW32X\rdmw320_r0_mw_lwip_httpsclient_ota\wifi\incl\port\os/wm_os.h:260:19:os_thread_delete	16	static
E:\MCUXpressoIDE_24.9.25\88MW32X\rdmw320_r0_mw_lwip_httpsclient_ota\wifi\incl\port\os/wm_os.h:296:20:os_thread_sleep	16	static
E:\MCUXpressoIDE_24.9.25\88MW32X\rdmw320_r0_mw_lwip_httpsclient_ota\wifi\incl\port\os/wm_os.h:331:29:os_ticks_to_msec	8	static
E:\MCUXpressoIDE_24.9.25\88MW32X\rdmw320_r0_mw_lwip_httpsclient_ota\wifi\incl\port\os/wm_os.h:444:19:os_queue_send	32	static
E:\MCUXpressoIDE_24.9.25\88MW32X\rdmw320_r0_mw_lwip_httpsclient_ota\wifi\incl\port\os/wm_os.h:495:19:os_queue_recv	32	static
E:\MCUXpressoIDE_24.9.25\88MW32X\rdmw320_r0_mw_lwip_httpsclient_ota\wifi\incl\port\os/wm_os.h:518:19:os_queue_delete	16	static
E:\MCUXpressoIDE_24.9.25\88MW32X\rdmw320_r0_mw_lwip_httpsclient_ota\wifi\incl\port\os/wm_os.h:549:29:os_enter_critical_section	8	static
E:\MCUXpressoIDE_24.9.25\88MW32X\rdmw320_r0_mw_lwip_httpsclient_ota\wifi\incl\port\os/wm_os.h:555:20:os_exit_critical_section	16	static
E:\MCUXpressoIDE_24.9.25\88MW32X\rdmw320_r0_mw_lwip_httpsclient_ota\wifi\incl\port\os/wm_os.h:728:19:os_mutex_create	24	static
E:\MCUXpressoIDE_24.9.25\88MW32X\rdmw320_r0_mw_lwip_httpsclient_ota\wifi\incl\port\os/wm_os.h:768:19:os_mutex_get	24	static
E:\MCUXpressoIDE_24.9.25\88MW32X\rdmw320_r0_mw_lwip_httpsclient_ota\wifi\incl\port\os/wm_os.h:794:19:os_mutex_put	24	static
E:\MCUXpressoIDE_24.9.25\88MW32X\rdmw320_r0_mw_lwip_httpsclient_ota\wifi\incl\port\os/wm_os.h:902:19:os_mutex_delete	16	static
E:\MCUXpressoIDE_24.9.25\88MW32X\rdmw320_r0_mw_lwip_httpsclient_ota\wifi\incl\port\os/wm_os.h:924:19:os_event_notify_get	24	static
E:\MCUXpressoIDE_24.9.25\88MW32X\rdmw320_r0_mw_lwip_httpsclient_ota\wifi\incl\port\os/wm_os.h:984:19:os_semaphore_create	16	static
E:\MCUXpressoIDE_24.9.25\88MW32X\rdmw320_r0_mw_lwip_httpsclient_ota\wifi\incl\port\os/wm_os.h:1051:19:os_semaphore_get	24	static
E:\MCUXpressoIDE_24.9.25\88MW32X\rdmw320_r0_mw_lwip_httpsclient_ota\wifi\incl\port\os/wm_os.h:1088:19:os_semaphore_put	24	static
E:\MCUXpressoIDE_24.9.25\88MW32X\rdmw320_r0_mw_lwip_httpsclient_ota\wifi\incl\port\os/wm_os.h:1138:19:os_semaphore_delete	16	static
../wifi/wifidriver/wifi.c:106:10:wifi_get_last_cmd_sent_ms	0	static
../wifi/wifidriver/wifi.c:111:10:wifi_get_value1	8	static
../wifi/wifidriver/wifi.c:117:6:wifi_wake_up_card	16	static
../wifi/wifidriver/wifi.c:129:6:wifi_get_xfer_pending	0	static
../wifi/wifidriver/wifi.c:136:6:wifi_set_xfer_pending	8	static
../wifi/wifidriver/wifi.c:141:6:wifi_update_last_cmd_sent_ms	8	static
../wifi/wifidriver/wifi.c:146:12:wifi_get_command_resp_sem	16	static
../wifi/wifidriver/wifi.c:151:12:wifi_put_command_resp_sem	8	static
../wifi/wifidriver/wifi.c:158:5:wifi_get_command_lock	16	static
../wifi/wifidriver/wifi.c:167:5:wifi_get_mcastf_lock	8	static
../wifi/wifidriver/wifi.c:172:5:wifi_put_mcastf_lock	8	static
../wifi/wifidriver/wifi.c:177:5:wifi_put_command_lock	16	static
../wifi/wifidriver/wifi.c:818:5:wifi_wait_for_cmdresp	32	static
../wifi/wifidriver/wifi.c:891:6:wifi_event_completion	32	static
../wifi/wifidriver/wifi.c:908:12:cmp_mac_addr	16	static
../wifi/wifidriver/wifi.c:927:12:add_mcast_ip	24	static
../wifi/wifidriver/wifi.c:969:12:remove_mcast_ip	24	static
../wifi/wifidriver/wifi.c:1012:12:make_filter_list	24	static
../wifi/wifidriver/wifi.c:1033:6:wifi_get_ipv4_multicast_mac	24	static
../wifi/wifidriver/wifi.c:1076:5:wifi_add_mcast_filter	216	static
../wifi/wifidriver/wifi.c:1100:5:wifi_remove_mcast_filter	216	static
../wifi/wifidriver/wifi.c:1156:5:wifi_get_scan_result	72	static
../wifi/wifidriver/wifi.c:1187:5:wifi_register_event_queue	8	static
../wifi/wifidriver/wifi.c:1203:5:wifi_unregister_event_queue	8	static
../wifi/wifidriver/wifi.c:1214:5:wifi_get_wpa_ie_in_assoc	16	static
../wifi/wifidriver/wifi.c:1221:13:wifi_driver_main_loop	32	static
../wifi/wifidriver/wifi.c:1263:13:wifi_core_input	16	static
../wifi/wifidriver/wifi.c:1295:12:wifi_core_init	24	static
../wifi/wifidriver/wifi.c:1406:13:wifi_core_deinit	8	static
../wifi/wifidriver/wifi.c:1466:5:wifi_init	24	static
../wifi/wifidriver/wifi.c:1510:5:wifi_init_fcc	24	static
../wifi/wifidriver/wifi.c:1550:6:wifi_deinit	8	static
../wifi/wifidriver/wifi.c:1558:6:wifi_set_packet_retry_count	8	static
../wifi/wifidriver/wifi.c:1563:6:wifi_sta_ampdu_tx_enable	0	static
../wifi/wifidriver/wifi.c:1568:6:wifi_sta_ampdu_tx_disable	0	static
../wifi/wifidriver/wifi.c:1573:6:wifi_sta_ampdu_rx_enable	0	static
../wifi/wifidriver/wifi.c:1578:6:wifi_sta_ampdu_rx_disable	0	static
../wifi/wifidriver/wifi.c:1583:5:wifi_register_data_input_callback	8	static
../wifi/wifidriver/wifi.c:1597:6:wifi_deregister_data_input_callback	0	static
../wifi/wifidriver/wifi.c:1602:5:wifi_register_amsdu_data_input_callback	8	static
../wifi/wifidriver/wifi.c:1616:6:wifi_deregister_amsdu_data_input_callback	0	static
../wifi/wifidriver/wifi.c:1621:5:wifi_register_deliver_packet_above_callback	8	static
../wifi/wifidriver/wifi.c:1634:6:wifi_deregister_deliver_packet_above_callback	0	static
../wifi/wifidriver/wifi.c:1639:5:wifi_register_wrapper_net_is_ip_or_ipv6_callback	8	static
../wifi/wifidriver/wifi.c:1651:6:wifi_deregister_wrapper_net_is_ip_or_ipv6_callback	0	static
../wifi/wifidriver/wifi.c:1656:12:wifi_low_level_input	16	static
../wifi/wifidriver/wifi.c:1836:5:wifi_low_level_output	40	static
../wifi/wifidriver/wifi.c:1984:10:wifi_get_outbuf	16	static
