E:\MCUXpressoIDE_24.9.25\88MW32X\rdmw320_r0_mw_lwip_httpsclient_ota\wifi\incl\port\os/wm_os.h:244:27:os_get_current_task_handle	8	static
E:\MCUXpressoIDE_24.9.25\88MW32X\rdmw320_r0_mw_lwip_httpsclient_ota\wifi\incl\port\os/wm_os.h:296:20:os_thread_sleep	16	static
E:\MCUXpressoIDE_24.9.25\88MW32X\rdmw320_r0_mw_lwip_httpsclient_ota\wifi\incl\port\os/wm_os.h:317:24:os_msec_to_ticks	8	static
E:\MCUXpressoIDE_24.9.25\88MW32X\rdmw320_r0_mw_lwip_httpsclient_ota\wifi\incl\port\os/wm_os.h:444:19:os_queue_send	32	static
E:\MCUXpressoIDE_24.9.25\88MW32X\rdmw320_r0_mw_lwip_httpsclient_ota\wifi\incl\port\os/wm_os.h:549:29:os_enter_critical_section	8	static
E:\MCUXpressoIDE_24.9.25\88MW32X\rdmw320_r0_mw_lwip_httpsclient_ota\wifi\incl\port\os/wm_os.h:555:20:os_exit_critical_section	16	static
E:\MCUXpressoIDE_24.9.25\88MW32X\rdmw320_r0_mw_lwip_httpsclient_ota\wifi\incl\port\os/wm_os.h:728:19:os_mutex_create	24	static
E:\MCUXpressoIDE_24.9.25\88MW32X\rdmw320_r0_mw_lwip_httpsclient_ota\wifi\incl\port\os/wm_os.h:768:19:os_mutex_get	24	static
E:\MCUXpressoIDE_24.9.25\88MW32X\rdmw320_r0_mw_lwip_httpsclient_ota\wifi\incl\port\os/wm_os.h:794:19:os_mutex_put	24	static
E:\MCUXpressoIDE_24.9.25\88MW32X\rdmw320_r0_mw_lwip_httpsclient_ota\wifi\incl\port\os/wm_os.h:902:19:os_mutex_delete	16	static
E:\MCUXpressoIDE_24.9.25\88MW32X\rdmw320_r0_mw_lwip_httpsclient_ota\wifi\incl\port\os/wm_os.h:924:19:os_event_notify_get	24	static
E:\MCUXpressoIDE_24.9.25\88MW32X\rdmw320_r0_mw_lwip_httpsclient_ota\wifi\incl\port\os/wm_os.h:942:19:os_event_notify_put	24	static
../wifi/wifidriver/wifi-sdio.c:92:5:wifi_sdio_lock	8	static
../wifi/wifidriver/wifi-sdio.c:97:6:wifi_sdio_unlock	8	static
../wifi/wifidriver/wifi-sdio.c:102:10:wifi_get_device_value1	0	static
../wifi/wifidriver/wifi-sdio.c:107:5:wifi_get_device_mac_addr	16	static
../wifi/wifidriver/wifi-sdio.c:113:5:wifi_get_device_firmware_version_ext	16	static
../wifi/wifidriver/wifi-sdio.c:120:12:wlan_init_struct	16	static
../wifi/wifidriver/wifi-sdio.c:133:12:wlan_deinit_struct	16	static
../wifi/wifidriver/wifi-sdio.c:148:5:raw_process_pkt_hdrs	32	static
../wifi/wifidriver/wifi-sdio.c:175:6:process_pkt_hdrs	40	static
../wifi/wifidriver/wifi-sdio.c:209:5:bus_register_event_queue	8	static
../wifi/wifidriver/wifi-sdio.c:221:6:bus_deregister_event_queue	0	static
../wifi/wifidriver/wifi-sdio.c:229:5:bus_register_data_input_function	8	static
../wifi/wifidriver/wifi-sdio.c:243:6:bus_deregister_data_input_funtion	0	static
../wifi/wifidriver/wifi-sdio.c:251:13:wlan_handle_cmd_resp_packet	24	static
../wifi/wifidriver/wifi-sdio.c:342:20:wlan_decode_rx_packet	40	static
../wifi/wifidriver/wifi-sdio.c:401:7:get_ioport	0	static
../wifi/wifidriver/wifi-sdio.c:406:14:wlan_read_rcv_packet	48	static
../wifi/wifidriver/wifi-sdio.c:496:14:wlan_get_next_seq_num	0	static
../wifi/wifidriver/wifi-sdio.c:503:12:_wlan_set_cal_data	32	static
../wifi/wifidriver/wifi-sdio.c:531:12:_wlan_reconfigure_tx_buffers	32	static
../wifi/wifidriver/wifi-sdio.c:586:12:wlan_get_hw_spec	32	static
../wifi/wifidriver/wifi-sdio.c:608:12:wlan_get_mac_addr	32	static
../wifi/wifidriver/wifi-sdio.c:635:12:wlan_get_fw_ver_ext	40	static
../wifi/wifidriver/wifi-sdio.c:663:12:wlan_get_value1	32	static
../wifi/wifidriver/wifi-sdio.c:689:12:_wlan_set_mac_addr	32	static
../wifi/wifidriver/wifi-sdio.c:715:12:wlan_set_11n_cfg	32	static
../wifi/wifidriver/wifi-sdio.c:738:12:wlan_enable_amsdu	32	static
../wifi/wifidriver/wifi-sdio.c:763:12:wlan_cmd_shutdown	32	static
../wifi/wifidriver/wifi-sdio.c:787:12:wlan_set_mac_ctrl	32	static
../wifi/wifidriver/wifi-sdio.c:813:12:wlan_cmd_init	32	static
../wifi/wifidriver/wifi-sdio.c:866:13:wlan_fw_init_cfg	8	static
../wifi/wifidriver/wifi-sdio.c:1039:5:wlan_send_sdio_cmd	40	static
../wifi/wifidriver/wifi-sdio.c:1067:5:wifi_send_cmdbuffer	16	static
../wifi/wifidriver/wifi-sdio.c:1167:13:wlan_xmit_pkt	40	static
../wifi/wifidriver/wifi-sdio.c:1237:8:wlan_interrupt	40	static
../wifi/wifidriver/wifi-sdio.c:1520:13:wlan_get_rd_port	24	static
../wifi/wifidriver/wifi-sdio.c:1590:20:_handle_sdio_packet_read	56	static
../wifi/wifidriver/wifi-sdio.c:1661:13:handle_sdio_packet_read	56	static
../wifi/wifidriver/wifi-sdio.c:1736:13:wlan_process_int_status	24	static
../wifi/wifidriver/wifi-sdio.c:1863:6:handle_cdint	16	static
../wifi/wifidriver/wifi-sdio.c:1873:5:wifi_raw_packet_recv	40	static
../wifi/wifidriver/wifi-sdio.c:1958:5:wifi_raw_packet_send	40	static
../wifi/wifidriver/wifi-sdio.c:1988:13:sd_wifi_preinit	24	static
../wifi/wifidriver/wifi-sdio.c:2021:6:sd_wifi_postsdioinit	8	static
../wifi/wifidriver/wifi-sdio.c:2026:13:sd_wifi_post_fwload	24	static
../wifi/wifidriver/wifi-sdio.c:2063:13:sd_wifi_init	32	static
../wifi/wifidriver/wifi-sdio.c:2091:6:sd_wifi_deinit	8	static
../wifi/wifidriver/wifi-sdio.c:2106:21:wifi_get_command_buffer	0	static
../wifi/wifidriver/wifi-sdio.c:2115:6:set_ioport_inmlan	8	static
