E:\MCUXpressoIDE_24.9.25\88MW32X\rdmw320_r0_mw_lwip_httpsclient_ota\wifi\incl\port\os/wm_os.h:114:24:os_ticks_get	8	static
E:\MCUXpressoIDE_24.9.25\88MW32X\rdmw320_r0_mw_lwip_httpsclient_ota\wifi\incl\port\os/wm_os.h:317:24:os_msec_to_ticks	8	static
E:\MCUXpressoIDE_24.9.25\88MW32X\rdmw320_r0_mw_lwip_httpsclient_ota\wifi\incl\port\os/wm_os.h:331:29:os_ticks_to_msec	8	static
E:\MCUXpressoIDE_24.9.25\88MW32X\rdmw320_r0_mw_lwip_httpsclient_ota\wifi\incl\port\os/wm_os.h:495:19:os_queue_recv	32	static
E:\MCUXpressoIDE_24.9.25\88MW32X\rdmw320_r0_mw_lwip_httpsclient_ota\wifi\incl\port\os/wm_os.h:536:19:os_queue_get_msgs_waiting	24	static
../wifi/wps/wps_os.c:88:13:wps_main_loop_free	16	static
../wifi/wps/wps_os.c:252:5:wps_loop_init	16	static
../wifi/wps/wps_os.c:288:6:wps_intf_deinit	16	static
../wifi/wps/wps_os.c:309:6:wps_loop_deinit	16	static
../wifi/wps/wps_os.c:329:6:wps_main_loop_shutdown	0	static
../wifi/wps/wps_os.c:341:6:wps_main_loop_enable	0	static
../wifi/wps/wps_os.c:353:6:is_wps_main_loop_running	0	static
../wifi/wps/wps_os.c:372:5:wps_start_timer	72	static
../wifi/wps/wps_os.c:435:5:wps_cancel_timer	32	static
../wifi/wps/wps_os.c:472:6:wps_main_loop_proc	96	static
