../utilities/fsl_debug_console.c:353:10:DbgConsole_ReadOneCharacter	8	static
../utilities/fsl_debug_console.c:424:5:DbgConsole_SendData	8	static
../utilities/fsl_debug_console.c:491:5:DbgConsole_SendDataReliable	8	static
../utilities/fsl_debug_console.c:664:13:DbgConsole_PrintCallback	32	static
../utilities/fsl_debug_console.c:571:5:DbgConsole_ReadLine	24	static
../utilities/fsl_debug_console.c:631:5:DbgConsole_ReadCharacter	8	static
../utilities/fsl_debug_console.c:706:10:DbgConsole_Init	40	static
../utilities/fsl_debug_console.c:852:10:DbgConsole_EnterLowpower	8	static
../utilities/fsl_debug_console.c:863:10:DbgConsole_ExitLowpower	8	static
../utilities/fsl_debug_console.c:874:10:DbgConsole_Deinit	8	static
../utilities/fsl_debug_console.c:911:40:DbgConsole_Flush	0	static
../utilities/fsl_debug_console.c:950:5:DbgConsole_Printf	144	static
../utilities/fsl_debug_console.c:970:5:DbgConsole_Putchar	16	static
../utilities/fsl_debug_console.c:977:5:DbgConsole_Scanf	48	static
../utilities/fsl_debug_console.c:995:5:DbgConsole_BlockingPrintf	144	static
../utilities/fsl_debug_console.c:1063:5:DbgConsole_Getchar	16	static
