E:\MCUXpressoIDE_24.9.25\88MW32X\rdmw320_r0_mw_lwip_httpsclient_ota\wifi\incl\port\os/wm_os.h:317:24:os_msec_to_ticks	8	static
E:\MCUXpressoIDE_24.9.25\88MW32X\rdmw320_r0_mw_lwip_httpsclient_ota\wifi\incl\port\os/wm_os.h:1478:19:os_timer_deactivate	32	static
../wifi/port/lwip/net.c:105:13:netif_ext_status_callback	32	static
../wifi/port/lwip/net.c:163:5:net_dhcp_hostname_set	8	static
../wifi/port/lwip/net.c:169:6:net_ipv4stack_init	8	static
../wifi/port/lwip/net.c:200:5:net_wlan_init	32	static
../wifi/port/lwip/net.c:255:13:wm_netif_status_callback	24	static
../wifi/port/lwip/net.c:329:6:net_stop_dhcp_timer	8	static
../wifi/port/lwip/net.c:334:13:stop_cb	24	static
../wifi/port/lwip/net.c:343:13:dhcp_timer_cb	16	static
../wifi/port/lwip/net.c:349:12:check_iface_mask	24	static
../wifi/port/lwip/net.c:364:7:net_ip_to_interface	24	static
../wifi/port/lwip/net.c:390:7:net_sock_to_interface	48	static
../wifi/port/lwip/net.c:406:7:net_get_sta_handle	0	static
../wifi/port/lwip/net.c:411:7:net_get_uap_handle	0	static
../wifi/port/lwip/net.c:416:6:net_interface_up	24	static
../wifi/port/lwip/net.c:422:6:net_interface_down	24	static
../wifi/port/lwip/net.c:428:6:net_interface_dhcp_stop	24	static
../wifi/port/lwip/net.c:435:5:net_configure_address	24	static
../wifi/port/lwip/net.c:531:5:net_get_if_addr	24	static
../wifi/port/lwip/net.c:579:5:net_get_if_ip_addr	16	static
../wifi/port/lwip/net.c:587:5:net_get_if_ip_mask	16	static
../wifi/port/lwip/net.c:595:6:net_configure_dns	24	static
../wifi/port/lwip/net.c:622:6:net_stat	8	static
