../lwip/src/api/sockets.c:518:1:get_socket	0	static
../lwip/src/api/sockets.c:2897:1:lwip_sockopt_to_ipopt	8	static
../lwip/src/api/sockets.c:540:1:alloc_socket	32	static
../lwip/src/api/sockets.c:2231:1:lwip_pollscan	64	static
../lwip/src/api/sockets.c:1809:1:lwip_link_select_cb	8	static
../lwip/src/api/sockets.c:1833:1:lwip_unlink_select_cb	16	static
../lwip/src/api/sockets.c:1873:1:lwip_selscan	72	static
../lwip/src/api/sockets.c:2738:1:lwip_getaddrname	80	static
../lwip/src/api/sockets.c:958:1:lwip_recv_tcp	48	static
../lwip/src/api/sockets.c:2515:1:event_callback	32	static
../lwip/src/api/sockets.c:345:1:sockaddr_to_ipaddr_port	16	static
../lwip/src/api/sockets.c:1061:1:lwip_sock_make_addr.isra	56	static
../lwip/src/api/sockets.c:1126:1:lwip_recvfrom_udp_raw.constprop	56	static
../lwip/src/api/sockets.c:633:1:free_socket	24	static
../lwip/src/api/sockets.c:359:1:lwip_socket_thread_init	0	static
../lwip/src/api/sockets.c:366:1:lwip_socket_thread_cleanup	0	static
../lwip/src/api/sockets.c:461:1:lwip_socket_dbg_get_socket	0	static
../lwip/src/api/sockets.c:659:1:accept	88	static
../lwip/src/api/sockets.c:756:1:bind	48	static
../lwip/src/api/sockets.c:810:1:close	80	static
../lwip/src/api/sockets.c:851:1:connect	48	static
../lwip/src/api/sockets.c:919:1:listen	16	static
../lwip/src/api/sockets.c:1237:1:recvfrom	80	static
../lwip/src/api/sockets.c:1290:1:read	16	static
../lwip/src/api/sockets.c:1313:1:recv	16	static
../lwip/src/api/sockets.c:1319:1:recvmsg	40	static
../lwip/src/api/sockets.c:1296:1:readv	40	static
../lwip/src/api/sockets.c:1460:1:sendmsg	72	static
../lwip/src/api/sockets.c:1623:1:sendto	72	static
../lwip/src/api/sockets.c:1420:1:send	32	static
../lwip/src/api/sockets.c:1723:1:socket	8	static
../lwip/src/api/sockets.c:1784:1:write	0	static
../lwip/src/api/sockets.c:1790:1:writev	40	static
../lwip/src/api/sockets.c:2002:1:select	112	static
../lwip/src/api/sockets.c:2357:1:poll	64	static
../lwip/src/api/sockets.c:2693:1:shutdown	8	static
../lwip/src/api/sockets.c:2785:1:getpeername	0	static
../lwip/src/api/sockets.c:2791:1:getsockname	0	static
../lwip/src/api/sockets.c:2797:1:getsockopt	32	static
../lwip/src/api/sockets.c:3251:1:setsockopt	56	static
../lwip/src/api/sockets.c:3802:1:ioctl	8	static
../lwip/src/api/sockets.c:3910:1:lwip_fcntl	16	static
../lwip/src/api/sockets.c:3980:1:fcntl	12	static
../lwip/src/api/sockets.c:3993:1:inet_ntop	8	static
../lwip/src/api/sockets.c:4026:1:inet_pton	40	static
