../lwip/src/core/ipv6/nd6.c:1428:1:nd6_find_neighbor_cache_entry	12	static
../lwip/src/core/ipv6/nd6.c:1587:1:nd6_find_destination_cache_entry	12	static
../lwip/src/core/ipv6/nd6.c:2191:1:nd6_free_q	24	static
../lwip/src/core/ipv6/nd6.c:1281:1:nd6_send_na	56	static
../lwip/src/core/ipv6/nd6.c:1356:1:nd6_send_rs	56	static
../lwip/src/core/ipv6/nd6.c:1196:1:nd6_send_ns	56	static
../lwip/src/core/ipv6/nd6.c:2213:1:nd6_send_q.part.0	48	static
../lwip/src/core/ipv6/nd6.c:162:1:nd6_duplicate_addr_detected	16	static
../lwip/src/core/ipv6/nd6.c:1556:1:nd6_free_neighbor_cache_entry	24	static
../lwip/src/core/ipv6/nd6.c:1449:1:nd6_new_neighbor_cache_entry	16	static
../lwip/src/core/ipv6/nd6.c:1697:1:nd6_select_router.isra	16	static
../lwip/src/core/ipv6/nd6.c:302:1:nd6_input	104	static
../lwip/src/core/ipv6/nd6.c:974:1:nd6_tmr	48	static
../lwip/src/core/ipv6/nd6.c:1640:1:nd6_clear_destination_cache	0	static
../lwip/src/core/ipv6/nd6.c:1769:1:nd6_find_route	16	static
../lwip/src/core/ipv6/nd6.c:2285:1:nd6_get_next_hop_addr_or_queue	56	static
../lwip/src/core/ipv6/nd6.c:2326:1:nd6_get_destination_mtu	8	static
../lwip/src/core/ipv6/nd6.c:2356:1:nd6_reachability_hint	24	static
../lwip/src/core/ipv6/nd6.c:2402:1:nd6_cleanup_netif	24	static
../lwip/src/core/ipv6/nd6.c:2439:1:nd6_adjust_mld_membership	4	static
../lwip/src/core/ipv6/nd6.c:2466:1:nd6_restart_netif	0	static
