E:\MCUXpressoIDE_24.9.25\88MW32X\rdmw320_r0_mw_lwip_httpssrv_ota\drivers/fsl_common.h:830:28:DisableGlobalIRQ	8	static
E:\MCUXpressoIDE_24.9.25\88MW32X\rdmw320_r0_mw_lwip_httpssrv_ota\drivers/fsl_common.h:861:24:EnableGlobalIRQ	16	static
E:\MCUXpressoIDE_24.9.25\88MW32X\rdmw320_r0_mw_lwip_httpssrv_ota\drivers/fsl_qspi.h:379:20:QSPI_SetDatePin	16	static
E:\MCUXpressoIDE_24.9.25\88MW32X\rdmw320_r0_mw_lwip_httpssrv_ota\drivers/fsl_qspi.h:393:20:QSPI_SetAddressPin	16	static
E:\MCUXpressoIDE_24.9.25\88MW32X\rdmw320_r0_mw_lwip_httpssrv_ota\drivers/fsl_qspi.h:429:20:QSPI_SetAddressCnt	16	static
E:\MCUXpressoIDE_24.9.25\88MW32X\rdmw320_r0_mw_lwip_httpssrv_ota\drivers/fsl_qspi.h:443:20:QSPI_SetReadModeCnt	16	static
E:\MCUXpressoIDE_24.9.25\88MW32X\rdmw320_r0_mw_lwip_httpssrv_ota\drivers/fsl_qspi.h:457:20:QSPI_SetDummyCnt	16	static
E:\MCUXpressoIDE_24.9.25\88MW32X\rdmw320_r0_mw_lwip_httpssrv_ota\drivers/fsl_qspi.h:471:20:QSPI_SetInstruction	8	static
E:\MCUXpressoIDE_24.9.25\88MW32X\rdmw320_r0_mw_lwip_httpssrv_ota\drivers/fsl_qspi.h:482:20:QSPI_SetAddress	8	static
E:\MCUXpressoIDE_24.9.25\88MW32X\rdmw320_r0_mw_lwip_httpssrv_ota\drivers/fsl_qspi.h:493:20:QSPI_SetReadMode	8	static
E:\MCUXpressoIDE_24.9.25\88MW32X\rdmw320_r0_mw_lwip_httpssrv_ota\drivers/fsl_qspi.h:504:20:QSPI_SetDataInCnt	8	static
E:\MCUXpressoIDE_24.9.25\88MW32X\rdmw320_r0_mw_lwip_httpssrv_ota\drivers/fsl_qspi.h:515:20:QSPI_UpdateTansferLength	16	static
../flash/mflash/mw320/mflash_drv.c:154:16:QSPI_GetFlashSupportedReadMode	24	static
../flash/mflash/mw320/mflash_drv.c:203:17:FLASH_CheckWriteEnableLatch	24	static
../flash/mflash/mw320/mflash_drv.c:219:13:FLASH_WriteEnable	24	static
../flash/mflash/mw320/mflash_drv.c:256:13:FLASH_WriteEnableVolatileStatusReg	24	static
../flash/mflash/mw320/mflash_drv.c:285:13:FLASH_ResetFastReadDual	24	static
../flash/mflash/mw320/mflash_drv.c:323:13:FLASH_ResetFastReadQuad	24	static
../flash/mflash/mw320/mflash_drv.c:361:16:FLASH_GetStatusReg	24	static
../flash/mflash/mw320/mflash_drv.c:411:17:FLASH_WriteStatusReg	24	static
../flash/mflash/mw320/mflash_drv.c:511:13:FLASH_GetBusyStatus	24	static
../flash/mflash/mw320/mflash_drv.c:553:17:FLASH_SectorErase	32	static
../flash/mflash/mw320/mflash_drv.c:610:17:FLASH_Block32KErase	32	static
../flash/mflash/mw320/mflash_drv.c:667:17:FLASH_Block64KErase	32	static
../flash/mflash/mw320/mflash_drv.c:724:17:FLASH_Erase	48	static
../flash/mflash/mw320/mflash_drv.c:783:10:FLASH_Read	48	static
../flash/mflash/mw320/mflash_drv.c:961:17:FLASH_PageProgram	48	static
../flash/mflash/mw320/mflash_drv.c:1078:17:FLASH_Program	64	static
../flash/mflash/mw320/mflash_drv.c:1150:17:FLASH_GetJEDECID	24	static
../flash/mflash/mw320/mflash_drv.c:1197:40:FLASH_GetConfigFromJedecID	16	static
../flash/mflash/mw320/mflash_drv.c:1212:17:FLASH_SetConfig	24	static
../flash/mflash/mw320/mflash_drv.c:1228:33:FLASH_GetConfig	0	static
../flash/mflash/mw320/mflash_drv.c:1233:13:FLASH_Init	32	static
../flash/mflash/mw320/mflash_drv.c:1243:17:FLASH_EnableQSPI	8	static
../flash/mflash/mw320/mflash_drv.c:1248:13:FLASH_EnableFlashC	8	static
../flash/mflash/mw320/mflash_drv.c:1256:9:mflash_drv_init	24	static
../flash/mflash/mw320/mflash_drv.c:1316:9:mflash_drv_sector_erase	24	static
../flash/mflash/mw320/mflash_drv.c:1342:9:mflash_drv_page_program	32	static
../flash/mflash/mw320/mflash_drv.c:1365:9:mflash_drv_read	40	static
../flash/mflash/mw320/mflash_drv.c:1398:9:mflash_drv_write	40	static
../flash/mflash/mw320/mflash_drv.c:1421:9:mflash_drv_erase	24	static
../flash/mflash/mw320/mflash_drv.c:1441:7:mflash_drv_phys2log	16	static
../flash/mflash/mw320/mflash_drv.c:1448:10:mflash_drv_log2phys	8	static
