../wifi/port/lwip/net.c:255:13:wm_netif_status_callback	8	static
../wifi/port/lwip/net.c:343:13:dhcp_timer_cb	8	static
../wifi/port/lwip/net.c:334:13:stop_cb	8	static
../wifi/port/lwip/net.c:105:13:netif_ext_status_callback	0	static
../wifi/port/lwip/net.c:130:7:ipv6_addr_state_to_desc	0	static
../wifi/port/lwip/net.c:144:7:ipv6_addr_type_to_desc	32	static
../wifi/port/lwip/net.c:163:5:net_dhcp_hostname_set	0	static
../wifi/port/lwip/net.c:169:6:net_ipv4stack_init	8	static
../wifi/port/lwip/net.c:185:6:net_ipv6stack_init	0	static
../wifi/port/lwip/net.c:200:5:net_wlan_init	40	static
../wifi/port/lwip/net.c:329:6:net_stop_dhcp_timer	24	static
../wifi/port/lwip/net.c:364:7:net_ip_to_interface	0	static
../wifi/port/lwip/net.c:390:7:net_sock_to_interface	32	static
../wifi/port/lwip/net.c:406:7:net_get_sta_handle	0	static
../wifi/port/lwip/net.c:411:7:net_get_uap_handle	0	static
../wifi/port/lwip/net.c:416:6:net_interface_up	0	static
../wifi/port/lwip/net.c:422:6:net_interface_down	0	static
../wifi/port/lwip/net.c:428:6:net_interface_dhcp_stop	0	static
../wifi/port/lwip/net.c:435:5:net_configure_address	56	static
../wifi/port/lwip/net.c:531:5:net_get_if_addr	8	static
../wifi/port/lwip/net.c:549:5:net_get_if_ipv6_addr	24	static
../wifi/port/lwip/net.c:563:5:net_get_if_ipv6_pref_addr	24	static
../wifi/port/lwip/net.c:579:5:net_get_if_ip_addr	0	static
../wifi/port/lwip/net.c:587:5:net_get_if_ip_mask	0	static
../wifi/port/lwip/net.c:595:6:net_configure_dns	16	static
../wifi/port/lwip/net.c:622:6:net_stat	0	static
