../startup/startup_88mw320.c:340:6:data_init	4	static
../startup/startup_88mw320.c:349:6:bss_init	0	static
../startup/startup_88mw320.c:374:6:ResetISR	8	static
../startup/startup_88mw320.c:482:14:NMI_Handler	0	static
../startup/startup_88mw320.c:486:14:HardFault_Handler	0	static
../startup/startup_88mw320.c:490:14:MemManage_Handler	0	static
../startup/startup_88mw320.c:494:14:BusFault_Handler	0	static
../startup/startup_88mw320.c:498:14:UsageFault_Handler	0	static
../startup/startup_88mw320.c:502:14:SVC_Handler	0	static
../startup/startup_88mw320.c:506:14:DebugMon_Handler	0	static
../startup/startup_88mw320.c:510:14:PendSV_Handler	0	static
../startup/startup_88mw320.c:514:14:SysTick_Handler	0	static
../startup/startup_88mw320.c:522:14:IntDefaultHandler	0	static
../startup/startup_88mw320.c:532:11:EXTPIN0_IRQHandler	8	static
../startup/startup_88mw320.c:536:11:EXTPIN1_IRQHandler	8	static
../startup/startup_88mw320.c:540:11:RTC_IRQHandler	8	static
../startup/startup_88mw320.c:544:11:CRC_IRQHandler	8	static
../startup/startup_88mw320.c:548:11:AES_IRQHandler	8	static
../startup/startup_88mw320.c:552:11:I2C0_IRQHandler	8	static
../startup/startup_88mw320.c:556:11:I2C1_IRQHandler	8	static
../startup/startup_88mw320.c:560:11:Reserved23_IRQHandler	8	static
../startup/startup_88mw320.c:564:11:DMAC_IRQHandler	8	static
../startup/startup_88mw320.c:568:11:GPIO_IRQHandler	8	static
../startup/startup_88mw320.c:572:11:SSP0_IRQHandler	8	static
../startup/startup_88mw320.c:576:11:SSP1_IRQHandler	8	static
../startup/startup_88mw320.c:580:11:SSP2_IRQHandler	8	static
../startup/startup_88mw320.c:584:11:QSPI_IRQHandler	8	static
../startup/startup_88mw320.c:588:11:GPT0_IRQHandler	8	static
../startup/startup_88mw320.c:592:11:GPT1_IRQHandler	8	static
../startup/startup_88mw320.c:596:11:GPT2_IRQHandler	8	static
../startup/startup_88mw320.c:600:11:GPT3_IRQHandler	8	static
../startup/startup_88mw320.c:604:11:UART0_IRQHandler	8	static
../startup/startup_88mw320.c:608:11:UART1_IRQHandler	8	static
../startup/startup_88mw320.c:612:11:UART2_IRQHandler	8	static
../startup/startup_88mw320.c:616:11:Reserved37_IRQHandler	8	static
../startup/startup_88mw320.c:620:11:WDT_IRQHandler	8	static
../startup/startup_88mw320.c:624:11:Reserved39_IRQHandler	8	static
../startup/startup_88mw320.c:628:11:ADC0_IRQHandler	8	static
../startup/startup_88mw320.c:632:11:DAC_IRQHandler	8	static
../startup/startup_88mw320.c:636:11:ACOMP_WAKEUP_IRQHandler	8	static
../startup/startup_88mw320.c:640:11:ACOMP_IRQHandler	8	static
../startup/startup_88mw320.c:644:11:SDIO_IRQHandler	8	static
../startup/startup_88mw320.c:648:11:USB_IRQHandler	8	static
../startup/startup_88mw320.c:652:11:Reserved46_IRQHandler	8	static
../startup/startup_88mw320.c:656:11:PLL_IRQHandler	8	static
../startup/startup_88mw320.c:660:11:Reserved48_IRQHandler	8	static
../startup/startup_88mw320.c:664:11:RC32M_IRQHandler	8	static
../startup/startup_88mw320.c:668:11:GPIO_0_1_IRQHandler	8	static
../startup/startup_88mw320.c:672:11:GPIO_2_3_IRQHandler	8	static
../startup/startup_88mw320.c:676:11:GPIO_4_5_IRQHandler	8	static
../startup/startup_88mw320.c:680:11:GPIO_6_7_IRQHandler	8	static
../startup/startup_88mw320.c:684:11:GPIO_8_9_IRQHandler	8	static
../startup/startup_88mw320.c:688:11:GPIO_10_11_IRQHandler	8	static
../startup/startup_88mw320.c:692:11:GPIO_12_13_IRQHandler	8	static
../startup/startup_88mw320.c:696:11:GPIO_14_15_IRQHandler	8	static
../startup/startup_88mw320.c:700:11:GPIO_16_17_IRQHandler	8	static
../startup/startup_88mw320.c:704:11:GPIO_18_19_IRQHandler	8	static
../startup/startup_88mw320.c:708:11:GPIO_20_21_IRQHandler	8	static
../startup/startup_88mw320.c:712:11:GPIO_22_23_IRQHandler	8	static
../startup/startup_88mw320.c:716:11:GPIO_24_25_IRQHandler	8	static
../startup/startup_88mw320.c:720:11:GPIO_26_27_IRQHandler	8	static
../startup/startup_88mw320.c:724:11:GPIO_28_29_IRQHandler	8	static
../startup/startup_88mw320.c:728:11:GPIO_30_31_IRQHandler	8	static
../startup/startup_88mw320.c:732:11:GPIO_32_33_IRQHandler	8	static
../startup/startup_88mw320.c:736:11:GPIO_34_35_IRQHandler	8	static
../startup/startup_88mw320.c:740:11:GPIO_36_37_IRQHandler	8	static
../startup/startup_88mw320.c:744:11:GPIO_38_39_IRQHandler	8	static
../startup/startup_88mw320.c:748:11:GPIO_40_41_IRQHandler	8	static
../startup/startup_88mw320.c:752:11:GPIO_42_43_IRQHandler	8	static
../startup/startup_88mw320.c:756:11:GPIO_44_45_IRQHandler	8	static
../startup/startup_88mw320.c:760:11:GPIO_46_47_IRQHandler	8	static
../startup/startup_88mw320.c:764:11:GPIO_48_49_IRQHandler	8	static
../startup/startup_88mw320.c:768:11:Reserved75_IRQHandler	8	static
../startup/startup_88mw320.c:772:11:PMU_IRQHandler	8	static
../startup/startup_88mw320.c:776:11:BRNOUT_IRQHandler	8	static
../startup/startup_88mw320.c:780:11:WIFIWKUP_IRQHandler	8	static
